<html>
<body>
<pre>
<h1>µVision Build Log</h1>
<h2>Tool Versions:</h2>
IDE-Version: µVision V5.20.0.0
Copyright (C) 2016 ARM Ltd and ARM Germany GmbH. All rights reserved.
License Information: Engineering Workstations UIUC Flex license: MDK-ARM Professional: 100 user(s) (mdk_pro) Operation stops: 15 Dec 2017
 
Tool Versions:
Toolchain:       MDK-ARM Professional: 100 user(s)  Version: 5.20
Toolchain Path:  C:\Keil_v5\ARM\ARMCC\Bin
C Compiler:      Armcc.exe V5.06 update 2 (build 183)
Assembler:       Armasm.exe V5.06 update 2 (build 183)
Linker/Locator:  ArmLink.exe V5.06 update 2 (build 183)
Library Manager: ArmAr.exe V5.06 update 2 (build 183)
Hex Converter:   FromElf.exe V5.06 update 2 (build 183)
CPU DLL:         SARMCM3.DLL V5.20
Dialog DLL:      DARMP1.DLL V1.26.0.0
Target DLL:      UL2CM3.DLL V1.157.18.0
Dialog DLL:      TARMP1.DLL V1.25.0.0
 
<h2>Project:</h2>
C:\ece395\test_proj\test_proj.uvproj
Project File Date:  04/04/2017

<h2>Output:</h2>
*** Using Compiler 'V5.06 update 2 (build 183)', folder: 'C:\Keil_v5\ARM\ARMCC\Bin'
Build target 'Target 1'
compiling main.c...
main.c(102): warning:  #111-D: statement is unreachable
  	return 0;
main.c: 1 warning, 0 errors
linking...
Program Size: Code=6584 RO-data=328 RW-data=136 ZI-data=736  
".\Objects\test_proj.axf" - 0 Error(s), 1 Warning(s).
Build Time Elapsed:  00:00:01
</pre>
</body>
</html>
