Component: ARM Compiler 5.06 update 2 (build 183) Tool: armlink [4d35b7]

==============================================================================

Section Cross References

    system_lpc11xx.o(i.SystemCoreClockUpdate) refers to system_lpc11xx.o(i.__ARM_common_switch8) for __ARM_common_switch8
    system_lpc11xx.o(i.SystemCoreClockUpdate) refers to aeabi_sdiv.o(.text) for __aeabi_uidivmod
    system_lpc11xx.o(i.SystemCoreClockUpdate) refers to system_lpc11xx.o(.data) for SystemCoreClock
    startup_lpc11xx.o(STACK) refers (Special) to heapauxi.o(.text) for __use_two_region_memory
    startup_lpc11xx.o(HEAP) refers (Special) to heapauxi.o(.text) for __use_two_region_memory
    startup_lpc11xx.o(RESET) refers (Special) to heapauxi.o(.text) for __use_two_region_memory
    startup_lpc11xx.o(RESET) refers to startup_lpc11xx.o(STACK) for __initial_sp
    startup_lpc11xx.o(RESET) refers to startup_lpc11xx.o(.text) for Reset_Handler
    startup_lpc11xx.o(RESET) refers to i2c.o(i.I2C_IRQHandler) for I2C_IRQHandler
    startup_lpc11xx.o(RESET) refers to timer32.o(i.TIMER32_0_IRQHandler) for TIMER32_0_IRQHandler
    startup_lpc11xx.o(RESET) refers to timer32.o(i.TIMER32_1_IRQHandler) for TIMER32_1_IRQHandler
    startup_lpc11xx.o(RESET) refers to main.o(i.PIOINT1_IRQHandler) for PIOINT1_IRQHandler
    startup_lpc11xx.o(.ARM.__at_0x02FC) refers (Special) to heapauxi.o(.text) for __use_two_region_memory
    startup_lpc11xx.o(.text) refers (Special) to heapauxi.o(.text) for __use_two_region_memory
    startup_lpc11xx.o(.text) refers to system_lpc11xx.o(i.SystemInit) for SystemInit
    startup_lpc11xx.o(.text) refers to __main.o(!!!main) for __main
    startup_lpc11xx.o(.text) refers to startup_lpc11xx.o(HEAP) for Heap_Mem
    startup_lpc11xx.o(.text) refers to startup_lpc11xx.o(STACK) for Stack_Mem
    main.o(i.PIOINT1_IRQHandler) refers to main.o(.data) for int_data_ready
    main.o(i.main) refers to serial.o(i.SER_init) for SER_init
    main.o(i.main) refers to main.o(i.configureGPIO) for configureGPIO
    main.o(i.main) refers to i2c.o(i.I2CInit) for I2CInit
    main.o(i.main) refers to aeabi_sdiv.o(.text) for __aeabi_uidivmod
    main.o(i.main) refers to timer32.o(i.init_timer32) for init_timer32
    main.o(i.main) refers to timer32.o(i.enable_timer32) for enable_timer32
    main.o(i.main) refers to timer32.o(i.delay32Ms) for delay32Ms
    main.o(i.main) refers to main.o(i.setup_MPU_6050) for setup_MPU_6050
    main.o(i.main) refers to noretval__2printf.o(.text) for __2printf
    main.o(i.main) refers to system_lpc11xx.o(.data) for SystemCoreClock
    main.o(i.main) refers to main.o(.data) for int_data_ready
    main.o(i.setup_MPU_6050) refers to _printf_percent.o(.ARM.Collect$$_printf_percent$$00000000) for _printf_percent
    main.o(i.setup_MPU_6050) refers to _printf_d.o(.ARM.Collect$$_printf_percent$$00000009) for _printf_d
    main.o(i.setup_MPU_6050) refers to _printf_dec.o(.text) for _printf_int_dec
    main.o(i.setup_MPU_6050) refers to noretval__2printf.o(.text) for __2printf
    main.o(i.setup_MPU_6050) refers to inv_mpu.o(i.mpu_init) for mpu_init
    main.o(i.setup_MPU_6050) refers to inv_mpu.o(i.mpu_set_sensors) for mpu_set_sensors
    main.o(i.setup_MPU_6050) refers to inv_mpu.o(i.mpu_configure_fifo) for mpu_configure_fifo
    main.o(i.setup_MPU_6050) refers to inv_mpu.o(i.mpu_set_sample_rate) for mpu_set_sample_rate
    main.o(i.setup_MPU_6050) refers to inv_mpu.o(i.mpu_get_sample_rate) for mpu_get_sample_rate
    main.o(i.setup_MPU_6050) refers to inv_mpu.o(i.mpu_get_gyro_fsr) for mpu_get_gyro_fsr
    main.o(i.setup_MPU_6050) refers to inv_mpu.o(i.mpu_get_accel_fsr) for mpu_get_accel_fsr
    main.o(i.setup_MPU_6050) refers to inv_mpu.o(i.mpu_get_gyro_sens) for mpu_get_gyro_sens
    main.o(i.setup_MPU_6050) refers to inv_mpu.o(i.mpu_get_accel_sens) for mpu_get_accel_sens
    main.o(i.setup_MPU_6050) refers to main.o(.data) for gyro_rate
    i2c.o(i.I2CEngine) refers to i2c.o(.data) for RdIndex
    i2c.o(i.I2CStart) refers to i2c.o(.data) for I2CMasterState
    i2c.o(i.I2C_IRQHandler) refers to system_lpc11xx.o(i.__ARM_common_switch8) for __ARM_common_switch8
    i2c.o(i.I2C_IRQHandler) refers to i2c.o(.data) for timeout
    i2c.o(i.I2C_IRQHandler) refers to i2c.o(.bss) for I2CMasterBuffer
    inv_mpu.o(i.accel_self_test) refers to inv_mpu.o(i.get_accel_prod_shift) for get_accel_prod_shift
    inv_mpu.o(i.accel_self_test) refers to fflti.o(.text) for __aeabi_i2f
    inv_mpu.o(i.accel_self_test) refers to fdiv.o(.text) for __aeabi_fdiv
    inv_mpu.o(i.accel_self_test) refers to feqf.o(x$fpl$feqf) for __aeabi_cfcmpeq
    inv_mpu.o(i.accel_self_test) refers to faddsub.o(x$fpl$fsub) for __aeabi_fsub
    inv_mpu.o(i.accel_self_test) refers to f2d.o(.text) for __aeabi_f2d
    inv_mpu.o(i.accel_self_test) refers to drlef.o(x$fpl$drleqf) for __aeabi_cdrcmple
    inv_mpu.o(i.accel_self_test) refers to flef.o(x$fpl$fleqf) for __aeabi_cfcmple
[...]
    inv_mpu_dmp_motion_driver.o(i.dmp_set_tap_thresh) refers to fmul.o(x$fpl$fmul) for __aeabi_fmul
    inv_mpu_dmp_motion_driver.o(i.dmp_set_tap_thresh) refers to ffixui.o(.text) for __aeabi_f2uiz
    inv_mpu_dmp_motion_driver.o(i.dmp_set_tap_thresh) refers to inv_mpu.o(i.mpu_write_mem) for mpu_write_mem
    inv_mpu_dmp_motion_driver.o(i.dmp_set_tap_time) refers to aeabi_sdiv.o(.text) for __aeabi_idivmod
    inv_mpu_dmp_motion_driver.o(i.dmp_set_tap_time) refers to inv_mpu.o(i.mpu_write_mem) for mpu_write_mem
    inv_mpu_dmp_motion_driver.o(i.dmp_set_tap_time_multi) refers to aeabi_sdiv.o(.text) for __aeabi_idivmod
    inv_mpu_dmp_motion_driver.o(i.dmp_set_tap_time_multi) refers to inv_mpu.o(i.mpu_write_mem) for mpu_write_mem
    m0_mpu_6050.o(i.delay_ms) refers to timer32.o(i.delay32Ms) for delay32Ms
    m0_mpu_6050.o(i.get_ms) refers to timer32.o(i.read_timer32) for read_timer32
    m0_mpu_6050.o(i.i2c_clear_buffers) refers to i2c.o(.bss) for I2CMasterBuffer
    m0_mpu_6050.o(i.i2c_read) refers to m0_mpu_6050.o(i.i2c_clear_buffers) for i2c_clear_buffers
    m0_mpu_6050.o(i.i2c_read) refers to i2c.o(i.I2CEngine) for I2CEngine
    m0_mpu_6050.o(i.i2c_read) refers to i2c.o(.data) for I2CWriteLength
    m0_mpu_6050.o(i.i2c_read) refers to i2c.o(.bss) for I2CMasterBuffer
    m0_mpu_6050.o(i.i2c_write) refers to m0_mpu_6050.o(i.i2c_clear_buffers) for i2c_clear_buffers
    m0_mpu_6050.o(i.i2c_write) refers to i2c.o(i.I2CEngine) for I2CEngine
    m0_mpu_6050.o(i.i2c_write) refers to i2c.o(.data) for I2CWriteLength
    m0_mpu_6050.o(i.i2c_write) refers to i2c.o(.bss) for I2CMasterBuffer
    m0_mpu_6050.o(i.reg_int_cb) refers to noretval__2printf.o(.text) for __2printf
    timer32.o(i.TIMER32_0_IRQHandler) refers to timer32.o(.data) for timer32_0_counter
    timer32.o(i.TIMER32_1_IRQHandler) refers to timer32.o(.data) for timer32_1_counter
    timer32.o(i.delay32Ms) refers to timer32.o(i.init_timer32) for init_timer32
    timer32.o(i.delay32Ms) refers to timer32.o(i.reset_timer32) for reset_timer32
    timer32.o(i.delay32Us) refers to timer32.o(i.init_timer32) for init_timer32
    timer32.o(i.delay32Us) refers to timer32.o(i.reset_timer32) for reset_timer32
    timer32.o(i.init_timer32) refers to timer32.o(i.reset_timer32) for reset_timer32
    timer32.o(i.init_timer32PWM) refers to timer32.o(i.disable_timer32) for disable_timer32
    timer32.o(i.init_timer32PWM) refers to timer32.o(.data) for timer32_1_period
    retarget.o(i._sys_exit) refers (Special) to use_no_semi.o(.text) for __use_no_semihosting_swi
    retarget.o(i._ttywrch) refers (Special) to use_no_semi.o(.text) for __use_no_semihosting_swi
    retarget.o(i._ttywrch) refers to serial.o(i.sendchar) for sendchar
    retarget.o(i.ferror) refers (Special) to use_no_semi.o(.text) for __use_no_semihosting_swi
    retarget.o(i.fgetc) refers (Special) to use_no_semi.o(.text) for __use_no_semihosting_swi
    retarget.o(i.fgetc) refers to serial.o(i.getkey) for getkey
    retarget.o(i.fputc) refers (Special) to use_no_semi.o(.text) for __use_no_semihosting_swi
    retarget.o(i.fputc) refers to serial.o(i.sendchar) for sendchar
    retarget.o(.data) refers (Special) to use_no_semi.o(.text) for __use_no_semihosting_swi
    llsdiv.o(.text) refers to lludiv.o(.text) for __aeabi_uldivmod
    __2printf.o(.text) refers to _printf_char_file.o(.text) for _printf_char_file
    __2printf.o(.text) refers to retarget.o(.data) for __stdout
    noretval__2printf.o(.text) refers to _printf_char_file.o(.text) for _printf_char_file
    noretval__2printf.o(.text) refers to retarget.o(.data) for __stdout
    __printf.o(.text) refers to _printf_percent.o(.ARM.Collect$$_printf_percent$$00000000) for _printf_percent
    _printf_dec.o(.text) refers to rtudiv10.o(.text) for __rt_udiv10
    _printf_dec.o(.text) refers to _printf_intcommon.o(.text) for _printf_int_common
    _printf_hex_ll.o(.text) refers to _printf_intcommon.o(.text) for _printf_int_common
    _printf_hex_ll.o(.text) refers to _printf_hex_ll.o(.constdata) for .constdata
    _printf_hex_int.o(.text) refers to _printf_intcommon.o(.text) for _printf_int_common
    _printf_hex_int.o(.text) refers to _printf_hex_int.o(.constdata) for .constdata
    _printf_hex_int_ll.o(.text) refers to _printf_intcommon.o(.text) for _printf_int_common
    _printf_hex_int_ll.o(.text) refers to _printf_hex_int_ll.o(.constdata) for .constdata
    _printf_hex_ptr.o(.text) refers to _printf_intcommon.o(.text) for _printf_int_common
    _printf_hex_ptr.o(.text) refers to _printf_hex_ptr.o(.constdata) for .constdata
    _printf_hex_int_ptr.o(.text) refers to _printf_intcommon.o(.text) for _printf_int_common
    _printf_hex_int_ptr.o(.text) refers to _printf_hex_int_ptr.o(.constdata) for .constdata
    _printf_hex_ll_ptr.o(.text) refers to _printf_intcommon.o(.text) for _printf_int_common
    _printf_hex_ll_ptr.o(.text) refers to _printf_hex_ll_ptr.o(.constdata) for .constdata
    _printf_hex_int_ll_ptr.o(.text) refers to _printf_intcommon.o(.text) for _printf_int_common
    _printf_hex_int_ll_ptr.o(.text) refers to _printf_hex_int_ll_ptr.o(.constdata) for .constdata
    __printf_flags.o(.text) refers to _printf_percent.o(.ARM.Collect$$_printf_percent$$00000000) for _printf_percent
    __printf_flags.o(.text) refers to __printf_flags.o(.constdata) for .constdata
    __printf_ss.o(.text) refers to _printf_percent.o(.ARM.Collect$$_printf_percent$$00000000) for _printf_percent
    __printf_flags_ss.o(.text) refers to _printf_percent.o(.ARM.Collect$$_printf_percent$$00000000) for _printf_percent
    __printf_flags_ss.o(.text) refers to __printf_flags_ss.o(.constdata) for .constdata
    __printf_wp.o(.text) refers to __printf_wp.o(i._is_digit) for _is_digit
    __printf_wp.o(.text) refers to _printf_percent.o(.ARM.Collect$$_printf_percent$$00000000) for _printf_percent
    __printf_flags_wp.o(.text) refers to __printf_wp.o(i._is_digit) for _is_digit
    __printf_flags_wp.o(.text) refers to _printf_percent.o(.ARM.Collect$$_printf_percent$$00000000) for _printf_percent
    __printf_flags_wp.o(.text) refers to __printf_flags_wp.o(.constdata) for .constdata
    __printf_ss_wp.o(.text) refers to __printf_wp.o(i._is_digit) for _is_digit
    __printf_ss_wp.o(.text) refers to _printf_percent.o(.ARM.Collect$$_printf_percent$$00000000) for _printf_percent
    __printf_flags_ss_wp.o(.text) refers to __printf_wp.o(i._is_digit) for _is_digit
    __printf_flags_ss_wp.o(.text) refers to _printf_percent.o(.ARM.Collect$$_printf_percent$$00000000) for _printf_percent
    __printf_flags_ss_wp.o(.text) refers to __printf_flags_ss_wp.o(.constdata) for .constdata
    _printf_x.o(.ARM.Collect$$_printf_percent$$0000000C) refers (Weak) to _printf_hex_int.o(.text) for _printf_int_hex
    _printf_d.o(.ARM.Collect$$_printf_percent$$00000009) refers (Weak) to _printf_dec.o(.text) for _printf_int_dec
    _printf_percent.o(.ARM.Collect$$_printf_percent$$00000000) refers (Special) to _printf_percent_end.o(.ARM.Collect$$_printf_percent$$00000017) for _printf_percent_end
    aeabi_memset.o(.text) refers to rt_memclr.o(.text) for _memset
    __main.o(!!!main) refers to __rtentry.o(.ARM.Collect$$rtentry$$00000000) for __rt_entry
    drlef.o(x$fpl$drleqf) refers (Special) to usenofp.o(x$fpl$usenofp) for __I$use$fp
    drlef.o(x$fpl$drleqf) refers to dcmpin.o(.text) for __fpl_dcmp_InfNaN
    f2d.o(.text) refers (Special) to usenofp.o(x$fpl$usenofp) for __I$use$fp
    faddsub.o(x$fpl$fadd) refers (Special) to usenofp.o(x$fpl$usenofp) for __I$use$fp
    faddsub.o(x$fpl$fadd) refers to faddsub.o(x$fpl$fsub) for _fsub1
    faddsub.o(x$fpl$frsb) refers (Special) to usenofp.o(x$fpl$usenofp) for __I$use$fp
    faddsub.o(x$fpl$frsb) refers to faddsub.o(x$fpl$fsub) for _fsub1
    faddsub.o(x$fpl$frsb) refers to faddsub.o(x$fpl$fadd) for _fadd1
    faddsub.o(x$fpl$fsub) refers (Special) to usenofp.o(x$fpl$usenofp) for __I$use$fp
    faddsub.o(x$fpl$fsub) refers to faddsub.o(x$fpl$fadd) for _fadd1
    fdiv.o(.text) refers (Special) to usenofp.o(x$fpl$usenofp) for __I$use$fp
    fdiv.o(.text) refers to fdiv.o(.constdata) for .constdata
    fdiv.o(.constdata) refers (Special) to usenofp.o(x$fpl$usenofp) for __I$use$fp
    feqf.o(x$fpl$feqf) refers (Special) to usenofp.o(x$fpl$usenofp) for __I$use$fp
    feqf.o(x$fpl$feqf) refers to fcmpin.o(.text) for __fpl_fcmp_InfNaN
    ffixi.o(.text) refers (Special) to usenofp.o(x$fpl$usenofp) for __I$use$fp
    ffixui.o(.text) refers (Special) to usenofp.o(x$fpl$usenofp) for __I$use$fp
    fflti.o(.text) refers (Special) to usenofp.o(x$fpl$usenofp) for __I$use$fp
    flef.o(x$fpl$fleqf) refers (Special) to usenofp.o(x$fpl$usenofp) for __I$use$fp
    flef.o(x$fpl$fleqf) refers to fcmpin.o(.text) for __fpl_fcmp_InfNaN
    fmul.o(x$fpl$fmul) refers (Special) to usenofp.o(x$fpl$usenofp) for __I$use$fp
    frlef.o(x$fpl$frleqf) refers (Special) to usenofp.o(x$fpl$usenofp) for __I$use$fp
    frlef.o(x$fpl$frleqf) refers to fcmpin.o(.text) for __fpl_fcmp_InfNaN
    __rtentry.o(.ARM.Collect$$rtentry$$00000000) refers (Special) to __rtentry2.o(.ARM.Collect$$rtentry$$0000000A) for __rt_entry_li
    __rtentry.o(.ARM.Collect$$rtentry$$00000000) refers (Special) to __rtentry2.o(.ARM.Collect$$rtentry$$0000000D) for __rt_entry_main
    __rtentry.o(.ARM.Collect$$rtentry$$00000000) refers (Special) to __rtentry2.o(.ARM.Collect$$rtentry$$0000000C) for __rt_entry_postli_1
    __rtentry.o(.ARM.Collect$$rtentry$$00000000) refers (Special) to __rtentry2.o(.ARM.Collect$$rtentry$$00000009) for __rt_entry_postsh_1
    __rtentry.o(.ARM.Collect$$rtentry$$00000000) refers (Special) to __rtentry2.o(.ARM.Collect$$rtentry$$00000002) for __rt_entry_presh_1
    __rtentry.o(.ARM.Collect$$rtentry$$00000000) refers (Special) to __rtentry4.o(.ARM.Collect$$rtentry$$00000004) for __rt_entry_sh
    aeabi_idiv0_sigfpe.o(.text) refers to rt_div0.o(.text) for __rt_div0
    _printf_intcommon.o(.text) refers (Weak) to _printf_pad.o(.text) for _printf_pre_padding
    _printf_intcommon.o(.text) refers (Weak) to _printf_pad.o(.text) for _printf_pre_padding
    _printf_intcommon.o(.text) refers (Weak) to _printf_pad.o(.text) for _printf_post_padding
    _printf_char_file.o(.text) refers to _printf_char_common.o(.text) for _printf_char_common
    _printf_char_file.o(.text) refers to retarget.o(i.ferror) for ferror
    _printf_char_file.o(.text) refers to retarget.o(i.fputc) for fputc
    dcmpin.o(.text) refers (Special) to usenofp.o(x$fpl$usenofp) for __I$use$fp
    dcmpin.o(.text) refers to cmpret.o(.text) for __fpl_cmpreturn
    dcmpin.o(.text) refers to dnan2.o(.text) for __fpl_dcheck_NaN2
    fcmpin.o(.text) refers (Special) to usenofp.o(x$fpl$usenofp) for __I$use$fp
    fcmpin.o(.text) refers to cmpret.o(.text) for __fpl_cmpreturn
    fcmpin.o(.text) refers to fnan2.o(.text) for __fpl_fcheck_NaN2
    __rtentry2.o(.ARM.Collect$$rtentry$$00000008) refers to boardinit2.o(.text) for _platform_post_stackheap_init
    __rtentry2.o(.ARM.Collect$$rtentry$$0000000A) refers to libinit.o(.ARM.Collect$$libinit$$00000000) for __rt_lib_init
    __rtentry2.o(.ARM.Collect$$rtentry$$0000000B) refers to boardinit3.o(.text) for _platform_post_lib_init
    __rtentry2.o(.ARM.Collect$$rtentry$$0000000D) refers to main.o(i.main) for main
    __rtentry2.o(.ARM.Collect$$rtentry$$0000000D) refers to exit.o(.text) for exit
    __rtentry2.o(.ARM.exidx) refers to __rtentry2.o(.ARM.Collect$$rtentry$$00000001) for .ARM.Collect$$rtentry$$00000001
    __rtentry2.o(.ARM.exidx) refers to __rtentry2.o(.ARM.Collect$$rtentry$$00000008) for .ARM.Collect$$rtentry$$00000008
    __rtentry2.o(.ARM.exidx) refers to __rtentry2.o(.ARM.Collect$$rtentry$$0000000A) for .ARM.Collect$$rtentry$$0000000A
    __rtentry2.o(.ARM.exidx) refers to __rtentry2.o(.ARM.Collect$$rtentry$$0000000B) for .ARM.Collect$$rtentry$$0000000B
    __rtentry2.o(.ARM.exidx) refers to __rtentry2.o(.ARM.Collect$$rtentry$$0000000D) for .ARM.Collect$$rtentry$$0000000D
    __rtentry4.o(.ARM.Collect$$rtentry$$00000004) refers to sys_stackheap_outer.o(.text) for __user_setup_stackheap
    __rtentry4.o(.ARM.exidx) refers to __rtentry4.o(.ARM.Collect$$rtentry$$00000004) for .ARM.Collect$$rtentry$$00000004
    rt_div0.o(.text) refers to defsig_fpe_outer.o(.text) for __rt_SIGFPE
    aeabi_ldiv0_sigfpe.o(.text) refers to rt_div0.o(.text) for __rt_div0
    _printf_char_common.o(.text) refers to __printf_flags_wp.o(.text) for __printf
    cmpret.o(.text) refers (Special) to usenofp.o(x$fpl$usenofp) for __I$use$fp
    dnan2.o(.text) refers (Special) to usenofp.o(x$fpl$usenofp) for __I$use$fp
    dnan2.o(.text) refers to retnan.o(.text) for __fpl_return_NaN
    fnan2.o(.text) refers (Special) to usenofp.o(x$fpl$usenofp) for __I$use$fp
    fnan2.o(.text) refers to retnan.o(.text) for __fpl_return_NaN
    sys_stackheap_outer.o(.text) refers to libspace.o(.text) for __user_perproc_libspace
    sys_stackheap_outer.o(.text) refers to startup_lpc11xx.o(.text) for __user_initial_stackheap
    sys_stackheap_outer.o(__vectab_stack_and_reset_area) refers to tempstk.o(.text) for __temporary_stack_top
    sys_stackheap_outer.o(__vectab_stack_and_reset_area) refers to __main.o(!!!main) for __main
    exit.o(.text) refers to rtexit.o(.ARM.Collect$$rtexit$$00000000) for __rt_exit
    defsig_fpe_outer.o(.text) refers to defsig_fpe_inner.o(.text) for __rt_SIGFPE_inner
    defsig_fpe_outer.o(.text) refers to defsig_exit.o(.text) for __sig_exit
    defsig_fpe_formal.o(.text) refers to rt_raise.o(.text) for __rt_raise
    libinit.o(.ARM.Collect$$libinit$$00000000) refers (Special) to libinit2.o(.ARM.Collect$$libinit$$0000002E) for __rt_lib_init_alloca_1
    libinit.o(.ARM.Collect$$libinit$$00000000) refers (Special) to libinit2.o(.ARM.Collect$$libinit$$0000002C) for __rt_lib_init_argv_1
    libinit.o(.ARM.Collect$$libinit$$00000000) refers (Special) to libinit2.o(.ARM.Collect$$libinit$$0000001B) for __rt_lib_init_atexit_1
    libinit.o(.ARM.Collect$$libinit$$00000000) refers (Special) to libinit2.o(.ARM.Collect$$libinit$$00000021) for __rt_lib_init_clock_1
    libinit.o(.ARM.Collect$$libinit$$00000000) refers (Special) to libinit2.o(.ARM.Collect$$libinit$$00000032) for __rt_lib_init_cpp_1
    libinit.o(.ARM.Collect$$libinit$$00000000) refers (Special) to libinit2.o(.ARM.Collect$$libinit$$00000030) for __rt_lib_init_exceptions_1
    libinit.o(.ARM.Collect$$libinit$$00000000) refers (Special) to libinit2.o(.ARM.Collect$$libinit$$00000002) for __rt_lib_init_fp_1
    libinit.o(.ARM.Collect$$libinit$$00000000) refers (Special) to libinit2.o(.ARM.Collect$$libinit$$0000001F) for __rt_lib_init_fp_trap_1
    libinit.o(.ARM.Collect$$libinit$$00000000) refers (Special) to libinit2.o(.ARM.Collect$$libinit$$00000023) for __rt_lib_init_getenv_1
    libinit.o(.ARM.Collect$$libinit$$00000000) refers (Special) to libinit2.o(.ARM.Collect$$libinit$$0000000A) for __rt_lib_init_heap_1
    libinit.o(.ARM.Collect$$libinit$$00000000) refers (Special) to libinit2.o(.ARM.Collect$$libinit$$00000011) for __rt_lib_init_lc_collate_1
    libinit.o(.ARM.Collect$$libinit$$00000000) refers (Special) to libinit2.o(.ARM.Collect$$libinit$$00000013) for __rt_lib_init_lc_ctype_1
    libinit.o(.ARM.Collect$$libinit$$00000000) refers (Special) to libinit2.o(.ARM.Collect$$libinit$$00000015) for __rt_lib_init_lc_monetary_1
    libinit.o(.ARM.Collect$$libinit$$00000000) refers (Special) to libinit2.o(.ARM.Collect$$libinit$$00000017) for __rt_lib_init_lc_numeric_1
    libinit.o(.ARM.Collect$$libinit$$00000000) refers (Special) to libinit2.o(.ARM.Collect$$libinit$$00000019) for __rt_lib_init_lc_time_1
    libinit.o(.ARM.Collect$$libinit$$00000000) refers (Special) to libinit2.o(.ARM.Collect$$libinit$$00000004) for __rt_lib_init_preinit_1
    libinit.o(.ARM.Collect$$libinit$$00000000) refers (Special) to libinit2.o(.ARM.Collect$$libinit$$0000000E) for __rt_lib_init_rand_1
    libinit.o(.ARM.Collect$$libinit$$00000000) refers (Special) to libinit2.o(.ARM.Collect$$libinit$$00000033) for __rt_lib_init_return
    libinit.o(.ARM.Collect$$libinit$$00000000) refers (Special) to libinit2.o(.ARM.Collect$$libinit$$0000001D) for __rt_lib_init_signal_1
    libinit.o(.ARM.Collect$$libinit$$00000000) refers (Special) to libinit2.o(.ARM.Collect$$libinit$$00000025) for __rt_lib_init_stdio_1
    libinit.o(.ARM.Collect$$libinit$$00000000) refers (Special) to libinit2.o(.ARM.Collect$$libinit$$0000000C) for __rt_lib_init_user_alloc_1
    retnan.o(.text) refers (Special) to usenofp.o(x$fpl$usenofp) for __I$use$fp
    retnan.o(.text) refers to cmpret.o(.text) for __fpl_cmpreturn
    libspace.o(.text) refers to libspace.o(.bss) for __libspace_start
    rtexit.o(.ARM.Collect$$rtexit$$00000000) refers (Special) to rtexit2.o(.ARM.Collect$$rtexit$$00000004) for __rt_exit_exit
    rtexit.o(.ARM.Collect$$rtexit$$00000000) refers (Special) to rtexit2.o(.ARM.Collect$$rtexit$$00000003) for __rt_exit_ls
    rtexit.o(.ARM.Collect$$rtexit$$00000000) refers (Special) to rtexit2.o(.ARM.Collect$$rtexit$$00000002) for __rt_exit_prels_1
    rtexit.o(.ARM.exidx) refers (Special) to rtexit2.o(.ARM.Collect$$rtexit$$00000004) for __rt_exit_exit
    rtexit.o(.ARM.exidx) refers (Special) to rtexit2.o(.ARM.Collect$$rtexit$$00000003) for __rt_exit_ls
    rtexit.o(.ARM.exidx) refers (Special) to rtexit2.o(.ARM.Collect$$rtexit$$00000002) for __rt_exit_prels_1
    rtexit.o(.ARM.exidx) refers to rtexit.o(.ARM.Collect$$rtexit$$00000000) for .ARM.Collect$$rtexit$$00000000
    rt_raise.o(.text) refers to __raise.o(.text) for __raise
    rt_raise.o(.text) refers to retarget.o(i._sys_exit) for _sys_exit
    defsig_exit.o(.text) refers to retarget.o(i._sys_exit) for _sys_exit
    defsig_fpe_inner.o(.text) refers to defsig_general.o(.text) for __default_signal_display
    libinit2.o(.ARM.Collect$$libinit$$00000010) refers to libinit2.o(.ARM.Collect$$libinit$$0000000F) for .ARM.Collect$$libinit$$0000000F
    libinit2.o(.ARM.Collect$$libinit$$00000012) refers to libinit2.o(.ARM.Collect$$libinit$$0000000F) for .ARM.Collect$$libinit$$0000000F
    libinit2.o(.ARM.Collect$$libinit$$00000014) refers to libinit2.o(.ARM.Collect$$libinit$$0000000F) for .ARM.Collect$$libinit$$0000000F
    libinit2.o(.ARM.Collect$$libinit$$00000016) refers to libinit2.o(.ARM.Collect$$libinit$$0000000F) for .ARM.Collect$$libinit$$0000000F
    libinit2.o(.ARM.Collect$$libinit$$00000018) refers to libinit2.o(.ARM.Collect$$libinit$$0000000F) for .ARM.Collect$$libinit$$0000000F
    libinit2.o(.ARM.Collect$$libinit$$00000026) refers to argv_veneer.o(.text) for __ARM_argv_veneer
    libinit2.o(.ARM.Collect$$libinit$$00000027) refers to argv_veneer.o(.text) for __ARM_argv_veneer
    rtexit2.o(.ARM.Collect$$rtexit$$00000003) refers to libshutdown.o(.ARM.Collect$$libshutdown$$00000000) for __rt_lib_shutdown
    rtexit2.o(.ARM.Collect$$rtexit$$00000004) refers to retarget.o(i._sys_exit) for _sys_exit
    rtexit2.o(.ARM.exidx) refers to rtexit2.o(.ARM.Collect$$rtexit$$00000001) for .ARM.Collect$$rtexit$$00000001
    rtexit2.o(.ARM.exidx) refers to rtexit2.o(.ARM.Collect$$rtexit$$00000003) for .ARM.Collect$$rtexit$$00000003
    rtexit2.o(.ARM.exidx) refers to rtexit2.o(.ARM.Collect$$rtexit$$00000004) for .ARM.Collect$$rtexit$$00000004
    __raise.o(.text) refers to defsig.o(CL$$defsig) for __default_signal_handler
    defsig_general.o(.text) refers to retarget.o(i._ttywrch) for _ttywrch
    defsig.o(CL$$defsig) refers to defsig_fpe_inner.o(.text) for __rt_SIGFPE_inner
    defsig.o(CL$$defsig) refers to defsig_rtmem_inner.o(.text) for __rt_SIGRTMEM_inner
    _get_argv_nomalloc.o(.text) refers (Special) to hrguard.o(.text) for __heap_region$guard
    _get_argv_nomalloc.o(.text) refers to defsig_rtmem_outer.o(.text) for __rt_SIGRTMEM
    _get_argv_nomalloc.o(.text) refers to sys_command.o(.text) for _sys_command_string
    libshutdown.o(.ARM.Collect$$libshutdown$$00000000) refers (Special) to libshutdown2.o(.ARM.Collect$$libshutdown$$00000002) for __rt_lib_shutdown_cpp_1
    libshutdown.o(.ARM.Collect$$libshutdown$$00000000) refers (Special) to libshutdown2.o(.ARM.Collect$$libshutdown$$00000007) for __rt_lib_shutdown_fp_trap_1
    libshutdown.o(.ARM.Collect$$libshutdown$$00000000) refers (Special) to libshutdown2.o(.ARM.Collect$$libshutdown$$0000000F) for __rt_lib_shutdown_heap_1
    libshutdown.o(.ARM.Collect$$libshutdown$$00000000) refers (Special) to libshutdown2.o(.ARM.Collect$$libshutdown$$00000010) for __rt_lib_shutdown_return
    libshutdown.o(.ARM.Collect$$libshutdown$$00000000) refers (Special) to libshutdown2.o(.ARM.Collect$$libshutdown$$0000000A) for __rt_lib_shutdown_signal_1
    libshutdown.o(.ARM.Collect$$libshutdown$$00000000) refers (Special) to libshutdown2.o(.ARM.Collect$$libshutdown$$00000004) for __rt_lib_shutdown_stdio_1
    libshutdown.o(.ARM.Collect$$libshutdown$$00000000) refers (Special) to libshutdown2.o(.ARM.Collect$$libshutdown$$0000000C) for __rt_lib_shutdown_user_alloc_1
    sys_command.o(.text) refers (Special) to use_no_semi.o(.text) for __I$use$semihosting
    sys_command.o(.text) refers (Special) to indicate_semi.o(.text) for __semihosting_library_function
    defsig_abrt_inner.o(.text) refers to defsig_general.o(.text) for __default_signal_display
    defsig_rtred_inner.o(.text) refers to defsig_general.o(.text) for __default_signal_display
    defsig_rtmem_inner.o(.text) refers to defsig_general.o(.text) for __default_signal_display
    defsig_rtmem_outer.o(.text) refers to defsig_rtmem_inner.o(.text) for __rt_SIGRTMEM_inner
    defsig_rtmem_outer.o(.text) refers to defsig_exit.o(.text) for __sig_exit
    defsig_rtmem_formal.o(.text) refers to rt_raise.o(.text) for __rt_raise
    defsig_stak_inner.o(.text) refers to defsig_general.o(.text) for __default_signal_display
    defsig_pvfn_inner.o(.text) refers to defsig_general.o(.text) for __default_signal_display
    defsig_cppl_inner.o(.text) refers to defsig_general.o(.text) for __default_signal_display
    defsig_segv_inner.o(.text) refers to defsig_general.o(.text) for __default_signal_display
    defsig_other.o(.text) refers to defsig_general.o(.text) for __default_signal_display


==============================================================================

Removing Unused input sections from the image.

    Removing system_lpc11xx.o(.rev16_text), (4 bytes).
    Removing system_lpc11xx.o(.revsh_text), (4 bytes).
    Removing system_lpc11xx.o(i.SystemCoreClockUpdate), (440 bytes).
    Removing main.o(.rev16_text), (4 bytes).
    Removing main.o(.revsh_text), (4 bytes).
    Removing i2c.o(.rev16_text), (4 bytes).
    Removing i2c.o(.revsh_text), (4 bytes).
    Removing i2c.o(i.I2CStart), (52 bytes).
    Removing i2c.o(i.I2CStop), (30 bytes).
    Removing inv_mpu.o(i.accel_self_test), (204 bytes).
    Removing inv_mpu.o(i.get_accel_prod_shift), (184 bytes).
    Removing inv_mpu.o(i.get_st_biases), (1212 bytes).
    Removing inv_mpu.o(i.gyro_self_test), (308 bytes).
    Removing inv_mpu.o(i.mpu_get_accel_reg), (120 bytes).
    Removing inv_mpu.o(i.mpu_get_compass_fsr), (8 bytes).
    Removing inv_mpu.o(i.mpu_get_compass_reg), (8 bytes).
    Removing inv_mpu.o(i.mpu_get_compass_sample_rate), (10 bytes).
    Removing inv_mpu.o(i.mpu_get_dmp_state), (16 bytes).
    Removing inv_mpu.o(i.mpu_get_fifo_config), (16 bytes).
    Removing inv_mpu.o(i.mpu_get_gyro_reg), (120 bytes).
    Removing inv_mpu.o(i.mpu_get_int_status), (68 bytes).
    Removing inv_mpu.o(i.mpu_get_lpf), (80 bytes).
    Removing inv_mpu.o(i.mpu_get_power_state), (28 bytes).
    Removing inv_mpu.o(i.mpu_get_temperature), (160 bytes).
    Removing inv_mpu.o(i.mpu_load_firmware), (192 bytes).
    Removing inv_mpu.o(i.mpu_lp_motion_interrupt), (244 bytes).
    Removing inv_mpu.o(i.mpu_read_6050_accel_bias), (136 bytes).
    Removing inv_mpu.o(i.mpu_read_6500_accel_bias), (136 bytes).
    Removing inv_mpu.o(i.mpu_read_6500_gyro_bias), (136 bytes).
    Removing inv_mpu.o(i.mpu_read_fifo), (568 bytes).
    Removing inv_mpu.o(i.mpu_read_fifo_stream), (216 bytes).
    Removing inv_mpu.o(i.mpu_read_mem), (124 bytes).
    Removing inv_mpu.o(i.mpu_read_reg), (72 bytes).
    Removing inv_mpu.o(i.mpu_reg_dump), (108 bytes).
    Removing inv_mpu.o(i.mpu_run_self_test), (288 bytes).
    Removing inv_mpu.o(i.mpu_set_accel_bias_6050_reg), (216 bytes).
    Removing inv_mpu.o(i.mpu_set_accel_bias_6500_reg), (216 bytes).
    Removing inv_mpu.o(i.mpu_set_compass_sample_rate), (8 bytes).
    Removing inv_mpu.o(i.mpu_set_dmp_state), (144 bytes).
    Removing inv_mpu.o(i.mpu_set_gyro_bias_reg), (164 bytes).
    Removing inv_mpu.o(i.mpu_set_int_level), (16 bytes).
    Removing inv_mpu.o(i.mpu_write_mem), (124 bytes).
    Removing inv_mpu_dmp_motion_driver.o(i.decode_gesture), (104 bytes).
    Removing inv_mpu_dmp_motion_driver.o(i.dmp_enable_6x_lp_quat), (60 bytes).
    Removing inv_mpu_dmp_motion_driver.o(i.dmp_enable_feature), (540 bytes).
    Removing inv_mpu_dmp_motion_driver.o(i.dmp_enable_gyro_cal), (88 bytes).
    Removing inv_mpu_dmp_motion_driver.o(i.dmp_enable_lp_quat), (60 bytes).
    Removing inv_mpu_dmp_motion_driver.o(i.dmp_get_enabled_features), (16 bytes).
    Removing inv_mpu_dmp_motion_driver.o(i.dmp_get_fifo_rate), (16 bytes).
    Removing inv_mpu_dmp_motion_driver.o(i.dmp_get_pedometer_step_count), (66 bytes).
    Removing inv_mpu_dmp_motion_driver.o(i.dmp_get_pedometer_walk_time), (70 bytes).
    Removing inv_mpu_dmp_motion_driver.o(i.dmp_load_motion_driver_firmware), (28 bytes).
    Removing inv_mpu_dmp_motion_driver.o(i.dmp_read_fifo), (464 bytes).
    Removing inv_mpu_dmp_motion_driver.o(i.dmp_register_android_orient_cb), (16 bytes).
    Removing inv_mpu_dmp_motion_driver.o(i.dmp_register_tap_cb), (16 bytes).
    Removing inv_mpu_dmp_motion_driver.o(i.dmp_set_accel_bias), (352 bytes).
    Removing inv_mpu_dmp_motion_driver.o(i.dmp_set_fifo_rate), (120 bytes).
    Removing inv_mpu_dmp_motion_driver.o(i.dmp_set_gyro_bias), (324 bytes).
    Removing inv_mpu_dmp_motion_driver.o(i.dmp_set_interrupt_mode), (92 bytes).
    Removing inv_mpu_dmp_motion_driver.o(i.dmp_set_orientation), (324 bytes).
    Removing inv_mpu_dmp_motion_driver.o(i.dmp_set_pedometer_step_count), (42 bytes).
    Removing inv_mpu_dmp_motion_driver.o(i.dmp_set_pedometer_walk_time), (52 bytes).
    Removing inv_mpu_dmp_motion_driver.o(i.dmp_set_shake_reject_thresh), (58 bytes).
    Removing inv_mpu_dmp_motion_driver.o(i.dmp_set_shake_reject_time), (36 bytes).
    Removing inv_mpu_dmp_motion_driver.o(i.dmp_set_shake_reject_timeout), (36 bytes).
    Removing inv_mpu_dmp_motion_driver.o(i.dmp_set_tap_axes), (76 bytes).
    Removing inv_mpu_dmp_motion_driver.o(i.dmp_set_tap_count), (38 bytes).
    Removing inv_mpu_dmp_motion_driver.o(i.dmp_set_tap_thresh), (428 bytes).
    Removing inv_mpu_dmp_motion_driver.o(i.dmp_set_tap_time), (36 bytes).
    Removing inv_mpu_dmp_motion_driver.o(i.dmp_set_tap_time_multi), (36 bytes).
    Removing inv_mpu_dmp_motion_driver.o(.bss), (16 bytes).
    Removing inv_mpu_dmp_motion_driver.o(.constdata), (3062 bytes).
    Removing m0_mpu_6050.o(.rev16_text), (4 bytes).
    Removing m0_mpu_6050.o(.revsh_text), (4 bytes).
    Removing m0_mpu_6050.o(i.get_ms), (14 bytes).
    Removing timer32.o(.rev16_text), (4 bytes).
    Removing timer32.o(.revsh_text), (4 bytes).
    Removing timer32.o(i.delay32Us), (84 bytes).
    Removing timer32.o(i.disable_timer32), (32 bytes).
    Removing timer32.o(i.init_timer32PWM), (440 bytes).
    Removing timer32.o(i.read_timer32), (32 bytes).
    Removing timer32.o(i.setMatch_timer32PWM), (108 bytes).
    Removing retarget.o(i._ttywrch), (12 bytes).
    Removing retarget.o(i.fgetc), (10 bytes).
    Removing serial.o(.rev16_text), (4 bytes).
    Removing serial.o(.revsh_text), (4 bytes).
    Removing serial.o(i.getkey), (24 bytes).
    Removing inv_mpu_dmp_motion_driver.o(i.__ARM_common_ll_mulss), (48 bytes).

88 unused section(s) (total 13696 bytes) removed from the image.

==============================================================================

Image Symbol Table

    Local Symbols

    Symbol Name                              Value     Ov Type        Size  Object(Section)

    RESET                                    0x00000000   Section      192  startup_lpc11xx.o(RESET)
    ../clib/angel/boardlib.s                 0x00000000   Number         0  boardinit3.o ABSOLUTE
    ../clib/angel/boardlib.s                 0x00000000   Number         0  boardshut.o ABSOLUTE
    ../clib/angel/boardlib.s                 0x00000000   Number         0  boardinit1.o ABSOLUTE
    ../clib/angel/boardlib.s                 0x00000000   Number         0  boardinit2.o ABSOLUTE
    ../clib/angel/handlers.s                 0x00000000   Number         0  __scatter_zi.o ABSOLUTE
    ../clib/angel/handlers.s                 0x00000000   Number         0  __scatter_copy.o ABSOLUTE
    ../clib/angel/kernel.s                   0x00000000   Number         0  __rtentry.o ABSOLUTE
    ../clib/angel/kernel.s                   0x00000000   Number         0  __rtentry4.o ABSOLUTE
    ../clib/angel/kernel.s                   0x00000000   Number         0  rtexit2.o ABSOLUTE
    ../clib/angel/kernel.s                   0x00000000   Number         0  __rtentry2.o ABSOLUTE
    ../clib/angel/kernel.s                   0x00000000   Number         0  rtexit.o ABSOLUTE
    ../clib/angel/rt.s                       0x00000000   Number         0  rt_raise.o ABSOLUTE
    ../clib/angel/rt.s                       0x00000000   Number         0  rt_div0.o ABSOLUTE
    ../clib/angel/rt.s                       0x00000000   Number         0  aeabi_ldiv0.o ABSOLUTE
    ../clib/angel/rt.s                       0x00000000   Number         0  aeabi_ldiv0_sigfpe.o ABSOLUTE
    ../clib/angel/rt.s                       0x00000000   Number         0  aeabi_idiv0_sigfpe.o ABSOLUTE
    ../clib/angel/rt.s                       0x00000000   Number         0  aeabi_idiv0.o ABSOLUTE
    ../clib/angel/scatterp.s                 0x00000000   Number         0  __scatter.o ABSOLUTE
    ../clib/angel/startup.s                  0x00000000   Number         0  __main.o ABSOLUTE
    ../clib/angel/sys.s                      0x00000000   Number         0  indicate_semi.o ABSOLUTE
    ../clib/angel/sys.s                      0x00000000   Number         0  libspace.o ABSOLUTE
    ../clib/angel/sys.s                      0x00000000   Number         0  tempstk.o ABSOLUTE
    ../clib/angel/sys.s                      0x00000000   Number         0  use_no_semi.o ABSOLUTE
    ../clib/angel/sys.s                      0x00000000   Number         0  sys_stackheap_outer.o ABSOLUTE
    ../clib/angel/sysapp.c                   0x00000000   Number         0  sys_command.o ABSOLUTE
    ../clib/armsys.c                         0x00000000   Number         0  argv_veneer.o ABSOLUTE
    ../clib/armsys.c                         0x00000000   Number         0  _get_argv_nomalloc.o ABSOLUTE
    ../clib/armsys.c                         0x00000000   Number         0  no_argv.o ABSOLUTE
    ../clib/division.c                       0x00000000   Number         0  rtudiv10.o ABSOLUTE
    ../clib/division.c                       0x00000000   Number         0  llsdiv.o ABSOLUTE
    ../clib/division.c                       0x00000000   Number         0  lludiv.o ABSOLUTE
    ../clib/division.s                       0x00000000   Number         0  aeabi_sdiv_div0.o ABSOLUTE
    ../clib/division.s                       0x00000000   Number         0  aeabi_sdiv.o ABSOLUTE
    ../clib/heapalloc.c                      0x00000000   Number         0  hrguard.o ABSOLUTE
    ../clib/heapaux.c                        0x00000000   Number         0  heapauxi.o ABSOLUTE
    ../clib/libinit.s                        0x00000000   Number         0  libinit.o ABSOLUTE
    ../clib/libinit.s                        0x00000000   Number         0  libshutdown2.o ABSOLUTE
    ../clib/libinit.s                        0x00000000   Number         0  libshutdown.o ABSOLUTE
    ../clib/libinit.s                        0x00000000   Number         0  libinit2.o ABSOLUTE
    ../clib/longlong.c                       0x00000000   Number         0  llmul.o ABSOLUTE
    ../clib/memcpset.c                       0x00000000   Number         0  aeabi_memset.o ABSOLUTE
    ../clib/memcpset.c                       0x00000000   Number         0  rt_memclr.o ABSOLUTE
    ../clib/misc.s                           0x00000000   Number         0  printf_stubs.o ABSOLUTE
    ../clib/printf.c                         0x00000000   Number         0  __printf_flags.o ABSOLUTE
    ../clib/printf.c                         0x00000000   Number         0  __printf_ss.o ABSOLUTE
    ../clib/printf.c                         0x00000000   Number         0  __printf_flags_ss.o ABSOLUTE
    ../clib/printf.c                         0x00000000   Number         0  __printf_wp.o ABSOLUTE
    ../clib/printf.c                         0x00000000   Number         0  __printf_flags_wp.o ABSOLUTE
    ../clib/printf.c                         0x00000000   Number         0  _printf_intcommon.o ABSOLUTE
    ../clib/printf.c                         0x00000000   Number         0  _printf_hex_int_ll_ptr.o ABSOLUTE
    ../clib/printf.c                         0x00000000   Number         0  __printf_ss_wp.o ABSOLUTE
    ../clib/printf.c                         0x00000000   Number         0  __printf_flags_ss_wp.o ABSOLUTE
    ../clib/printf.c                         0x00000000   Number         0  _printf_char_file.o ABSOLUTE
    ../clib/printf.c                         0x00000000   Number         0  __2printf.o ABSOLUTE
    ../clib/printf.c                         0x00000000   Number         0  _printf_hex_ll_ptr.o ABSOLUTE
    ../clib/printf.c                         0x00000000   Number         0  __printf.o ABSOLUTE
    ../clib/printf.c                         0x00000000   Number         0  _printf_pad.o ABSOLUTE
    ../clib/printf.c                         0x00000000   Number         0  _printf_hex_ll.o ABSOLUTE
    ../clib/printf.c                         0x00000000   Number         0  _printf_hex_int.o ABSOLUTE
    ../clib/printf.c                         0x00000000   Number         0  _printf_hex_int_ll.o ABSOLUTE
    ../clib/printf.c                         0x00000000   Number         0  _printf_hex_ptr.o ABSOLUTE
    ../clib/printf.c                         0x00000000   Number         0  _printf_hex_int_ptr.o ABSOLUTE
    ../clib/printf.c                         0x00000000   Number         0  noretval__2printf.o ABSOLUTE
    ../clib/printf.c                         0x00000000   Number         0  _printf_dec.o ABSOLUTE
    ../clib/printf.c                         0x00000000   Number         0  __printf_nopercent.o ABSOLUTE
    ../clib/printf.c                         0x00000000   Number         0  _printf_char_common.o ABSOLUTE
    ../clib/printf_percent.s                 0x00000000   Number         0  _printf_x.o ABSOLUTE
    ../clib/printf_percent.s                 0x00000000   Number         0  _printf_d.o ABSOLUTE
    ../clib/printf_percent.s                 0x00000000   Number         0  _printf_percent.o ABSOLUTE
    ../clib/printf_percent.s                 0x00000000   Number         0  _printf_percent_end.o ABSOLUTE
    ../clib/signal.c                         0x00000000   Number         0  defsig_abrt_inner.o ABSOLUTE
    ../clib/signal.c                         0x00000000   Number         0  defsig_rtmem_inner.o ABSOLUTE
    ../clib/signal.c                         0x00000000   Number         0  defsig_rtmem_outer.o ABSOLUTE
    ../clib/signal.c                         0x00000000   Number         0  defsig_rtmem_formal.o ABSOLUTE
    ../clib/signal.c                         0x00000000   Number         0  defsig_rtred_inner.o ABSOLUTE
    ../clib/signal.c                         0x00000000   Number         0  defsig_fpe_inner.o ABSOLUTE
    ../clib/signal.c                         0x00000000   Number         0  defsig_fpe_formal.o ABSOLUTE
    ../clib/signal.c                         0x00000000   Number         0  defsig_other.o ABSOLUTE
    ../clib/signal.c                         0x00000000   Number         0  defsig_general.o ABSOLUTE
    ../clib/signal.c                         0x00000000   Number         0  defsig_segv_inner.o ABSOLUTE
    ../clib/signal.c                         0x00000000   Number         0  __raise.o ABSOLUTE
    ../clib/signal.c                         0x00000000   Number         0  defsig_stak_inner.o ABSOLUTE
    ../clib/signal.c                         0x00000000   Number         0  defsig_pvfn_inner.o ABSOLUTE
    ../clib/signal.c                         0x00000000   Number         0  defsig_cppl_inner.o ABSOLUTE
    ../clib/signal.c                         0x00000000   Number         0  defsig_exit.o ABSOLUTE
    ../clib/signal.c                         0x00000000   Number         0  defsig_fpe_outer.o ABSOLUTE
    ../clib/signal.s                         0x00000000   Number         0  defsig.o ABSOLUTE
    ../clib/stdlib.c                         0x00000000   Number         0  exit.o ABSOLUTE
    ../clib/string.c                         0x00000000   Number         0  memcmp.o ABSOLUTE
    ../fplib/cfplib/cmpret.c                 0x00000000   Number         0  cmpret.o ABSOLUTE
    ../fplib/cfplib/dcmpin.c                 0x00000000   Number         0  dcmpin.o ABSOLUTE
    ../fplib/cfplib/f2d.c                    0x00000000   Number         0  f2d.o ABSOLUTE
    ../fplib/cfplib/fcmpin.c                 0x00000000   Number         0  fcmpin.o ABSOLUTE
    ../fplib/cfplib/fdiv.c                   0x00000000   Number         0  fdiv.o ABSOLUTE
    ../fplib/cfplib/ffix.c                   0x00000000   Number         0  ffixi.o ABSOLUTE
    ../fplib/cfplib/ffix.c                   0x00000000   Number         0  ffixui.o ABSOLUTE
    ../fplib/cfplib/fflt.c                   0x00000000   Number         0  fflti.o ABSOLUTE
    ../fplib/cfplib/fpinit.c                 0x00000000   Number         0  fpinit.o ABSOLUTE
    ../fplib/cfplib/nan2.c                   0x00000000   Number         0  fnan2.o ABSOLUTE
    ../fplib/cfplib/nan2.c                   0x00000000   Number         0  dnan2.o ABSOLUTE
    ../fplib/cfplib/retnan.c                 0x00000000   Number         0  retnan.o ABSOLUTE
    ../fplib/drleqf6m.s                      0x00000000   Number         0  drlef.o ABSOLUTE
    ../fplib/faddsub6m.s                     0x00000000   Number         0  faddsub.o ABSOLUTE
    ../fplib/feqf6m.s                        0x00000000   Number         0  feqf.o ABSOLUTE
    ../fplib/fleqf6m.s                       0x00000000   Number         0  flef.o ABSOLUTE
    ../fplib/fmul6m.s                        0x00000000   Number         0  fmul.o ABSOLUTE
    ../fplib/frleqf6m.s                      0x00000000   Number         0  frlef.o ABSOLUTE
    ../fplib/usenofp.s                       0x00000000   Number         0  usenofp.o ABSOLUTE
    LPC11xx Core\\system_LPC11xx.c           0x00000000   Number         0  system_lpc11xx.o ABSOLUTE
    LPC11xx Core\startup_LPC11xx.s           0x00000000   Number         0  startup_lpc11xx.o ABSOLUTE
    LPC11xx Core\system_LPC11xx.c            0x00000000   Number         0  system_lpc11xx.o ABSOLUTE
    MPU6050 Core\\i2c.c                      0x00000000   Number         0  i2c.o ABSOLUTE
    MPU6050 Core\\m0_mpu_6050.c              0x00000000   Number         0  m0_mpu_6050.o ABSOLUTE
    MPU6050 Core\\timer32.c                  0x00000000   Number         0  timer32.o ABSOLUTE
    MPU6050 Core\i2c.c                       0x00000000   Number         0  i2c.o ABSOLUTE
    MPU6050 Core\inv_mpu.c                   0x00000000   Number         0  inv_mpu.o ABSOLUTE
    MPU6050 Core\inv_mpu_dmp_motion_driver.c 0x00000000   Number         0  inv_mpu_dmp_motion_driver.o ABSOLUTE
    MPU6050 Core\m0_mpu_6050.c               0x00000000   Number         0  m0_mpu_6050.o ABSOLUTE
    MPU6050 Core\timer32.c                   0x00000000   Number         0  timer32.o ABSOLUTE
    Serial Core\\serial.c                    0x00000000   Number         0  serial.o ABSOLUTE
    Serial Core\retarget.c                   0x00000000   Number         0  retarget.o ABSOLUTE
    Serial Core\serial.c                     0x00000000   Number         0  serial.o ABSOLUTE
    dc.s                                     0x00000000   Number         0  dc.o ABSOLUTE
    main.c                                   0x00000000   Number         0  main.o ABSOLUTE
    main.c                                   0x00000000   Number         0  main.o ABSOLUTE
    !!!main                                  0x000000c0   Section        8  __main.o(!!!main)
    !!!scatter                               0x000000c8   Section       60  __scatter.o(!!!scatter)
    !!handler_copy                           0x00000104   Section       26  __scatter_copy.o(!!handler_copy)
    !!handler_zi                             0x00000120   Section       28  __scatter_zi.o(!!handler_zi)
    .ARM.Collect$$_printf_percent$$00000000  0x0000013c   Section        2  _printf_percent.o(.ARM.Collect$$_printf_percent$$00000000)
    .ARM.Collect$$_printf_percent$$00000009  0x0000013e   Section       10  _printf_d.o(.ARM.Collect$$_printf_percent$$00000009)
    .ARM.Collect$$_printf_percent$$00000017  0x00000148   Section        4  _printf_percent_end.o(.ARM.Collect$$_printf_percent$$00000017)
    .ARM.Collect$$libinit$$00000000          0x0000014c   Section        2  libinit.o(.ARM.Collect$$libinit$$00000000)
    .ARM.Collect$$libinit$$00000002          0x0000014e   Section        0  libinit2.o(.ARM.Collect$$libinit$$00000002)
    .ARM.Collect$$libinit$$00000004          0x0000014e   Section        0  libinit2.o(.ARM.Collect$$libinit$$00000004)
    .ARM.Collect$$libinit$$0000000A          0x0000014e   Section        0  libinit2.o(.ARM.Collect$$libinit$$0000000A)
    .ARM.Collect$$libinit$$0000000C          0x0000014e   Section        0  libinit2.o(.ARM.Collect$$libinit$$0000000C)
    .ARM.Collect$$libinit$$0000000E          0x0000014e   Section        0  libinit2.o(.ARM.Collect$$libinit$$0000000E)
    .ARM.Collect$$libinit$$00000011          0x0000014e   Section        0  libinit2.o(.ARM.Collect$$libinit$$00000011)
    .ARM.Collect$$libinit$$00000013          0x0000014e   Section        0  libinit2.o(.ARM.Collect$$libinit$$00000013)
    .ARM.Collect$$libinit$$00000015          0x0000014e   Section        0  libinit2.o(.ARM.Collect$$libinit$$00000015)
    .ARM.Collect$$libinit$$00000017          0x0000014e   Section        0  libinit2.o(.ARM.Collect$$libinit$$00000017)
    .ARM.Collect$$libinit$$00000019          0x0000014e   Section        0  libinit2.o(.ARM.Collect$$libinit$$00000019)
    .ARM.Collect$$libinit$$0000001B          0x0000014e   Section        0  libinit2.o(.ARM.Collect$$libinit$$0000001B)
    .ARM.Collect$$libinit$$0000001D          0x0000014e   Section        0  libinit2.o(.ARM.Collect$$libinit$$0000001D)
    .ARM.Collect$$libinit$$0000001F          0x0000014e   Section        0  libinit2.o(.ARM.Collect$$libinit$$0000001F)
    .ARM.Collect$$libinit$$00000021          0x0000014e   Section        0  libinit2.o(.ARM.Collect$$libinit$$00000021)
    .ARM.Collect$$libinit$$00000023          0x0000014e   Section        0  libinit2.o(.ARM.Collect$$libinit$$00000023)
    .ARM.Collect$$libinit$$00000025          0x0000014e   Section        0  libinit2.o(.ARM.Collect$$libinit$$00000025)
    .ARM.Collect$$libinit$$0000002C          0x0000014e   Section        0  libinit2.o(.ARM.Collect$$libinit$$0000002C)
    .ARM.Collect$$libinit$$0000002E          0x0000014e   Section        0  libinit2.o(.ARM.Collect$$libinit$$0000002E)
    .ARM.Collect$$libinit$$00000030          0x0000014e   Section        0  libinit2.o(.ARM.Collect$$libinit$$00000030)
    .ARM.Collect$$libinit$$00000032          0x0000014e   Section        0  libinit2.o(.ARM.Collect$$libinit$$00000032)
    .ARM.Collect$$libinit$$00000033          0x0000014e   Section        2  libinit2.o(.ARM.Collect$$libinit$$00000033)
    .ARM.Collect$$libshutdown$$00000000      0x00000150   Section        2  libshutdown.o(.ARM.Collect$$libshutdown$$00000000)
    .ARM.Collect$$libshutdown$$00000002      0x00000152   Section        0  libshutdown2.o(.ARM.Collect$$libshutdown$$00000002)
    .ARM.Collect$$libshutdown$$00000004      0x00000152   Section        0  libshutdown2.o(.ARM.Collect$$libshutdown$$00000004)
    .ARM.Collect$$libshutdown$$00000007      0x00000152   Section        0  libshutdown2.o(.ARM.Collect$$libshutdown$$00000007)
    .ARM.Collect$$libshutdown$$0000000A      0x00000152   Section        0  libshutdown2.o(.ARM.Collect$$libshutdown$$0000000A)
    .ARM.Collect$$libshutdown$$0000000C      0x00000152   Section        0  libshutdown2.o(.ARM.Collect$$libshutdown$$0000000C)
    .ARM.Collect$$libshutdown$$0000000F      0x00000152   Section        0  libshutdown2.o(.ARM.Collect$$libshutdown$$0000000F)
    .ARM.Collect$$libshutdown$$00000010      0x00000152   Section        2  libshutdown2.o(.ARM.Collect$$libshutdown$$00000010)
    .ARM.Collect$$rtentry$$00000000          0x00000154   Section        0  __rtentry.o(.ARM.Collect$$rtentry$$00000000)
    .ARM.Collect$$rtentry$$00000002          0x00000154   Section        0  __rtentry2.o(.ARM.Collect$$rtentry$$00000002)
    .ARM.Collect$$rtentry$$00000004          0x00000154   Section        6  __rtentry4.o(.ARM.Collect$$rtentry$$00000004)
    .ARM.Collect$$rtentry$$00000009          0x0000015a   Section        0  __rtentry2.o(.ARM.Collect$$rtentry$$00000009)
    .ARM.Collect$$rtentry$$0000000A          0x0000015a   Section        4  __rtentry2.o(.ARM.Collect$$rtentry$$0000000A)
    .ARM.Collect$$rtentry$$0000000C          0x0000015e   Section        0  __rtentry2.o(.ARM.Collect$$rtentry$$0000000C)
    .ARM.Collect$$rtentry$$0000000D          0x0000015e   Section        8  __rtentry2.o(.ARM.Collect$$rtentry$$0000000D)
    .ARM.Collect$$rtexit$$00000000           0x00000166   Section        2  rtexit.o(.ARM.Collect$$rtexit$$00000000)
    .ARM.Collect$$rtexit$$00000002           0x00000168   Section        0  rtexit2.o(.ARM.Collect$$rtexit$$00000002)
    .ARM.Collect$$rtexit$$00000003           0x00000168   Section        4  rtexit2.o(.ARM.Collect$$rtexit$$00000003)
    .ARM.Collect$$rtexit$$00000004           0x0000016c   Section        6  rtexit2.o(.ARM.Collect$$rtexit$$00000004)
    .text                                    0x00000174   Section       52  startup_lpc11xx.o(.text)
    .text                                    0x000001a8   Section        2  use_no_semi.o(.text)
    .text                                    0x000001ac   Section        0  noretval__2printf.o(.text)
    .text                                    0x000001c8   Section        0  _printf_dec.o(.text)
    .text                                    0x00000234   Section        0  rt_memclr.o(.text)
    .text                                    0x00000274   Section        0  heapauxi.o(.text)
    .text                                    0x0000027c   Section        0  _printf_char_file.o(.text)
    .text                                    0x000002a4   Section        0  rtudiv10.o(.text)
    .text                                    0x000002cc   Section        0  _printf_char_common.o(.text)
    _printf_input_char                       0x000002cd   Thumb Code    10  _printf_char_common.o(.text)
    .ARM.__at_0x02FC                         0x000002fc   Section        4  startup_lpc11xx.o(.ARM.__at_0x02FC)
    .text                                    0x00000300   Section        0  __printf_flags_wp.o(.text)
    .text                                    0x00000438   Section      346  aeabi_sdiv.o(.text)
    .text                                    0x00000592   Section        0  _printf_intcommon.o(.text)
    .text                                    0x00000642   Section       62  sys_stackheap_outer.o(.text)
    .text                                    0x00000680   Section        0  exit.o(.text)
    .text                                    0x00000690   Section        8  libspace.o(.text)
    i.I2CEngine                              0x00000698   Section        0  i2c.o(i.I2CEngine)
    i.I2CInit                                0x000006f8   Section        0  i2c.o(i.I2CInit)
    i.I2C_IRQHandler                         0x0000077c   Section        0  i2c.o(i.I2C_IRQHandler)
    i.PIOINT1_IRQHandler                     0x00000948   Section        0  main.o(i.PIOINT1_IRQHandler)
    i.SER_init                               0x00000974   Section        0  serial.o(i.SER_init)
    i.SystemInit                             0x000009c4   Section        0  system_lpc11xx.o(i.SystemInit)
    i.TIMER32_0_IRQHandler                   0x00000a38   Section        0  timer32.o(i.TIMER32_0_IRQHandler)
    i.TIMER32_1_IRQHandler                   0x00000a80   Section        0  timer32.o(i.TIMER32_1_IRQHandler)
    i.__ARM_common_switch8                   0x00000ac8   Section        0  system_lpc11xx.o(i.__ARM_common_switch8)
    i._is_digit                              0x00000ae4   Section        0  __printf_wp.o(i._is_digit)
    i._sys_exit                              0x00000af2   Section        0  retarget.o(i._sys_exit)
    i.configureGPIO                          0x00000af8   Section        0  main.o(i.configureGPIO)
    i.delay32Ms                              0x00000b74   Section        0  timer32.o(i.delay32Ms)
    i.delay_ms                               0x00000bcc   Section        0  m0_mpu_6050.o(i.delay_ms)
    i.enable_timer32                         0x00000bdc   Section        0  timer32.o(i.enable_timer32)
    i.ferror                                 0x00000bfc   Section        0  retarget.o(i.ferror)
    i.fputc                                  0x00000c04   Section        0  retarget.o(i.fputc)
    i.i2c_clear_buffers                      0x00000c14   Section        0  m0_mpu_6050.o(i.i2c_clear_buffers)
    i.i2c_read                               0x00000c34   Section        0  m0_mpu_6050.o(i.i2c_read)
    i.i2c_write                              0x00000c9c   Section        0  m0_mpu_6050.o(i.i2c_write)
    i.init_timer32                           0x00000cfc   Section        0  timer32.o(i.init_timer32)
    i.main                                   0x00000d48   Section        0  main.o(i.main)
    i.mpu_configure_fifo                     0x00000db4   Section        0  inv_mpu.o(i.mpu_configure_fifo)
    i.mpu_get_accel_fsr                      0x00000e34   Section        0  inv_mpu.o(i.mpu_get_accel_fsr)
    i.mpu_get_accel_sens                     0x00000e84   Section        0  inv_mpu.o(i.mpu_get_accel_sens)
    i.mpu_get_gyro_fsr                       0x00000edc   Section        0  inv_mpu.o(i.mpu_get_gyro_fsr)
    i.mpu_get_gyro_sens                      0x00000f24   Section        0  inv_mpu.o(i.mpu_get_gyro_sens)
    i.mpu_get_sample_rate                    0x00000f74   Section        0  inv_mpu.o(i.mpu_get_sample_rate)
    i.mpu_init                               0x00000f94   Section        0  inv_mpu.o(i.mpu_init)
    i.mpu_lp_accel_mode                      0x000010ac   Section        0  inv_mpu.o(i.mpu_lp_accel_mode)
    i.mpu_reset_fifo                         0x00001188   Section        0  inv_mpu.o(i.mpu_reset_fifo)
    i.mpu_set_accel_fsr                      0x0000136c   Section        0  inv_mpu.o(i.mpu_set_accel_fsr)
    i.mpu_set_bypass                         0x000013f0   Section        0  inv_mpu.o(i.mpu_set_bypass)
    i.mpu_set_gyro_fsr                       0x00001550   Section        0  inv_mpu.o(i.mpu_set_gyro_fsr)
    i.mpu_set_int_latched                    0x000015e4   Section        0  inv_mpu.o(i.mpu_set_int_latched)
    i.mpu_set_lpf                            0x00001658   Section        0  inv_mpu.o(i.mpu_set_lpf)
    i.mpu_set_sample_rate                    0x000016dc   Section        0  inv_mpu.o(i.mpu_set_sample_rate)
    i.mpu_set_sensors                        0x00001784   Section        0  inv_mpu.o(i.mpu_set_sensors)
    i.reg_int_cb                             0x00001864   Section        0  m0_mpu_6050.o(i.reg_int_cb)
    i.reset_timer32                          0x00001888   Section        0  timer32.o(i.reset_timer32)
    i.sendchar                               0x000018b8   Section        0  serial.o(i.sendchar)
    i.set_int_enable                         0x000018d0   Section        0  inv_mpu.o(i.set_int_enable)
    set_int_enable                           0x000018d1   Thumb Code   166  inv_mpu.o(i.set_int_enable)
    i.setup_MPU_6050                         0x0000197c   Section        0  main.o(i.setup_MPU_6050)
    .constdata                               0x00001a78   Section       84  inv_mpu.o(.constdata)
    .constdata                               0x00001acc   Section       17  __printf_flags_wp.o(.constdata)
    maptable                                 0x00001acc   Data          17  __printf_flags_wp.o(.constdata)
    .data                                    0x10000000   Section        4  system_lpc11xx.o(.data)
    .data                                    0x10000004   Section       18  main.o(.data)
    .data                                    0x10000018   Section       36  i2c.o(.data)
    .data                                    0x1000003c   Section       44  inv_mpu.o(.data)
    st                                       0x1000003c   Data          44  inv_mpu.o(.data)
    .data                                    0x10000068   Section       24  timer32.o(.data)
    .data                                    0x10000080   Section        8  retarget.o(.data)
    .bss                                     0x10000088   Section      128  i2c.o(.bss)
    .bss                                     0x10000108   Section       96  libspace.o(.bss)
    HEAP                                     0x10000168   Section        0  startup_lpc11xx.o(HEAP)
    STACK                                    0x10000168   Section      512  startup_lpc11xx.o(STACK)
    Heap_Mem                                 0x10000168   Data           0  startup_lpc11xx.o(HEAP)
    Stack_Mem                                0x10000168   Data         512  startup_lpc11xx.o(STACK)
    __initial_sp                             0x10000368   Data           0  startup_lpc11xx.o(STACK)

    Global Symbols

    Symbol Name                              Value     Ov Type        Size  Object(Section)

    BuildAttributes$$THM_ISAv3M$S$PE$A:L22$X:L11$S22$IEEE1$IW$USESV6$~STKCKD$USESV7$~SHL$OSPACE$ROPI$EBA8$UX$STANDARDLIB$REQ8$PRES8$EABIv2 0x00000000   Number         0  anon$$obj.o ABSOLUTE
    __ARM_use_no_argv                        0x00000000   Number         0  main.o ABSOLUTE
    __Vectors                                0x00000000   Data           4  startup_lpc11xx.o(RESET)
    _printf_flags                            0x00000000   Number         0  printf_stubs.o ABSOLUTE
    _printf_return_value                     0x00000000   Number         0  printf_stubs.o ABSOLUTE
    _printf_sizespec                         0x00000000   Number         0  printf_stubs.o ABSOLUTE
    _printf_widthprec                        0x00000000   Number         0  printf_stubs.o ABSOLUTE
    __ARM_exceptions_init                     - Undefined Weak Reference
    __alloca_initialize                       - Undefined Weak Reference
    __arm_preinit_                            - Undefined Weak Reference
    __cpp_initialize__aeabi_                  - Undefined Weak Reference
    __cxa_finalize                            - Undefined Weak Reference
    __rt_locale                               - Undefined Weak Reference
    __sigvec_lookup                           - Undefined Weak Reference
    _atexit_init                              - Undefined Weak Reference
    _call_atexit_fns                          - Undefined Weak Reference
    _clock_init                               - Undefined Weak Reference
    _fp_trap_init                             - Undefined Weak Reference
    _fp_trap_shutdown                         - Undefined Weak Reference
    _get_lc_collate                           - Undefined Weak Reference
    _get_lc_ctype                             - Undefined Weak Reference
    _get_lc_monetary                          - Undefined Weak Reference
    _get_lc_numeric                           - Undefined Weak Reference
    _get_lc_time                              - Undefined Weak Reference
    _getenv_init                              - Undefined Weak Reference
    _handle_redirection                       - Undefined Weak Reference
    _init_alloc                               - Undefined Weak Reference
    _init_user_alloc                          - Undefined Weak Reference
    _initio                                   - Undefined Weak Reference
    _printf_truncate_signed                   - Undefined Weak Reference
    _printf_truncate_unsigned                 - Undefined Weak Reference
    _rand_init                                - Undefined Weak Reference
    _signal_finish                            - Undefined Weak Reference
    _signal_init                              - Undefined Weak Reference
    _terminate_alloc                          - Undefined Weak Reference
    _terminate_user_alloc                     - Undefined Weak Reference
    _terminateio                              - Undefined Weak Reference
    __main                                   0x000000c1   Thumb Code     8  __main.o(!!!main)
    __scatterload                            0x000000c9   Thumb Code     0  __scatter.o(!!!scatter)
    __scatterload_rt2                        0x000000c9   Thumb Code    52  __scatter.o(!!!scatter)
    __scatterload_rt2_thumb_only             0x000000c9   Thumb Code     0  __scatter.o(!!!scatter)
    __scatterload_null                       0x000000d9   Thumb Code     0  __scatter.o(!!!scatter)
    __scatterload_copy                       0x00000105   Thumb Code    26  __scatter_copy.o(!!handler_copy)
    __scatterload_zeroinit                   0x00000121   Thumb Code    28  __scatter_zi.o(!!handler_zi)
    _printf_percent                          0x0000013d   Thumb Code     0  _printf_percent.o(.ARM.Collect$$_printf_percent$$00000000)
    _printf_d                                0x0000013f   Thumb Code     0  _printf_d.o(.ARM.Collect$$_printf_percent$$00000009)
    _printf_percent_end                      0x00000149   Thumb Code     0  _printf_percent_end.o(.ARM.Collect$$_printf_percent$$00000017)
    __rt_lib_init                            0x0000014d   Thumb Code     0  libinit.o(.ARM.Collect$$libinit$$00000000)
    __rt_lib_init_alloca_1                   0x0000014f   Thumb Code     0  libinit2.o(.ARM.Collect$$libinit$$0000002E)
    __rt_lib_init_argv_1                     0x0000014f   Thumb Code     0  libinit2.o(.ARM.Collect$$libinit$$0000002C)
    __rt_lib_init_atexit_1                   0x0000014f   Thumb Code     0  libinit2.o(.ARM.Collect$$libinit$$0000001B)
    __rt_lib_init_clock_1                    0x0000014f   Thumb Code     0  libinit2.o(.ARM.Collect$$libinit$$00000021)
    __rt_lib_init_cpp_1                      0x0000014f   Thumb Code     0  libinit2.o(.ARM.Collect$$libinit$$00000032)
    __rt_lib_init_exceptions_1               0x0000014f   Thumb Code     0  libinit2.o(.ARM.Collect$$libinit$$00000030)
    __rt_lib_init_fp_1                       0x0000014f   Thumb Code     0  libinit2.o(.ARM.Collect$$libinit$$00000002)
    __rt_lib_init_fp_trap_1                  0x0000014f   Thumb Code     0  libinit2.o(.ARM.Collect$$libinit$$0000001F)
    __rt_lib_init_getenv_1                   0x0000014f   Thumb Code     0  libinit2.o(.ARM.Collect$$libinit$$00000023)
    __rt_lib_init_heap_1                     0x0000014f   Thumb Code     0  libinit2.o(.ARM.Collect$$libinit$$0000000A)
    __rt_lib_init_lc_collate_1               0x0000014f   Thumb Code     0  libinit2.o(.ARM.Collect$$libinit$$00000011)
    __rt_lib_init_lc_ctype_1                 0x0000014f   Thumb Code     0  libinit2.o(.ARM.Collect$$libinit$$00000013)
    __rt_lib_init_lc_monetary_1              0x0000014f   Thumb Code     0  libinit2.o(.ARM.Collect$$libinit$$00000015)
    __rt_lib_init_lc_numeric_1               0x0000014f   Thumb Code     0  libinit2.o(.ARM.Collect$$libinit$$00000017)
    __rt_lib_init_lc_time_1                  0x0000014f   Thumb Code     0  libinit2.o(.ARM.Collect$$libinit$$00000019)
    __rt_lib_init_preinit_1                  0x0000014f   Thumb Code     0  libinit2.o(.ARM.Collect$$libinit$$00000004)
    __rt_lib_init_rand_1                     0x0000014f   Thumb Code     0  libinit2.o(.ARM.Collect$$libinit$$0000000E)
    __rt_lib_init_return                     0x0000014f   Thumb Code     0  libinit2.o(.ARM.Collect$$libinit$$00000033)
    __rt_lib_init_signal_1                   0x0000014f   Thumb Code     0  libinit2.o(.ARM.Collect$$libinit$$0000001D)
    __rt_lib_init_stdio_1                    0x0000014f   Thumb Code     0  libinit2.o(.ARM.Collect$$libinit$$00000025)
    __rt_lib_init_user_alloc_1               0x0000014f   Thumb Code     0  libinit2.o(.ARM.Collect$$libinit$$0000000C)
    __rt_lib_shutdown                        0x00000151   Thumb Code     0  libshutdown.o(.ARM.Collect$$libshutdown$$00000000)
    __rt_lib_shutdown_cpp_1                  0x00000153   Thumb Code     0  libshutdown2.o(.ARM.Collect$$libshutdown$$00000002)
    __rt_lib_shutdown_fp_trap_1              0x00000153   Thumb Code     0  libshutdown2.o(.ARM.Collect$$libshutdown$$00000007)
    __rt_lib_shutdown_heap_1                 0x00000153   Thumb Code     0  libshutdown2.o(.ARM.Collect$$libshutdown$$0000000F)
    __rt_lib_shutdown_return                 0x00000153   Thumb Code     0  libshutdown2.o(.ARM.Collect$$libshutdown$$00000010)
    __rt_lib_shutdown_signal_1               0x00000153   Thumb Code     0  libshutdown2.o(.ARM.Collect$$libshutdown$$0000000A)
    __rt_lib_shutdown_stdio_1                0x00000153   Thumb Code     0  libshutdown2.o(.ARM.Collect$$libshutdown$$00000004)
    __rt_lib_shutdown_user_alloc_1           0x00000153   Thumb Code     0  libshutdown2.o(.ARM.Collect$$libshutdown$$0000000C)
    __rt_entry                               0x00000155   Thumb Code     0  __rtentry.o(.ARM.Collect$$rtentry$$00000000)
    __rt_entry_presh_1                       0x00000155   Thumb Code     0  __rtentry2.o(.ARM.Collect$$rtentry$$00000002)
    __rt_entry_sh                            0x00000155   Thumb Code     0  __rtentry4.o(.ARM.Collect$$rtentry$$00000004)
    __rt_entry_li                            0x0000015b   Thumb Code     0  __rtentry2.o(.ARM.Collect$$rtentry$$0000000A)
    __rt_entry_postsh_1                      0x0000015b   Thumb Code     0  __rtentry2.o(.ARM.Collect$$rtentry$$00000009)
    __rt_entry_main                          0x0000015f   Thumb Code     0  __rtentry2.o(.ARM.Collect$$rtentry$$0000000D)
    __rt_entry_postli_1                      0x0000015f   Thumb Code     0  __rtentry2.o(.ARM.Collect$$rtentry$$0000000C)
    __rt_exit                                0x00000167   Thumb Code     0  rtexit.o(.ARM.Collect$$rtexit$$00000000)
    __rt_exit_ls                             0x00000169   Thumb Code     0  rtexit2.o(.ARM.Collect$$rtexit$$00000003)
    __rt_exit_prels_1                        0x00000169   Thumb Code     0  rtexit2.o(.ARM.Collect$$rtexit$$00000002)
    __rt_exit_exit                           0x0000016d   Thumb Code     0  rtexit2.o(.ARM.Collect$$rtexit$$00000004)
    Reset_Handler                            0x00000175   Thumb Code     8  startup_lpc11xx.o(.text)
    NMI_Handler                              0x0000017d   Thumb Code     2  startup_lpc11xx.o(.text)
    HardFault_Handler                        0x0000017f   Thumb Code     2  startup_lpc11xx.o(.text)
    SVC_Handler                              0x00000181   Thumb Code     2  startup_lpc11xx.o(.text)
    PendSV_Handler                           0x00000183   Thumb Code     2  startup_lpc11xx.o(.text)
    SysTick_Handler                          0x00000185   Thumb Code     2  startup_lpc11xx.o(.text)
    ADC_IRQHandler                           0x00000187   Thumb Code     0  startup_lpc11xx.o(.text)
    BOD_IRQHandler                           0x00000187   Thumb Code     0  startup_lpc11xx.o(.text)
    CAN_IRQHandler                           0x00000187   Thumb Code     0  startup_lpc11xx.o(.text)
    FMC_IRQHandler                           0x00000187   Thumb Code     0  startup_lpc11xx.o(.text)
    PIOINT0_IRQHandler                       0x00000187   Thumb Code     0  startup_lpc11xx.o(.text)
    PIOINT2_IRQHandler                       0x00000187   Thumb Code     0  startup_lpc11xx.o(.text)
    PIOINT3_IRQHandler                       0x00000187   Thumb Code     0  startup_lpc11xx.o(.text)
    SSP0_IRQHandler                          0x00000187   Thumb Code     0  startup_lpc11xx.o(.text)
    SSP1_IRQHandler                          0x00000187   Thumb Code     0  startup_lpc11xx.o(.text)
    TIMER16_0_IRQHandler                     0x00000187   Thumb Code     0  startup_lpc11xx.o(.text)
    TIMER16_1_IRQHandler                     0x00000187   Thumb Code     0  startup_lpc11xx.o(.text)
    UART_IRQHandler                          0x00000187   Thumb Code     0  startup_lpc11xx.o(.text)
    USB_FIQHandler                           0x00000187   Thumb Code     0  startup_lpc11xx.o(.text)
    USB_IRQHandler                           0x00000187   Thumb Code     0  startup_lpc11xx.o(.text)
    WAKEUP_IRQHandler                        0x00000187   Thumb Code     0  startup_lpc11xx.o(.text)
    WDT_IRQHandler                           0x00000187   Thumb Code     0  startup_lpc11xx.o(.text)
    __user_initial_stackheap                 0x00000189   Thumb Code     0  startup_lpc11xx.o(.text)
    __I$use$semihosting                      0x000001a9   Thumb Code     0  use_no_semi.o(.text)
    __use_no_semihosting_swi                 0x000001a9   Thumb Code     2  use_no_semi.o(.text)
    __2printf                                0x000001ad   Thumb Code    22  noretval__2printf.o(.text)
    _printf_int_dec                          0x000001c9   Thumb Code    90  _printf_dec.o(.text)
    _memset_w                                0x00000235   Thumb Code    26  rt_memclr.o(.text)
    _memset                                  0x0000024f   Thumb Code    30  rt_memclr.o(.text)
    __aeabi_memclr                           0x0000026d   Thumb Code     4  rt_memclr.o(.text)
    __rt_memclr                              0x0000026d   Thumb Code     0  rt_memclr.o(.text)
    __aeabi_memclr4                          0x00000271   Thumb Code     0  rt_memclr.o(.text)
    __aeabi_memclr8                          0x00000271   Thumb Code     0  rt_memclr.o(.text)
    __rt_memclr_w                            0x00000271   Thumb Code     4  rt_memclr.o(.text)
    __use_two_region_memory                  0x00000275   Thumb Code     2  heapauxi.o(.text)
    __rt_heap_escrow$2region                 0x00000277   Thumb Code     2  heapauxi.o(.text)
    __rt_heap_expand$2region                 0x00000279   Thumb Code     2  heapauxi.o(.text)
    _printf_char_file                        0x0000027d   Thumb Code    34  _printf_char_file.o(.text)
    __rt_udiv10                              0x000002a5   Thumb Code    40  rtudiv10.o(.text)
    _printf_char_common                      0x000002d7   Thumb Code    32  _printf_char_common.o(.text)
    __printf                                 0x00000301   Thumb Code   306  __printf_flags_wp.o(.text)
    __aeabi_uidiv                            0x00000439   Thumb Code     0  aeabi_sdiv.o(.text)
    __aeabi_uidivmod                         0x00000439   Thumb Code    20  aeabi_sdiv.o(.text)
    __aeabi_idiv                             0x0000044d   Thumb Code     0  aeabi_sdiv.o(.text)
    __aeabi_idivmod                          0x0000044d   Thumb Code   326  aeabi_sdiv.o(.text)
    _printf_int_common                       0x00000593   Thumb Code   176  _printf_intcommon.o(.text)
    __user_setup_stackheap                   0x00000643   Thumb Code    62  sys_stackheap_outer.o(.text)
    exit                                     0x00000681   Thumb Code    16  exit.o(.text)
    __user_libspace                          0x00000691   Thumb Code     8  libspace.o(.text)
    __user_perproc_libspace                  0x00000691   Thumb Code     0  libspace.o(.text)
    __user_perthread_libspace                0x00000691   Thumb Code     0  libspace.o(.text)
    I2CEngine                                0x00000699   Thumb Code    74  i2c.o(i.I2CEngine)
    I2CInit                                  0x000006f9   Thumb Code   118  i2c.o(i.I2CInit)
    I2C_IRQHandler                           0x0000077d   Thumb Code   428  i2c.o(i.I2C_IRQHandler)
    PIOINT1_IRQHandler                       0x00000949   Thumb Code    36  main.o(i.PIOINT1_IRQHandler)
    SER_init                                 0x00000975   Thumb Code    62  serial.o(i.SER_init)
    SystemInit                               0x000009c5   Thumb Code   108  system_lpc11xx.o(i.SystemInit)
    TIMER32_0_IRQHandler                     0x00000a39   Thumb Code    58  timer32.o(i.TIMER32_0_IRQHandler)
    TIMER32_1_IRQHandler                     0x00000a81   Thumb Code    58  timer32.o(i.TIMER32_1_IRQHandler)
    __ARM_common_switch8                     0x00000ac9   Thumb Code    28  system_lpc11xx.o(i.__ARM_common_switch8)
    _is_digit                                0x00000ae5   Thumb Code    14  __printf_wp.o(i._is_digit)
    _sys_exit                                0x00000af3   Thumb Code     4  retarget.o(i._sys_exit)
    configureGPIO                            0x00000af9   Thumb Code   106  main.o(i.configureGPIO)
    delay32Ms                                0x00000b75   Thumb Code    76  timer32.o(i.delay32Ms)
    delay_ms                                 0x00000bcd   Thumb Code    14  m0_mpu_6050.o(i.delay_ms)
    enable_timer32                           0x00000bdd   Thumb Code    24  timer32.o(i.enable_timer32)
    ferror                                   0x00000bfd   Thumb Code     8  retarget.o(i.ferror)
    fputc                                    0x00000c05   Thumb Code    14  retarget.o(i.fputc)
    i2c_clear_buffers                        0x00000c15   Thumb Code    24  m0_mpu_6050.o(i.i2c_clear_buffers)
    i2c_read                                 0x00000c35   Thumb Code    86  m0_mpu_6050.o(i.i2c_read)
    i2c_write                                0x00000c9d   Thumb Code    84  m0_mpu_6050.o(i.i2c_write)
    init_timer32                             0x00000cfd   Thumb Code    64  timer32.o(i.init_timer32)
    main                                     0x00000d49   Thumb Code    76  main.o(i.main)
    mpu_configure_fifo                       0x00000db5   Thumb Code   124  inv_mpu.o(i.mpu_configure_fifo)
    mpu_get_accel_fsr                        0x00000e35   Thumb Code    76  inv_mpu.o(i.mpu_get_accel_fsr)
    mpu_get_accel_sens                       0x00000e85   Thumb Code    82  inv_mpu.o(i.mpu_get_accel_sens)
    mpu_get_gyro_fsr                         0x00000edd   Thumb Code    66  inv_mpu.o(i.mpu_get_gyro_fsr)
    mpu_get_gyro_sens                        0x00000f25   Thumb Code    60  inv_mpu.o(i.mpu_get_gyro_sens)
    mpu_get_sample_rate                      0x00000f75   Thumb Code    28  inv_mpu.o(i.mpu_get_sample_rate)
    mpu_init                                 0x00000f95   Thumb Code   276  inv_mpu.o(i.mpu_init)
    mpu_lp_accel_mode                        0x000010ad   Thumb Code   216  inv_mpu.o(i.mpu_lp_accel_mode)
    mpu_reset_fifo                           0x00001189   Thumb Code   480  inv_mpu.o(i.mpu_reset_fifo)
    mpu_set_accel_fsr                        0x0000136d   Thumb Code   128  inv_mpu.o(i.mpu_set_accel_fsr)
    mpu_set_bypass                           0x000013f1   Thumb Code   348  inv_mpu.o(i.mpu_set_bypass)
    mpu_set_gyro_fsr                         0x00001551   Thumb Code   142  inv_mpu.o(i.mpu_set_gyro_fsr)
    mpu_set_int_latched                      0x000015e5   Thumb Code   110  inv_mpu.o(i.mpu_set_int_latched)
    mpu_set_lpf                              0x00001659   Thumb Code   128  inv_mpu.o(i.mpu_set_lpf)
    mpu_set_sample_rate                      0x000016dd   Thumb Code   162  inv_mpu.o(i.mpu_set_sample_rate)
    mpu_set_sensors                          0x00001785   Thumb Code   220  inv_mpu.o(i.mpu_set_sensors)
    reg_int_cb                               0x00001865   Thumb Code    14  m0_mpu_6050.o(i.reg_int_cb)
    reset_timer32                            0x00001889   Thumb Code    38  timer32.o(i.reset_timer32)
    sendchar                                 0x000018b9   Thumb Code    20  serial.o(i.sendchar)
    setup_MPU_6050                           0x0000197d   Thumb Code   140  main.o(i.setup_MPU_6050)
    reg                                      0x00001a78   Data          30  inv_mpu.o(.constdata)
    hw                                       0x00001a96   Data          12  inv_mpu.o(.constdata)
    test                                     0x00001aa4   Data          40  inv_mpu.o(.constdata)
    Region$$Table$$Base                      0x00001ae0   Number         0  anon$$obj.o(Region$$Table)
    Region$$Table$$Limit                     0x00001b00   Number         0  anon$$obj.o(Region$$Table)
    SystemCoreClock                          0x10000000   Data           4  system_lpc11xx.o(.data)
    int_data_ready                           0x10000004   Data           4  main.o(.data)
    gyro_rate                                0x10000008   Data           2  main.o(.data)
    gyro_fsr                                 0x1000000a   Data           2  main.o(.data)
    accel_fsr                                0x1000000c   Data           1  main.o(.data)
    gyro_sens                                0x10000010   Data           4  main.o(.data)
    accel_sens                               0x10000014   Data           2  main.o(.data)
    I2CMasterState                           0x10000018   Data           4  i2c.o(.data)
    I2CSlaveState                            0x1000001c   Data           4  i2c.o(.data)
    timeout                                  0x10000020   Data           4  i2c.o(.data)
    I2CMode                                  0x10000024   Data           4  i2c.o(.data)
    I2CCount                                 0x10000028   Data           4  i2c.o(.data)
    I2CReadLength                            0x1000002c   Data           4  i2c.o(.data)
    I2CWriteLength                           0x10000030   Data           4  i2c.o(.data)
    RdIndex                                  0x10000034   Data           4  i2c.o(.data)
    WrIndex                                  0x10000038   Data           4  i2c.o(.data)
    timer32_0_period                         0x10000068   Data           4  timer32.o(.data)
    timer32_0_counter                        0x1000006c   Data           4  timer32.o(.data)
    timer32_0_capture                        0x10000070   Data           4  timer32.o(.data)
    timer32_1_period                         0x10000074   Data           4  timer32.o(.data)
    timer32_1_counter                        0x10000078   Data           4  timer32.o(.data)
    timer32_1_capture                        0x1000007c   Data           4  timer32.o(.data)
    __stdout                                 0x10000080   Data           4  retarget.o(.data)
    __stdin                                  0x10000084   Data           4  retarget.o(.data)
    I2CMasterBuffer                          0x10000088   Data          64  i2c.o(.bss)
    I2CSlaveBuffer                           0x100000c8   Data          64  i2c.o(.bss)
    __libspace_start                         0x10000108   Data          96  libspace.o(.bss)
    __temporary_stack_top$libspace           0x10000168   Data           0  libspace.o(.bss)



==============================================================================

Memory Map of the image

  Image Entry point : 0x000000c1

  Load Region LR_IROM1 (Base: 0x00000000, Size: 0x00001b88, Max: 0x00008000, ABSOLUTE)

    Execution Region ER_IROM1 (Base: 0x00000000, Size: 0x00001b00, Max: 0x00008000, ABSOLUTE)

    Base Addr    Size         Type   Attr      Idx    E Section Name        Object

    0x00000000   0x000000c0   Data   RO           55    RESET               startup_lpc11xx.o
    0x000000c0   0x00000008   Code   RO          990  * !!!main             c_p.l(__main.o)
    0x000000c8   0x0000003c   Code   RO         1210    !!!scatter          c_p.l(__scatter.o)
    0x00000104   0x0000001a   Code   RO         1212    !!handler_copy      c_p.l(__scatter_copy.o)
    0x0000011e   0x00000002   PAD
    0x00000120   0x0000001c   Code   RO         1214    !!handler_zi        c_p.l(__scatter_zi.o)
    0x0000013c   0x00000002   Code   RO          977    .ARM.Collect$$_printf_percent$$00000000  c_p.l(_printf_percent.o)
    0x0000013e   0x0000000a   Code   RO          976    .ARM.Collect$$_printf_percent$$00000009  c_p.l(_printf_d.o)
    0x00000148   0x00000004   Code   RO         1030    .ARM.Collect$$_printf_percent$$00000017  c_p.l(_printf_percent_end.o)
    0x0000014c   0x00000002   Code   RO         1083    .ARM.Collect$$libinit$$00000000  c_p.l(libinit.o)
    0x0000014e   0x00000000   Code   RO         1099    .ARM.Collect$$libinit$$00000002  c_p.l(libinit2.o)
    0x0000014e   0x00000000   Code   RO         1101    .ARM.Collect$$libinit$$00000004  c_p.l(libinit2.o)
    0x0000014e   0x00000000   Code   RO         1104    .ARM.Collect$$libinit$$0000000A  c_p.l(libinit2.o)
    0x0000014e   0x00000000   Code   RO         1106    .ARM.Collect$$libinit$$0000000C  c_p.l(libinit2.o)
    0x0000014e   0x00000000   Code   RO         1108    .ARM.Collect$$libinit$$0000000E  c_p.l(libinit2.o)
    0x0000014e   0x00000000   Code   RO         1111    .ARM.Collect$$libinit$$00000011  c_p.l(libinit2.o)
    0x0000014e   0x00000000   Code   RO         1113    .ARM.Collect$$libinit$$00000013  c_p.l(libinit2.o)
    0x0000014e   0x00000000   Code   RO         1115    .ARM.Collect$$libinit$$00000015  c_p.l(libinit2.o)
    0x0000014e   0x00000000   Code   RO         1117    .ARM.Collect$$libinit$$00000017  c_p.l(libinit2.o)
    0x0000014e   0x00000000   Code   RO         1119    .ARM.Collect$$libinit$$00000019  c_p.l(libinit2.o)
    0x0000014e   0x00000000   Code   RO         1121    .ARM.Collect$$libinit$$0000001B  c_p.l(libinit2.o)
    0x0000014e   0x00000000   Code   RO         1123    .ARM.Collect$$libinit$$0000001D  c_p.l(libinit2.o)
    0x0000014e   0x00000000   Code   RO         1125    .ARM.Collect$$libinit$$0000001F  c_p.l(libinit2.o)
    0x0000014e   0x00000000   Code   RO         1127    .ARM.Collect$$libinit$$00000021  c_p.l(libinit2.o)
    0x0000014e   0x00000000   Code   RO         1129    .ARM.Collect$$libinit$$00000023  c_p.l(libinit2.o)
    0x0000014e   0x00000000   Code   RO         1131    .ARM.Collect$$libinit$$00000025  c_p.l(libinit2.o)
    0x0000014e   0x00000000   Code   RO         1135    .ARM.Collect$$libinit$$0000002C  c_p.l(libinit2.o)
    0x0000014e   0x00000000   Code   RO         1137    .ARM.Collect$$libinit$$0000002E  c_p.l(libinit2.o)
    0x0000014e   0x00000000   Code   RO         1139    .ARM.Collect$$libinit$$00000030  c_p.l(libinit2.o)
    0x0000014e   0x00000000   Code   RO         1141    .ARM.Collect$$libinit$$00000032  c_p.l(libinit2.o)
    0x0000014e   0x00000002   Code   RO         1142    .ARM.Collect$$libinit$$00000033  c_p.l(libinit2.o)
    0x00000150   0x00000002   Code   RO         1166    .ARM.Collect$$libshutdown$$00000000  c_p.l(libshutdown.o)
    0x00000152   0x00000000   Code   RO         1192    .ARM.Collect$$libshutdown$$00000002  c_p.l(libshutdown2.o)
    0x00000152   0x00000000   Code   RO         1194    .ARM.Collect$$libshutdown$$00000004  c_p.l(libshutdown2.o)
    0x00000152   0x00000000   Code   RO         1197    .ARM.Collect$$libshutdown$$00000007  c_p.l(libshutdown2.o)
    0x00000152   0x00000000   Code   RO         1200    .ARM.Collect$$libshutdown$$0000000A  c_p.l(libshutdown2.o)
    0x00000152   0x00000000   Code   RO         1202    .ARM.Collect$$libshutdown$$0000000C  c_p.l(libshutdown2.o)
    0x00000152   0x00000000   Code   RO         1205    .ARM.Collect$$libshutdown$$0000000F  c_p.l(libshutdown2.o)
    0x00000152   0x00000002   Code   RO         1206    .ARM.Collect$$libshutdown$$00000010  c_p.l(libshutdown2.o)
    0x00000154   0x00000000   Code   RO         1019    .ARM.Collect$$rtentry$$00000000  c_p.l(__rtentry.o)
    0x00000154   0x00000000   Code   RO         1039    .ARM.Collect$$rtentry$$00000002  c_p.l(__rtentry2.o)
    0x00000154   0x00000006   Code   RO         1051    .ARM.Collect$$rtentry$$00000004  c_p.l(__rtentry4.o)
    0x0000015a   0x00000000   Code   RO         1041    .ARM.Collect$$rtentry$$00000009  c_p.l(__rtentry2.o)
    0x0000015a   0x00000004   Code   RO         1042    .ARM.Collect$$rtentry$$0000000A  c_p.l(__rtentry2.o)
    0x0000015e   0x00000000   Code   RO         1044    .ARM.Collect$$rtentry$$0000000C  c_p.l(__rtentry2.o)
    0x0000015e   0x00000008   Code   RO         1045    .ARM.Collect$$rtentry$$0000000D  c_p.l(__rtentry2.o)
    0x00000166   0x00000002   Code   RO         1090    .ARM.Collect$$rtexit$$00000000  c_p.l(rtexit.o)
    0x00000168   0x00000000   Code   RO         1144    .ARM.Collect$$rtexit$$00000002  c_p.l(rtexit2.o)
    0x00000168   0x00000004   Code   RO         1145    .ARM.Collect$$rtexit$$00000003  c_p.l(rtexit2.o)
    0x0000016c   0x00000006   Code   RO         1146    .ARM.Collect$$rtexit$$00000004  c_p.l(rtexit2.o)
    0x00000172   0x00000002   PAD
    0x00000174   0x00000034   Code   RO           57    .text               startup_lpc11xx.o
    0x000001a8   0x00000002   Code   RO          918    .text               c_p.l(use_no_semi.o)
    0x000001aa   0x00000002   PAD
    0x000001ac   0x0000001c   Code   RO          926    .text               c_p.l(noretval__2printf.o)
    0x000001c8   0x0000006c   Code   RO          932    .text               c_p.l(_printf_dec.o)
    0x00000234   0x00000040   Code   RO          982    .text               c_p.l(rt_memclr.o)
    0x00000274   0x00000006   Code   RO          988    .text               c_p.l(heapauxi.o)
    0x0000027a   0x00000002   PAD
    0x0000027c   0x00000028   Code   RO         1028    .text               c_p.l(_printf_char_file.o)
    0x000002a4   0x00000028   Code   RO         1031    .text               c_p.l(rtudiv10.o)
    0x000002cc   0x00000030   Code   RO         1059    .text               c_p.l(_printf_char_common.o)
    0x000002fc   0x00000004   Code   RO           56    .ARM.__at_0x02FC    startup_lpc11xx.o
    0x00000300   0x00000138   Code   RO          967    .text               c_p.l(__printf_flags_wp.o)
    0x00000438   0x0000015a   Code   RO          984    .text               c_p.l(aeabi_sdiv.o)
    0x00000592   0x000000b0   Code   RO         1026    .text               c_p.l(_printf_intcommon.o)
    0x00000642   0x0000003e   Code   RO         1067    .text               c_p.l(sys_stackheap_outer.o)
    0x00000680   0x00000010   Code   RO         1072    .text               c_p.l(exit.o)
    0x00000690   0x00000008   Code   RO         1086    .text               c_p.l(libspace.o)
    0x00000698   0x00000060   Code   RO          141    i.I2CEngine         i2c.o
    0x000006f8   0x00000084   Code   RO          142    i.I2CInit           i2c.o
    0x0000077c   0x000001cc   Code   RO          145    i.I2C_IRQHandler    i2c.o
    0x00000948   0x0000002c   Code   RO           65    i.PIOINT1_IRQHandler  main.o
    0x00000974   0x00000050   Code   RO          886    i.SER_init          serial.o
    0x000009c4   0x00000074   Code   RO            4    i.SystemInit        system_lpc11xx.o
    0x00000a38   0x00000048   Code   RO          754    i.TIMER32_0_IRQHandler  timer32.o
    0x00000a80   0x00000048   Code   RO          755    i.TIMER32_1_IRQHandler  timer32.o
    0x00000ac8   0x0000001c   Code   RO           28    i.__ARM_common_switch8  system_lpc11xx.o
    0x00000ae4   0x0000000e   Code   RO          965    i._is_digit         c_p.l(__printf_wp.o)
    0x00000af2   0x00000004   Code   RO          838    i._sys_exit         retarget.o
    0x00000af6   0x00000002   PAD
    0x00000af8   0x0000007c   Code   RO           66    i.configureGPIO     main.o
    0x00000b74   0x00000058   Code   RO          756    i.delay32Ms         timer32.o
    0x00000bcc   0x0000000e   Code   RO          699    i.delay_ms          m0_mpu_6050.o
    0x00000bda   0x00000002   PAD
    0x00000bdc   0x00000020   Code   RO          759    i.enable_timer32    timer32.o
    0x00000bfc   0x00000008   Code   RO          840    i.ferror            retarget.o
    0x00000c04   0x0000000e   Code   RO          842    i.fputc             retarget.o
    0x00000c12   0x00000002   PAD
    0x00000c14   0x00000020   Code   RO          701    i.i2c_clear_buffers  m0_mpu_6050.o
    0x00000c34   0x00000068   Code   RO          702    i.i2c_read          m0_mpu_6050.o
    0x00000c9c   0x00000060   Code   RO          703    i.i2c_write         m0_mpu_6050.o
    0x00000cfc   0x0000004c   Code   RO          760    i.init_timer32      timer32.o
    0x00000d48   0x0000006c   Code   RO           67    i.main              main.o
    0x00000db4   0x00000080   Code   RO          197    i.mpu_configure_fifo  inv_mpu.o
    0x00000e34   0x00000050   Code   RO          198    i.mpu_get_accel_fsr  inv_mpu.o
    0x00000e84   0x00000058   Code   RO          200    i.mpu_get_accel_sens  inv_mpu.o
    0x00000edc   0x00000048   Code   RO          206    i.mpu_get_gyro_fsr  inv_mpu.o
    0x00000f24   0x00000050   Code   RO          208    i.mpu_get_gyro_sens  inv_mpu.o
    0x00000f74   0x00000020   Code   RO          212    i.mpu_get_sample_rate  inv_mpu.o
    0x00000f94   0x00000118   Code   RO          214    i.mpu_init          inv_mpu.o
    0x000010ac   0x000000dc   Code   RO          216    i.mpu_lp_accel_mode  inv_mpu.o
    0x00001188   0x000001e4   Code   RO          226    i.mpu_reset_fifo    inv_mpu.o
    0x0000136c   0x00000084   Code   RO          230    i.mpu_set_accel_fsr  inv_mpu.o
    0x000013f0   0x00000160   Code   RO          231    i.mpu_set_bypass    inv_mpu.o
    0x00001550   0x00000094   Code   RO          235    i.mpu_set_gyro_fsr  inv_mpu.o
    0x000015e4   0x00000074   Code   RO          236    i.mpu_set_int_latched  inv_mpu.o
    0x00001658   0x00000084   Code   RO          238    i.mpu_set_lpf       inv_mpu.o
    0x000016dc   0x000000a8   Code   RO          239    i.mpu_set_sample_rate  inv_mpu.o
    0x00001784   0x000000e0   Code   RO          240    i.mpu_set_sensors   inv_mpu.o
    0x00001864   0x00000024   Code   RO          704    i.reg_int_cb        m0_mpu_6050.o
    0x00001888   0x00000030   Code   RO          763    i.reset_timer32     timer32.o
    0x000018b8   0x00000018   Code   RO          888    i.sendchar          serial.o
    0x000018d0   0x000000ac   Code   RO          242    i.set_int_enable    inv_mpu.o
    0x0000197c   0x000000fc   Code   RO           68    i.setup_MPU_6050    main.o
    0x00001a78   0x00000054   Data   RO          243    .constdata          inv_mpu.o
    0x00001acc   0x00000011   Data   RO          968    .constdata          c_p.l(__printf_flags_wp.o)
    0x00001add   0x00000003   PAD
    0x00001ae0   0x00000020   Data   RO         1208    Region$$Table       anon$$obj.o


    Execution Region RW_IRAM1 (Base: 0x10000000, Size: 0x00000368, Max: 0x00001000, ABSOLUTE)

    Base Addr    Size         Type   Attr      Idx    E Section Name        Object

    0x10000000   0x00000004   Data   RW            5    .data               system_lpc11xx.o
    0x10000004   0x00000012   Data   RW           69    .data               main.o
    0x10000016   0x00000002   PAD
    0x10000018   0x00000024   Data   RW          147    .data               i2c.o
    0x1000003c   0x0000002c   Data   RW          244    .data               inv_mpu.o
    0x10000068   0x00000018   Data   RW          765    .data               timer32.o
    0x10000080   0x00000008   Data   RW          843    .data               retarget.o
    0x10000088   0x00000080   Zero   RW          146    .bss                i2c.o
    0x10000108   0x00000060   Zero   RW         1087    .bss                c_p.l(libspace.o)
    0x10000168   0x00000000   Zero   RW           54    HEAP                startup_lpc11xx.o
    0x10000168   0x00000200   Zero   RW           53    STACK               startup_lpc11xx.o


==============================================================================

Image component sizes


      Code (inc. data)   RO Data    RW Data    ZI Data      Debug   Object Name

       688         82          0         36        128       2523   i2c.o
      2908         96         84         44          0      15437   inv_mpu.o
       282         60          0          0          0       3725   m0_mpu_6050.o
       528        170          0         18          0       7736   main.o
        26          0          0          8          0       3011   retarget.o
       104         22          0          0          0        822   serial.o
        56         26        192          0        512        764   startup_lpc11xx.o
       144          8          0          4          0      13947   system_lpc11xx.o
       388         70          0         24          0       3602   timer32.o

    ----------------------------------------------------------------------
      5130        534        308        136        640      51567   Object Totals
         0          0         32          0          0          0   (incl. Generated)
         6          0          0          2          0          0   (incl. Padding)

    ----------------------------------------------------------------------

      Code (inc. data)   RO Data    RW Data    ZI Data      Debug   Library Member Name

         8          0          0          0          0         68   __main.o
       312          6         17          0          0         76   __printf_flags_wp.o
        14          0          0          0          0         60   __printf_wp.o
         0          0          0          0          0          0   __rtentry.o
        12          0          0          0          0          0   __rtentry2.o
         6          0          0          0          0          0   __rtentry4.o
        60          8          0          0          0          0   __scatter.o
        26          0          0          0          0          0   __scatter_copy.o
        28          0          0          0          0          0   __scatter_zi.o
        48          6          0          0          0         88   _printf_char_common.o
        40          6          0          0          0         72   _printf_char_file.o
        10          0          0          0          0          0   _printf_d.o
       108         18          0          0          0         76   _printf_dec.o
       176          0          0          0          0         84   _printf_intcommon.o
         2          0          0          0          0          0   _printf_percent.o
         4          0          0          0          0          0   _printf_percent_end.o
       346          0          0          0          0         92   aeabi_sdiv.o
        16          0          0          0          0         68   exit.o
         6          0          0          0          0        136   heapauxi.o
         2          0          0          0          0          0   libinit.o
         2          0          0          0          0          0   libinit2.o
         2          0          0          0          0          0   libshutdown.o
         2          0          0          0          0          0   libshutdown2.o
         8          4          0          0         96         68   libspace.o
        28          6          0          0          0         84   noretval__2printf.o
        64          0          0          0          0        108   rt_memclr.o
         2          0          0          0          0          0   rtexit.o
        10          0          0          0          0          0   rtexit2.o
        40          0          0          0          0         60   rtudiv10.o
        62          0          0          0          0         80   sys_stackheap_outer.o
         2          0          0          0          0         68   use_no_semi.o

    ----------------------------------------------------------------------
      1454         54         20          0         96       1288   Library Totals
         8          0          3          0          0          0   (incl. Padding)

    ----------------------------------------------------------------------

      Code (inc. data)   RO Data    RW Data    ZI Data      Debug   Library Name

      1446         54         17          0         96       1288   c_p.l

    ----------------------------------------------------------------------
      1454         54         20          0         96       1288   Library Totals

    ----------------------------------------------------------------------

==============================================================================


      Code (inc. data)   RO Data    RW Data    ZI Data      Debug   

      6584        588        328        136        736      50643   Grand Totals
      6584        588        328        136        736      50643   ELF Image Totals
      6584        588        328        136          0          0   ROM Totals

==============================================================================

    Total RO  Size (Code + RO Data)                 6912 (   6.75kB)
    Total RW  Size (RW Data + ZI Data)               872 (   0.85kB)
    Total ROM Size (Code + RO Data + RW Data)       7048 (   6.88kB)

==============================================================================

