Component: ARM Compiler 5.06 update 2 (build 183) Tool: armlink [4d35b7]

==============================================================================

Section Cross References

    system_lpc11xx.o(i.SystemCoreClockUpdate) refers to system_lpc11xx.o(i.__ARM_common_switch8) for __ARM_common_switch8
    system_lpc11xx.o(i.SystemCoreClockUpdate) refers to aeabi_sdiv.o(.text) for __aeabi_uidivmod
    system_lpc11xx.o(i.SystemCoreClockUpdate) refers to system_lpc11xx.o(.data) for SystemCoreClock
    startup_lpc11xx.o(STACK) refers (Special) to heapauxi.o(.text) for __use_two_region_memory
    startup_lpc11xx.o(HEAP) refers (Special) to heapauxi.o(.text) for __use_two_region_memory
    startup_lpc11xx.o(RESET) refers (Special) to heapauxi.o(.text) for __use_two_region_memory
    startup_lpc11xx.o(RESET) refers to startup_lpc11xx.o(STACK) for __initial_sp
    startup_lpc11xx.o(RESET) refers to startup_lpc11xx.o(.text) for Reset_Handler
    startup_lpc11xx.o(RESET) refers to i2c.o(i.I2C_IRQHandler) for I2C_IRQHandler
    startup_lpc11xx.o(RESET) refers to timer32.o(i.TIMER32_0_IRQHandler) for TIMER32_0_IRQHandler
    startup_lpc11xx.o(RESET) refers to timer32.o(i.TIMER32_1_IRQHandler) for TIMER32_1_IRQHandler
    startup_lpc11xx.o(.ARM.__at_0x02FC) refers (Special) to heapauxi.o(.text) for __use_two_region_memory
    startup_lpc11xx.o(.text) refers (Special) to heapauxi.o(.text) for __use_two_region_memory
    startup_lpc11xx.o(.text) refers to system_lpc11xx.o(i.SystemInit) for SystemInit
    startup_lpc11xx.o(.text) refers to __main.o(!!!main) for __main
    startup_lpc11xx.o(.text) refers to startup_lpc11xx.o(HEAP) for Heap_Mem
    startup_lpc11xx.o(.text) refers to startup_lpc11xx.o(STACK) for Stack_Mem
    main.o(i.interrupt) refers to main.o(.data) for new_int
    main.o(i.main) refers to serial.o(i.SER_init) for SER_init
    main.o(i.main) refers to main.o(i.configureGPIO) for configureGPIO
    main.o(i.main) refers to i2c.o(i.I2CInit) for I2CInit
    main.o(i.main) refers to aeabi_sdiv.o(.text) for __aeabi_uidivmod
    main.o(i.main) refers to timer32.o(i.init_timer32) for init_timer32
    main.o(i.main) refers to timer32.o(i.enable_timer32) for enable_timer32
    main.o(i.main) refers to timer32.o(i.delay32Ms) for delay32Ms
    main.o(i.main) refers to main.o(i.setup_MPU_6050) for setup_MPU_6050
    main.o(i.main) refers to system_lpc11xx.o(.data) for SystemCoreClock
    main.o(i.setup_MPU_6050) refers to _printf_percent.o(.ARM.Collect$$_printf_percent$$00000000) for _printf_percent
    main.o(i.setup_MPU_6050) refers to _printf_d.o(.ARM.Collect$$_printf_percent$$00000009) for _printf_d
    main.o(i.setup_MPU_6050) refers to _printf_dec.o(.text) for _printf_int_dec
    main.o(i.setup_MPU_6050) refers to noretval__2printf.o(.text) for __2printf
    main.o(i.setup_MPU_6050) refers to inv_mpu.o(i.mpu_init) for mpu_init
    main.o(i.setup_MPU_6050) refers to main.o(.constdata) for .constdata
    main.o(.constdata) refers to main.o(i.interrupt) for interrupt
    i2c.o(i.I2CEngine) refers to i2c.o(.data) for RdIndex
    i2c.o(i.I2CStart) refers to i2c.o(.data) for I2CMasterState
    i2c.o(i.I2C_IRQHandler) refers to system_lpc11xx.o(i.__ARM_common_switch8) for __ARM_common_switch8
    i2c.o(i.I2C_IRQHandler) refers to i2c.o(.data) for timeout
    i2c.o(i.I2C_IRQHandler) refers to i2c.o(.bss) for I2CMasterBuffer
    inv_mpu.o(i.accel_self_test) refers to inv_mpu.o(i.get_accel_prod_shift) for get_accel_prod_shift
    inv_mpu.o(i.accel_self_test) refers to fflti.o(.text) for __aeabi_i2f
    inv_mpu.o(i.accel_self_test) refers to fdiv.o(.text) for __aeabi_fdiv
    inv_mpu.o(i.accel_self_test) refers to feqf.o(x$fpl$feqf) for __aeabi_cfcmpeq
    inv_mpu.o(i.accel_self_test) refers to faddsub.o(x$fpl$fsub) for __aeabi_fsub
    inv_mpu.o(i.accel_self_test) refers to f2d.o(.text) for __aeabi_f2d
    inv_mpu.o(i.accel_self_test) refers to drlef.o(x$fpl$drleqf) for __aeabi_cdrcmple
    inv_mpu.o(i.accel_self_test) refers to flef.o(x$fpl$fleqf) for __aeabi_cfcmple
    inv_mpu.o(i.accel_self_test) refers to frlef.o(x$fpl$frleqf) for __aeabi_cfrcmple
    inv_mpu.o(i.accel_self_test) refers to inv_mpu.o(.constdata) for test
    inv_mpu.o(i.get_accel_prod_shift) refers to m0_mpu_6050.o(i.i2c_read) for i2c_read
    inv_mpu.o(i.get_accel_prod_shift) refers to fmul.o(x$fpl$fmul) for __aeabi_fmul
    inv_mpu.o(i.get_accel_prod_shift) refers to inv_mpu.o(.data) for st
    inv_mpu.o(i.get_st_biases) refers to m0_mpu_6050.o(i.i2c_write) for i2c_write
    inv_mpu.o(i.get_st_biases) refers to m0_mpu_6050.o(i.delay_ms) for delay_ms
    inv_mpu.o(i.get_st_biases) refers to m0_mpu_6050.o(i.i2c_read) for i2c_read
    inv_mpu.o(i.get_st_biases) refers to aeabi_sdiv.o(.text) for __aeabi_idivmod
    inv_mpu.o(i.get_st_biases) refers to llsdiv.o(.text) for __aeabi_ldivmod
    inv_mpu.o(i.get_st_biases) refers to inv_mpu.o(.data) for st
[...]
    m0_mpu_6050.o(i.i2c_read) refers to i2c.o(.bss) for I2CMasterBuffer
    m0_mpu_6050.o(i.i2c_write) refers to _printf_pad.o(.text) for _printf_pre_padding
    m0_mpu_6050.o(i.i2c_write) refers to _printf_percent.o(.ARM.Collect$$_printf_percent$$00000000) for _printf_percent
    m0_mpu_6050.o(i.i2c_write) refers to _printf_x.o(.ARM.Collect$$_printf_percent$$0000000C) for _printf_x
    m0_mpu_6050.o(i.i2c_write) refers to _printf_hex_int.o(.text) for _printf_longlong_hex
    m0_mpu_6050.o(i.i2c_write) refers to _printf_d.o(.ARM.Collect$$_printf_percent$$00000009) for _printf_d
    m0_mpu_6050.o(i.i2c_write) refers to _printf_dec.o(.text) for _printf_int_dec
    m0_mpu_6050.o(i.i2c_write) refers to i2c.o(i.I2CEngine) for I2CEngine
    m0_mpu_6050.o(i.i2c_write) refers to noretval__2printf.o(.text) for __2printf
    m0_mpu_6050.o(i.i2c_write) refers to i2c.o(.data) for I2CWriteLength
    m0_mpu_6050.o(i.i2c_write) refers to i2c.o(.bss) for I2CMasterBuffer
    timer32.o(i.TIMER32_0_IRQHandler) refers to timer32.o(.data) for timer32_0_counter
    timer32.o(i.TIMER32_1_IRQHandler) refers to timer32.o(.data) for timer32_1_counter
    timer32.o(i.delay32Ms) refers to timer32.o(i.init_timer32) for init_timer32
    timer32.o(i.delay32Ms) refers to timer32.o(i.reset_timer32) for reset_timer32
    timer32.o(i.delay32Us) refers to timer32.o(i.init_timer32) for init_timer32
    timer32.o(i.delay32Us) refers to timer32.o(i.reset_timer32) for reset_timer32
    timer32.o(i.init_timer32) refers to timer32.o(i.reset_timer32) for reset_timer32
    timer32.o(i.init_timer32PWM) refers to timer32.o(i.disable_timer32) for disable_timer32
    timer32.o(i.init_timer32PWM) refers to timer32.o(.data) for timer32_1_period
    retarget.o(i._sys_exit) refers (Special) to use_no_semi.o(.text) for __use_no_semihosting_swi
    retarget.o(i._ttywrch) refers (Special) to use_no_semi.o(.text) for __use_no_semihosting_swi
    retarget.o(i._ttywrch) refers to serial.o(i.sendchar) for sendchar
    retarget.o(i.ferror) refers (Special) to use_no_semi.o(.text) for __use_no_semihosting_swi
    retarget.o(i.fgetc) refers (Special) to use_no_semi.o(.text) for __use_no_semihosting_swi
    retarget.o(i.fgetc) refers to serial.o(i.getkey) for getkey
    retarget.o(i.fputc) refers (Special) to use_no_semi.o(.text) for __use_no_semihosting_swi
    retarget.o(i.fputc) refers to serial.o(i.sendchar) for sendchar
    retarget.o(.data) refers (Special) to use_no_semi.o(.text) for __use_no_semihosting_swi
    llsdiv.o(.text) refers to lludiv.o(.text) for __aeabi_uldivmod
    __2printf.o(.text) refers to _printf_char_file.o(.text) for _printf_char_file
    __2printf.o(.text) refers to retarget.o(.data) for __stdout
    noretval__2printf.o(.text) refers to _printf_char_file.o(.text) for _printf_char_file
    noretval__2printf.o(.text) refers to retarget.o(.data) for __stdout
    __printf.o(.text) refers to _printf_percent.o(.ARM.Collect$$_printf_percent$$00000000) for _printf_percent
    _printf_dec.o(.text) refers to rtudiv10.o(.text) for __rt_udiv10
    _printf_dec.o(.text) refers to _printf_intcommon.o(.text) for _printf_int_common
    _printf_hex_ll.o(.text) refers to _printf_intcommon.o(.text) for _printf_int_common
    _printf_hex_ll.o(.text) refers to _printf_hex_ll.o(.constdata) for .constdata
    _printf_hex_int.o(.text) refers to _printf_intcommon.o(.text) for _printf_int_common
    _printf_hex_int.o(.text) refers to _printf_hex_int.o(.constdata) for .constdata
    _printf_hex_int_ll.o(.text) refers to _printf_intcommon.o(.text) for _printf_int_common
    _printf_hex_int_ll.o(.text) refers to _printf_hex_int_ll.o(.constdata) for .constdata
    _printf_hex_ptr.o(.text) refers to _printf_intcommon.o(.text) for _printf_int_common
    _printf_hex_ptr.o(.text) refers to _printf_hex_ptr.o(.constdata) for .constdata
    _printf_hex_int_ptr.o(.text) refers to _printf_intcommon.o(.text) for _printf_int_common
    _printf_hex_int_ptr.o(.text) refers to _printf_hex_int_ptr.o(.constdata) for .constdata
    _printf_hex_ll_ptr.o(.text) refers to _printf_intcommon.o(.text) for _printf_int_common
    _printf_hex_ll_ptr.o(.text) refers to _printf_hex_ll_ptr.o(.constdata) for .constdata
    _printf_hex_int_ll_ptr.o(.text) refers to _printf_intcommon.o(.text) for _printf_int_common
    _printf_hex_int_ll_ptr.o(.text) refers to _printf_hex_int_ll_ptr.o(.constdata) for .constdata
    __printf_flags.o(.text) refers to _printf_percent.o(.ARM.Collect$$_printf_percent$$00000000) for _printf_percent
    __printf_flags.o(.text) refers to __printf_flags.o(.constdata) for .constdata
    __printf_ss.o(.text) refers to _printf_percent.o(.ARM.Collect$$_printf_percent$$00000000) for _printf_percent
    __printf_flags_ss.o(.text) refers to _printf_percent.o(.ARM.Collect$$_printf_percent$$00000000) for _printf_percent
    __printf_flags_ss.o(.text) refers to __printf_flags_ss.o(.constdata) for .constdata
    __printf_wp.o(.text) refers to __printf_wp.o(i._is_digit) for _is_digit
    __printf_wp.o(.text) refers to _printf_percent.o(.ARM.Collect$$_printf_percent$$00000000) for _printf_percent
    __printf_flags_wp.o(.text) refers to __printf_wp.o(i._is_digit) for _is_digit
    __printf_flags_wp.o(.text) refers to _printf_percent.o(.ARM.Collect$$_printf_percent$$00000000) for _printf_percent
    __printf_flags_wp.o(.text) refers to __printf_flags_wp.o(.constdata) for .constdata
    __printf_ss_wp.o(.text) refers to __printf_wp.o(i._is_digit) for _is_digit
    __printf_ss_wp.o(.text) refers to _printf_percent.o(.ARM.Collect$$_printf_percent$$00000000) for _printf_percent
    __printf_flags_ss_wp.o(.text) refers to __printf_wp.o(i._is_digit) for _is_digit
    __printf_flags_ss_wp.o(.text) refers to _printf_percent.o(.ARM.Collect$$_printf_percent$$00000000) for _printf_percent
    __printf_flags_ss_wp.o(.text) refers to __printf_flags_ss_wp.o(.constdata) for .constdata
    _printf_x.o(.ARM.Collect$$_printf_percent$$0000000C) refers (Weak) to _printf_hex_int.o(.text) for _printf_int_hex
    _printf_d.o(.ARM.Collect$$_printf_percent$$00000009) refers (Weak) to _printf_dec.o(.text) for _printf_int_dec
    _printf_percent.o(.ARM.Collect$$_printf_percent$$00000000) refers (Special) to _printf_percent_end.o(.ARM.Collect$$_printf_percent$$00000017) for _printf_percent_end
    aeabi_memset.o(.text) refers to rt_memclr.o(.text) for _memset
    __main.o(!!!main) refers to __rtentry.o(.ARM.Collect$$rtentry$$00000000) for __rt_entry
    drlef.o(x$fpl$drleqf) refers (Special) to usenofp.o(x$fpl$usenofp) for __I$use$fp
    drlef.o(x$fpl$drleqf) refers to dcmpin.o(.text) for __fpl_dcmp_InfNaN
    f2d.o(.text) refers (Special) to usenofp.o(x$fpl$usenofp) for __I$use$fp
    faddsub.o(x$fpl$fadd) refers (Special) to usenofp.o(x$fpl$usenofp) for __I$use$fp
    faddsub.o(x$fpl$fadd) refers to faddsub.o(x$fpl$fsub) for _fsub1
    faddsub.o(x$fpl$frsb) refers (Special) to usenofp.o(x$fpl$usenofp) for __I$use$fp
    faddsub.o(x$fpl$frsb) refers to faddsub.o(x$fpl$fsub) for _fsub1
    faddsub.o(x$fpl$frsb) refers to faddsub.o(x$fpl$fadd) for _fadd1
    faddsub.o(x$fpl$fsub) refers (Special) to usenofp.o(x$fpl$usenofp) for __I$use$fp
    faddsub.o(x$fpl$fsub) refers to faddsub.o(x$fpl$fadd) for _fadd1
    fdiv.o(.text) refers (Special) to usenofp.o(x$fpl$usenofp) for __I$use$fp
    fdiv.o(.text) refers to fdiv.o(.constdata) for .constdata
    fdiv.o(.constdata) refers (Special) to usenofp.o(x$fpl$usenofp) for __I$use$fp
    feqf.o(x$fpl$feqf) refers (Special) to usenofp.o(x$fpl$usenofp) for __I$use$fp
    feqf.o(x$fpl$feqf) refers to fcmpin.o(.text) for __fpl_fcmp_InfNaN
    ffixi.o(.text) refers (Special) to usenofp.o(x$fpl$usenofp) for __I$use$fp
    ffixui.o(.text) refers (Special) to usenofp.o(x$fpl$usenofp) for __I$use$fp
    fflti.o(.text) refers (Special) to usenofp.o(x$fpl$usenofp) for __I$use$fp
    flef.o(x$fpl$fleqf) refers (Special) to usenofp.o(x$fpl$usenofp) for __I$use$fp
    flef.o(x$fpl$fleqf) refers to fcmpin.o(.text) for __fpl_fcmp_InfNaN
    fmul.o(x$fpl$fmul) refers (Special) to usenofp.o(x$fpl$usenofp) for __I$use$fp
    frlef.o(x$fpl$frleqf) refers (Special) to usenofp.o(x$fpl$usenofp) for __I$use$fp
    frlef.o(x$fpl$frleqf) refers to fcmpin.o(.text) for __fpl_fcmp_InfNaN
    __rtentry.o(.ARM.Collect$$rtentry$$00000000) refers (Special) to __rtentry2.o(.ARM.Collect$$rtentry$$0000000A) for __rt_entry_li
    __rtentry.o(.ARM.Collect$$rtentry$$00000000) refers (Special) to __rtentry2.o(.ARM.Collect$$rtentry$$0000000D) for __rt_entry_main
    __rtentry.o(.ARM.Collect$$rtentry$$00000000) refers (Special) to __rtentry2.o(.ARM.Collect$$rtentry$$0000000C) for __rt_entry_postli_1
    __rtentry.o(.ARM.Collect$$rtentry$$00000000) refers (Special) to __rtentry2.o(.ARM.Collect$$rtentry$$00000009) for __rt_entry_postsh_1
    __rtentry.o(.ARM.Collect$$rtentry$$00000000) refers (Special) to __rtentry2.o(.ARM.Collect$$rtentry$$00000002) for __rt_entry_presh_1
    __rtentry.o(.ARM.Collect$$rtentry$$00000000) refers (Special) to __rtentry4.o(.ARM.Collect$$rtentry$$00000004) for __rt_entry_sh
    aeabi_idiv0_sigfpe.o(.text) refers to rt_div0.o(.text) for __rt_div0
    _printf_intcommon.o(.text) refers (Weak) to _printf_pad.o(.text) for _printf_pre_padding
    _printf_intcommon.o(.text) refers (Weak) to _printf_pad.o(.text) for _printf_pre_padding
    _printf_intcommon.o(.text) refers (Weak) to _printf_pad.o(.text) for _printf_post_padding
    _printf_char_file.o(.text) refers to _printf_char_common.o(.text) for _printf_char_common
    _printf_char_file.o(.text) refers to retarget.o(i.ferror) for ferror
    _printf_char_file.o(.text) refers to retarget.o(i.fputc) for fputc
    dcmpin.o(.text) refers (Special) to usenofp.o(x$fpl$usenofp) for __I$use$fp
    dcmpin.o(.text) refers to cmpret.o(.text) for __fpl_cmpreturn
    dcmpin.o(.text) refers to dnan2.o(.text) for __fpl_dcheck_NaN2
    fcmpin.o(.text) refers (Special) to usenofp.o(x$fpl$usenofp) for __I$use$fp
    fcmpin.o(.text) refers to cmpret.o(.text) for __fpl_cmpreturn
    fcmpin.o(.text) refers to fnan2.o(.text) for __fpl_fcheck_NaN2
    __rtentry2.o(.ARM.Collect$$rtentry$$00000008) refers to boardinit2.o(.text) for _platform_post_stackheap_init
    __rtentry2.o(.ARM.Collect$$rtentry$$0000000A) refers to libinit.o(.ARM.Collect$$libinit$$00000000) for __rt_lib_init
    __rtentry2.o(.ARM.Collect$$rtentry$$0000000B) refers to boardinit3.o(.text) for _platform_post_lib_init
    __rtentry2.o(.ARM.Collect$$rtentry$$0000000D) refers to main.o(i.main) for main
    __rtentry2.o(.ARM.Collect$$rtentry$$0000000D) refers to exit.o(.text) for exit
    __rtentry2.o(.ARM.exidx) refers to __rtentry2.o(.ARM.Collect$$rtentry$$00000001) for .ARM.Collect$$rtentry$$00000001
    __rtentry2.o(.ARM.exidx) refers to __rtentry2.o(.ARM.Collect$$rtentry$$00000008) for .ARM.Collect$$rtentry$$00000008
    __rtentry2.o(.ARM.exidx) refers to __rtentry2.o(.ARM.Collect$$rtentry$$0000000A) for .ARM.Collect$$rtentry$$0000000A
    __rtentry2.o(.ARM.exidx) refers to __rtentry2.o(.ARM.Collect$$rtentry$$0000000B) for .ARM.Collect$$rtentry$$0000000B
    __rtentry2.o(.ARM.exidx) refers to __rtentry2.o(.ARM.Collect$$rtentry$$0000000D) for .ARM.Collect$$rtentry$$0000000D
    __rtentry4.o(.ARM.Collect$$rtentry$$00000004) refers to sys_stackheap_outer.o(.text) for __user_setup_stackheap
    __rtentry4.o(.ARM.exidx) refers to __rtentry4.o(.ARM.Collect$$rtentry$$00000004) for .ARM.Collect$$rtentry$$00000004
    rt_div0.o(.text) refers to defsig_fpe_outer.o(.text) for __rt_SIGFPE
    aeabi_ldiv0_sigfpe.o(.text) refers to rt_div0.o(.text) for __rt_div0
    _printf_char_common.o(.text) refers to __printf_flags_wp.o(.text) for __printf
    cmpret.o(.text) refers (Special) to usenofp.o(x$fpl$usenofp) for __I$use$fp
    dnan2.o(.text) refers (Special) to usenofp.o(x$fpl$usenofp) for __I$use$fp
    dnan2.o(.text) refers to retnan.o(.text) for __fpl_return_NaN
    fnan2.o(.text) refers (Special) to usenofp.o(x$fpl$usenofp) for __I$use$fp
    fnan2.o(.text) refers to retnan.o(.text) for __fpl_return_NaN
    sys_stackheap_outer.o(.text) refers to libspace.o(.text) for __user_perproc_libspace
    sys_stackheap_outer.o(.text) refers to startup_lpc11xx.o(.text) for __user_initial_stackheap
    sys_stackheap_outer.o(__vectab_stack_and_reset_area) refers to tempstk.o(.text) for __temporary_stack_top
    sys_stackheap_outer.o(__vectab_stack_and_reset_area) refers to __main.o(!!!main) for __main
    exit.o(.text) refers to rtexit.o(.ARM.Collect$$rtexit$$00000000) for __rt_exit
    defsig_fpe_outer.o(.text) refers to defsig_fpe_inner.o(.text) for __rt_SIGFPE_inner
    defsig_fpe_outer.o(.text) refers to defsig_exit.o(.text) for __sig_exit
    defsig_fpe_formal.o(.text) refers to rt_raise.o(.text) for __rt_raise
    libinit.o(.ARM.Collect$$libinit$$00000000) refers (Special) to libinit2.o(.ARM.Collect$$libinit$$0000002E) for __rt_lib_init_alloca_1
    libinit.o(.ARM.Collect$$libinit$$00000000) refers (Special) to libinit2.o(.ARM.Collect$$libinit$$0000002C) for __rt_lib_init_argv_1
    libinit.o(.ARM.Collect$$libinit$$00000000) refers (Special) to libinit2.o(.ARM.Collect$$libinit$$0000001B) for __rt_lib_init_atexit_1
    libinit.o(.ARM.Collect$$libinit$$00000000) refers (Special) to libinit2.o(.ARM.Collect$$libinit$$00000021) for __rt_lib_init_clock_1
    libinit.o(.ARM.Collect$$libinit$$00000000) refers (Special) to libinit2.o(.ARM.Collect$$libinit$$00000032) for __rt_lib_init_cpp_1
    libinit.o(.ARM.Collect$$libinit$$00000000) refers (Special) to libinit2.o(.ARM.Collect$$libinit$$00000030) for __rt_lib_init_exceptions_1
    libinit.o(.ARM.Collect$$libinit$$00000000) refers (Special) to libinit2.o(.ARM.Collect$$libinit$$00000002) for __rt_lib_init_fp_1
    libinit.o(.ARM.Collect$$libinit$$00000000) refers (Special) to libinit2.o(.ARM.Collect$$libinit$$0000001F) for __rt_lib_init_fp_trap_1
    libinit.o(.ARM.Collect$$libinit$$00000000) refers (Special) to libinit2.o(.ARM.Collect$$libinit$$00000023) for __rt_lib_init_getenv_1
    libinit.o(.ARM.Collect$$libinit$$00000000) refers (Special) to libinit2.o(.ARM.Collect$$libinit$$0000000A) for __rt_lib_init_heap_1
    libinit.o(.ARM.Collect$$libinit$$00000000) refers (Special) to libinit2.o(.ARM.Collect$$libinit$$00000011) for __rt_lib_init_lc_collate_1
    libinit.o(.ARM.Collect$$libinit$$00000000) refers (Special) to libinit2.o(.ARM.Collect$$libinit$$00000013) for __rt_lib_init_lc_ctype_1
    libinit.o(.ARM.Collect$$libinit$$00000000) refers (Special) to libinit2.o(.ARM.Collect$$libinit$$00000015) for __rt_lib_init_lc_monetary_1
    libinit.o(.ARM.Collect$$libinit$$00000000) refers (Special) to libinit2.o(.ARM.Collect$$libinit$$00000017) for __rt_lib_init_lc_numeric_1
    libinit.o(.ARM.Collect$$libinit$$00000000) refers (Special) to libinit2.o(.ARM.Collect$$libinit$$00000019) for __rt_lib_init_lc_time_1
    libinit.o(.ARM.Collect$$libinit$$00000000) refers (Special) to libinit2.o(.ARM.Collect$$libinit$$00000004) for __rt_lib_init_preinit_1
    libinit.o(.ARM.Collect$$libinit$$00000000) refers (Special) to libinit2.o(.ARM.Collect$$libinit$$0000000E) for __rt_lib_init_rand_1
    libinit.o(.ARM.Collect$$libinit$$00000000) refers (Special) to libinit2.o(.ARM.Collect$$libinit$$00000033) for __rt_lib_init_return
    libinit.o(.ARM.Collect$$libinit$$00000000) refers (Special) to libinit2.o(.ARM.Collect$$libinit$$0000001D) for __rt_lib_init_signal_1
    libinit.o(.ARM.Collect$$libinit$$00000000) refers (Special) to libinit2.o(.ARM.Collect$$libinit$$00000025) for __rt_lib_init_stdio_1
    libinit.o(.ARM.Collect$$libinit$$00000000) refers (Special) to libinit2.o(.ARM.Collect$$libinit$$0000000C) for __rt_lib_init_user_alloc_1
    retnan.o(.text) refers (Special) to usenofp.o(x$fpl$usenofp) for __I$use$fp
    retnan.o(.text) refers to cmpret.o(.text) for __fpl_cmpreturn
    libspace.o(.text) refers to libspace.o(.bss) for __libspace_start
    rtexit.o(.ARM.Collect$$rtexit$$00000000) refers (Special) to rtexit2.o(.ARM.Collect$$rtexit$$00000004) for __rt_exit_exit
    rtexit.o(.ARM.Collect$$rtexit$$00000000) refers (Special) to rtexit2.o(.ARM.Collect$$rtexit$$00000003) for __rt_exit_ls
    rtexit.o(.ARM.Collect$$rtexit$$00000000) refers (Special) to rtexit2.o(.ARM.Collect$$rtexit$$00000002) for __rt_exit_prels_1
    rtexit.o(.ARM.exidx) refers (Special) to rtexit2.o(.ARM.Collect$$rtexit$$00000004) for __rt_exit_exit
    rtexit.o(.ARM.exidx) refers (Special) to rtexit2.o(.ARM.Collect$$rtexit$$00000003) for __rt_exit_ls
    rtexit.o(.ARM.exidx) refers (Special) to rtexit2.o(.ARM.Collect$$rtexit$$00000002) for __rt_exit_prels_1
    rtexit.o(.ARM.exidx) refers to rtexit.o(.ARM.Collect$$rtexit$$00000000) for .ARM.Collect$$rtexit$$00000000
    rt_raise.o(.text) refers to __raise.o(.text) for __raise
    rt_raise.o(.text) refers to retarget.o(i._sys_exit) for _sys_exit
    defsig_exit.o(.text) refers to retarget.o(i._sys_exit) for _sys_exit
    defsig_fpe_inner.o(.text) refers to defsig_general.o(.text) for __default_signal_display
    libinit2.o(.ARM.Collect$$libinit$$00000010) refers to libinit2.o(.ARM.Collect$$libinit$$0000000F) for .ARM.Collect$$libinit$$0000000F
    libinit2.o(.ARM.Collect$$libinit$$00000012) refers to libinit2.o(.ARM.Collect$$libinit$$0000000F) for .ARM.Collect$$libinit$$0000000F
    libinit2.o(.ARM.Collect$$libinit$$00000014) refers to libinit2.o(.ARM.Collect$$libinit$$0000000F) for .ARM.Collect$$libinit$$0000000F
    libinit2.o(.ARM.Collect$$libinit$$00000016) refers to libinit2.o(.ARM.Collect$$libinit$$0000000F) for .ARM.Collect$$libinit$$0000000F
    libinit2.o(.ARM.Collect$$libinit$$00000018) refers to libinit2.o(.ARM.Collect$$libinit$$0000000F) for .ARM.Collect$$libinit$$0000000F
    libinit2.o(.ARM.Collect$$libinit$$00000026) refers to argv_veneer.o(.text) for __ARM_argv_veneer
    libinit2.o(.ARM.Collect$$libinit$$00000027) refers to argv_veneer.o(.text) for __ARM_argv_veneer
    rtexit2.o(.ARM.Collect$$rtexit$$00000003) refers to libshutdown.o(.ARM.Collect$$libshutdown$$00000000) for __rt_lib_shutdown
    rtexit2.o(.ARM.Collect$$rtexit$$00000004) refers to retarget.o(i._sys_exit) for _sys_exit
    rtexit2.o(.ARM.exidx) refers to rtexit2.o(.ARM.Collect$$rtexit$$00000001) for .ARM.Collect$$rtexit$$00000001
    rtexit2.o(.ARM.exidx) refers to rtexit2.o(.ARM.Collect$$rtexit$$00000003) for .ARM.Collect$$rtexit$$00000003
    rtexit2.o(.ARM.exidx) refers to rtexit2.o(.ARM.Collect$$rtexit$$00000004) for .ARM.Collect$$rtexit$$00000004
    __raise.o(.text) refers to defsig.o(CL$$defsig) for __default_signal_handler
    defsig_general.o(.text) refers to retarget.o(i._ttywrch) for _ttywrch
    defsig.o(CL$$defsig) refers to defsig_fpe_inner.o(.text) for __rt_SIGFPE_inner
    defsig.o(CL$$defsig) refers to defsig_rtmem_inner.o(.text) for __rt_SIGRTMEM_inner
    _get_argv_nomalloc.o(.text) refers (Special) to hrguard.o(.text) for __heap_region$guard
    _get_argv_nomalloc.o(.text) refers to defsig_rtmem_outer.o(.text) for __rt_SIGRTMEM
    _get_argv_nomalloc.o(.text) refers to sys_command.o(.text) for _sys_command_string
    libshutdown.o(.ARM.Collect$$libshutdown$$00000000) refers (Special) to libshutdown2.o(.ARM.Collect$$libshutdown$$00000002) for __rt_lib_shutdown_cpp_1
    libshutdown.o(.ARM.Collect$$libshutdown$$00000000) refers (Special) to libshutdown2.o(.ARM.Collect$$libshutdown$$00000007) for __rt_lib_shutdown_fp_trap_1
    libshutdown.o(.ARM.Collect$$libshutdown$$00000000) refers (Special) to libshutdown2.o(.ARM.Collect$$libshutdown$$0000000F) for __rt_lib_shutdown_heap_1
    libshutdown.o(.ARM.Collect$$libshutdown$$00000000) refers (Special) to libshutdown2.o(.ARM.Collect$$libshutdown$$00000010) for __rt_lib_shutdown_return
    libshutdown.o(.ARM.Collect$$libshutdown$$00000000) refers (Special) to libshutdown2.o(.ARM.Collect$$libshutdown$$0000000A) for __rt_lib_shutdown_signal_1
    libshutdown.o(.ARM.Collect$$libshutdown$$00000000) refers (Special) to libshutdown2.o(.ARM.Collect$$libshutdown$$00000004) for __rt_lib_shutdown_stdio_1
    libshutdown.o(.ARM.Collect$$libshutdown$$00000000) refers (Special) to libshutdown2.o(.ARM.Collect$$libshutdown$$0000000C) for __rt_lib_shutdown_user_alloc_1
    sys_command.o(.text) refers (Special) to use_no_semi.o(.text) for __I$use$semihosting
    sys_command.o(.text) refers (Special) to indicate_semi.o(.text) for __semihosting_library_function
    defsig_abrt_inner.o(.text) refers to defsig_general.o(.text) for __default_signal_display
    defsig_rtred_inner.o(.text) refers to defsig_general.o(.text) for __default_signal_display
    defsig_rtmem_inner.o(.text) refers to defsig_general.o(.text) for __default_signal_display
    defsig_rtmem_outer.o(.text) refers to defsig_rtmem_inner.o(.text) for __rt_SIGRTMEM_inner
    defsig_rtmem_outer.o(.text) refers to defsig_exit.o(.text) for __sig_exit
    defsig_rtmem_formal.o(.text) refers to rt_raise.o(.text) for __rt_raise
    defsig_stak_inner.o(.text) refers to defsig_general.o(.text) for __default_signal_display
    defsig_pvfn_inner.o(.text) refers to defsig_general.o(.text) for __default_signal_display
    defsig_cppl_inner.o(.text) refers to defsig_general.o(.text) for __default_signal_display
    defsig_segv_inner.o(.text) refers to defsig_general.o(.text) for __default_signal_display
    defsig_other.o(.text) refers to defsig_general.o(.text) for __default_signal_display


==============================================================================

Removing Unused input sections from the image.

    Removing system_lpc11xx.o(.rev16_text), (4 bytes).
    Removing system_lpc11xx.o(.revsh_text), (4 bytes).
    Removing system_lpc11xx.o(i.SystemCoreClockUpdate), (440 bytes).
    Removing main.o(.rev16_text), (4 bytes).
    Removing main.o(.revsh_text), (4 bytes).
    Removing main.o(i.delay), (16 bytes).
    Removing main.o(i.ledOff), (20 bytes).
    Removing main.o(i.ledOn), (20 bytes).
    Removing i2c.o(.rev16_text), (4 bytes).
    Removing i2c.o(.revsh_text), (4 bytes).
    Removing i2c.o(i.I2CStart), (52 bytes).
    Removing i2c.o(i.I2CStop), (30 bytes).
    Removing inv_mpu.o(i.accel_self_test), (204 bytes).
    Removing inv_mpu.o(i.get_accel_prod_shift), (184 bytes).
    Removing inv_mpu.o(i.get_st_biases), (1212 bytes).
    Removing inv_mpu.o(i.gyro_self_test), (308 bytes).
    Removing inv_mpu.o(i.mpu_get_accel_fsr), (80 bytes).
    Removing inv_mpu.o(i.mpu_get_accel_reg), (120 bytes).
    Removing inv_mpu.o(i.mpu_get_accel_sens), (88 bytes).
    Removing inv_mpu.o(i.mpu_get_compass_fsr), (8 bytes).
    Removing inv_mpu.o(i.mpu_get_compass_reg), (8 bytes).
    Removing inv_mpu.o(i.mpu_get_compass_sample_rate), (10 bytes).
    Removing inv_mpu.o(i.mpu_get_dmp_state), (16 bytes).
    Removing inv_mpu.o(i.mpu_get_fifo_config), (16 bytes).
    Removing inv_mpu.o(i.mpu_get_gyro_fsr), (72 bytes).
    Removing inv_mpu.o(i.mpu_get_gyro_reg), (120 bytes).
    Removing inv_mpu.o(i.mpu_get_gyro_sens), (80 bytes).
    Removing inv_mpu.o(i.mpu_get_int_status), (68 bytes).
    Removing inv_mpu.o(i.mpu_get_lpf), (80 bytes).
    Removing inv_mpu.o(i.mpu_get_power_state), (28 bytes).
    Removing inv_mpu.o(i.mpu_get_sample_rate), (32 bytes).
    Removing inv_mpu.o(i.mpu_get_temperature), (160 bytes).
    Removing inv_mpu.o(i.mpu_load_firmware), (192 bytes).
    Removing inv_mpu.o(i.mpu_lp_motion_interrupt), (244 bytes).
    Removing inv_mpu.o(i.mpu_read_6050_accel_bias), (136 bytes).
    Removing inv_mpu.o(i.mpu_read_6500_accel_bias), (136 bytes).
    Removing inv_mpu.o(i.mpu_read_6500_gyro_bias), (136 bytes).
    Removing inv_mpu.o(i.mpu_read_fifo), (568 bytes).
    Removing inv_mpu.o(i.mpu_read_fifo_stream), (216 bytes).
    Removing inv_mpu.o(i.mpu_read_mem), (124 bytes).
    Removing inv_mpu.o(i.mpu_read_reg), (72 bytes).
    Removing inv_mpu.o(i.mpu_reg_dump), (108 bytes).
    Removing inv_mpu.o(i.mpu_run_self_test), (288 bytes).
    Removing inv_mpu.o(i.mpu_set_accel_bias_6050_reg), (216 bytes).
    Removing inv_mpu.o(i.mpu_set_accel_bias_6500_reg), (216 bytes).
    Removing inv_mpu.o(i.mpu_set_compass_sample_rate), (8 bytes).
    Removing inv_mpu.o(i.mpu_set_dmp_state), (144 bytes).
    Removing inv_mpu.o(i.mpu_set_gyro_bias_reg), (164 bytes).
    Removing inv_mpu.o(i.mpu_set_int_level), (16 bytes).
    Removing inv_mpu.o(i.mpu_write_mem), (124 bytes).
    Removing inv_mpu_dmp_motion_driver.o(i.decode_gesture), (104 bytes).
    Removing inv_mpu_dmp_motion_driver.o(i.dmp_enable_6x_lp_quat), (60 bytes).
    Removing inv_mpu_dmp_motion_driver.o(i.dmp_enable_feature), (540 bytes).
    Removing inv_mpu_dmp_motion_driver.o(i.dmp_enable_gyro_cal), (88 bytes).
    Removing inv_mpu_dmp_motion_driver.o(i.dmp_enable_lp_quat), (60 bytes).
    Removing inv_mpu_dmp_motion_driver.o(i.dmp_get_enabled_features), (16 bytes).
    Removing inv_mpu_dmp_motion_driver.o(i.dmp_get_fifo_rate), (16 bytes).
    Removing inv_mpu_dmp_motion_driver.o(i.dmp_get_pedometer_step_count), (66 bytes).
    Removing inv_mpu_dmp_motion_driver.o(i.dmp_get_pedometer_walk_time), (70 bytes).
    Removing inv_mpu_dmp_motion_driver.o(i.dmp_load_motion_driver_firmware), (28 bytes).
    Removing inv_mpu_dmp_motion_driver.o(i.dmp_read_fifo), (464 bytes).
    Removing inv_mpu_dmp_motion_driver.o(i.dmp_register_android_orient_cb), (16 bytes).
    Removing inv_mpu_dmp_motion_driver.o(i.dmp_register_tap_cb), (16 bytes).
    Removing inv_mpu_dmp_motion_driver.o(i.dmp_set_accel_bias), (352 bytes).
    Removing inv_mpu_dmp_motion_driver.o(i.dmp_set_fifo_rate), (120 bytes).
    Removing inv_mpu_dmp_motion_driver.o(i.dmp_set_gyro_bias), (324 bytes).
    Removing inv_mpu_dmp_motion_driver.o(i.dmp_set_interrupt_mode), (92 bytes).
    Removing inv_mpu_dmp_motion_driver.o(i.dmp_set_orientation), (324 bytes).
    Removing inv_mpu_dmp_motion_driver.o(i.dmp_set_pedometer_step_count), (42 bytes).
    Removing inv_mpu_dmp_motion_driver.o(i.dmp_set_pedometer_walk_time), (52 bytes).
    Removing inv_mpu_dmp_motion_driver.o(i.dmp_set_shake_reject_thresh), (58 bytes).
    Removing inv_mpu_dmp_motion_driver.o(i.dmp_set_shake_reject_time), (36 bytes).
    Removing inv_mpu_dmp_motion_driver.o(i.dmp_set_shake_reject_timeout), (36 bytes).
    Removing inv_mpu_dmp_motion_driver.o(i.dmp_set_tap_axes), (76 bytes).
    Removing inv_mpu_dmp_motion_driver.o(i.dmp_set_tap_count), (38 bytes).
    Removing inv_mpu_dmp_motion_driver.o(i.dmp_set_tap_thresh), (428 bytes).
    Removing inv_mpu_dmp_motion_driver.o(i.dmp_set_tap_time), (36 bytes).
    Removing inv_mpu_dmp_motion_driver.o(i.dmp_set_tap_time_multi), (36 bytes).
    Removing inv_mpu_dmp_motion_driver.o(.bss), (16 bytes).
    Removing inv_mpu_dmp_motion_driver.o(.constdata), (3062 bytes).
    Removing m0_mpu_6050.o(.rev16_text), (4 bytes).
    Removing m0_mpu_6050.o(.revsh_text), (4 bytes).
    Removing m0_mpu_6050.o(i.get_ms), (14 bytes).
    Removing timer32.o(.rev16_text), (4 bytes).
    Removing timer32.o(.revsh_text), (4 bytes).
    Removing timer32.o(i.delay32Us), (84 bytes).
    Removing timer32.o(i.disable_timer32), (32 bytes).
    Removing timer32.o(i.init_timer32PWM), (440 bytes).
    Removing timer32.o(i.read_timer32), (32 bytes).
    Removing timer32.o(i.setMatch_timer32PWM), (108 bytes).
    Removing retarget.o(i._ttywrch), (12 bytes).
    Removing retarget.o(i.fgetc), (10 bytes).
    Removing serial.o(.rev16_text), (4 bytes).
    Removing serial.o(.revsh_text), (4 bytes).
    Removing serial.o(i.getkey), (24 bytes).
    Removing inv_mpu_dmp_motion_driver.o(i.__ARM_common_ll_mulss), (48 bytes).

96 unused section(s) (total 14104 bytes) removed from the image.

==============================================================================

Image Symbol Table

    Local Symbols

    Symbol Name                              Value     Ov Type        Size  Object(Section)

    RESET                                    0x00000000   Section      192  startup_lpc11xx.o(RESET)
    ../clib/angel/boardlib.s                 0x00000000   Number         0  boardshut.o ABSOLUTE
    ../clib/angel/boardlib.s                 0x00000000   Number         0  boardinit3.o ABSOLUTE
    ../clib/angel/boardlib.s                 0x00000000   Number         0  boardinit2.o ABSOLUTE
    ../clib/angel/boardlib.s                 0x00000000   Number         0  boardinit1.o ABSOLUTE
    ../clib/angel/handlers.s                 0x00000000   Number         0  __scatter_copy.o ABSOLUTE
    ../clib/angel/handlers.s                 0x00000000   Number         0  __scatter_zi.o ABSOLUTE
    ../clib/angel/kernel.s                   0x00000000   Number         0  rtexit2.o ABSOLUTE
    ../clib/angel/kernel.s                   0x00000000   Number         0  __rtentry2.o ABSOLUTE
    ../clib/angel/kernel.s                   0x00000000   Number         0  __rtentry4.o ABSOLUTE
    ../clib/angel/kernel.s                   0x00000000   Number         0  rtexit.o ABSOLUTE
    ../clib/angel/kernel.s                   0x00000000   Number         0  __rtentry.o ABSOLUTE
    ../clib/angel/rt.s                       0x00000000   Number         0  rt_raise.o ABSOLUTE
    ../clib/angel/rt.s                       0x00000000   Number         0  aeabi_idiv0_sigfpe.o ABSOLUTE
    ../clib/angel/rt.s                       0x00000000   Number         0  aeabi_idiv0.o ABSOLUTE
    ../clib/angel/rt.s                       0x00000000   Number         0  aeabi_ldiv0.o ABSOLUTE
    ../clib/angel/rt.s                       0x00000000   Number         0  aeabi_ldiv0_sigfpe.o ABSOLUTE
    ../clib/angel/rt.s                       0x00000000   Number         0  rt_div0.o ABSOLUTE
    ../clib/angel/scatterp.s                 0x00000000   Number         0  __scatter.o ABSOLUTE
    ../clib/angel/startup.s                  0x00000000   Number         0  __main.o ABSOLUTE
    ../clib/angel/sys.s                      0x00000000   Number         0  libspace.o ABSOLUTE
    ../clib/angel/sys.s                      0x00000000   Number         0  use_no_semi.o ABSOLUTE
    ../clib/angel/sys.s                      0x00000000   Number         0  indicate_semi.o ABSOLUTE
    ../clib/angel/sys.s                      0x00000000   Number         0  tempstk.o ABSOLUTE
    ../clib/angel/sys.s                      0x00000000   Number         0  sys_stackheap_outer.o ABSOLUTE
    ../clib/angel/sysapp.c                   0x00000000   Number         0  sys_command.o ABSOLUTE
    ../clib/armsys.c                         0x00000000   Number         0  argv_veneer.o ABSOLUTE
    ../clib/armsys.c                         0x00000000   Number         0  no_argv.o ABSOLUTE
    ../clib/armsys.c                         0x00000000   Number         0  _get_argv_nomalloc.o ABSOLUTE
    ../clib/division.c                       0x00000000   Number         0  lludiv.o ABSOLUTE
    ../clib/division.c                       0x00000000   Number         0  rtudiv10.o ABSOLUTE
    ../clib/division.c                       0x00000000   Number         0  llsdiv.o ABSOLUTE
    ../clib/division.s                       0x00000000   Number         0  aeabi_sdiv.o ABSOLUTE
    ../clib/division.s                       0x00000000   Number         0  aeabi_sdiv_div0.o ABSOLUTE
    ../clib/heapalloc.c                      0x00000000   Number         0  hrguard.o ABSOLUTE
    ../clib/heapaux.c                        0x00000000   Number         0  heapauxi.o ABSOLUTE
    ../clib/libinit.s                        0x00000000   Number         0  libshutdown.o ABSOLUTE
    ../clib/libinit.s                        0x00000000   Number         0  libshutdown2.o ABSOLUTE
    ../clib/libinit.s                        0x00000000   Number         0  libinit.o ABSOLUTE
    ../clib/libinit.s                        0x00000000   Number         0  libinit2.o ABSOLUTE
    ../clib/longlong.c                       0x00000000   Number         0  llmul.o ABSOLUTE
    ../clib/memcpset.c                       0x00000000   Number         0  aeabi_memset.o ABSOLUTE
    ../clib/memcpset.c                       0x00000000   Number         0  rt_memclr.o ABSOLUTE
    ../clib/misc.s                           0x00000000   Number         0  printf_stubs.o ABSOLUTE
    ../clib/printf.c                         0x00000000   Number         0  _printf_hex_ll.o ABSOLUTE
    ../clib/printf.c                         0x00000000   Number         0  _printf_hex_int.o ABSOLUTE
    ../clib/printf.c                         0x00000000   Number         0  _printf_hex_int_ll.o ABSOLUTE
    ../clib/printf.c                         0x00000000   Number         0  _printf_hex_ptr.o ABSOLUTE
    ../clib/printf.c                         0x00000000   Number         0  _printf_hex_int_ptr.o ABSOLUTE
    ../clib/printf.c                         0x00000000   Number         0  _printf_hex_ll_ptr.o ABSOLUTE
    ../clib/printf.c                         0x00000000   Number         0  _printf_hex_int_ll_ptr.o ABSOLUTE
    ../clib/printf.c                         0x00000000   Number         0  __printf_ss.o ABSOLUTE
    ../clib/printf.c                         0x00000000   Number         0  __printf_flags_ss.o ABSOLUTE
    ../clib/printf.c                         0x00000000   Number         0  __printf_wp.o ABSOLUTE
    ../clib/printf.c                         0x00000000   Number         0  __printf_flags_wp.o ABSOLUTE
    ../clib/printf.c                         0x00000000   Number         0  __printf_ss_wp.o ABSOLUTE
    ../clib/printf.c                         0x00000000   Number         0  __printf_flags_ss_wp.o ABSOLUTE
    ../clib/printf.c                         0x00000000   Number         0  __printf_flags.o ABSOLUTE
    ../clib/printf.c                         0x00000000   Number         0  _printf_intcommon.o ABSOLUTE
    ../clib/printf.c                         0x00000000   Number         0  _printf_char_file.o ABSOLUTE
    ../clib/printf.c                         0x00000000   Number         0  _printf_char_common.o ABSOLUTE
    ../clib/printf.c                         0x00000000   Number         0  __printf_nopercent.o ABSOLUTE
    ../clib/printf.c                         0x00000000   Number         0  __2printf.o ABSOLUTE
    ../clib/printf.c                         0x00000000   Number         0  noretval__2printf.o ABSOLUTE
    ../clib/printf.c                         0x00000000   Number         0  __printf.o ABSOLUTE
    ../clib/printf.c                         0x00000000   Number         0  _printf_pad.o ABSOLUTE
    ../clib/printf.c                         0x00000000   Number         0  _printf_dec.o ABSOLUTE
    ../clib/printf_percent.s                 0x00000000   Number         0  _printf_percent_end.o ABSOLUTE
    ../clib/printf_percent.s                 0x00000000   Number         0  _printf_d.o ABSOLUTE
    ../clib/printf_percent.s                 0x00000000   Number         0  _printf_x.o ABSOLUTE
    ../clib/printf_percent.s                 0x00000000   Number         0  _printf_percent.o ABSOLUTE
    ../clib/signal.c                         0x00000000   Number         0  defsig_other.o ABSOLUTE
    ../clib/signal.c                         0x00000000   Number         0  defsig_segv_inner.o ABSOLUTE
    ../clib/signal.c                         0x00000000   Number         0  __raise.o ABSOLUTE
    ../clib/signal.c                         0x00000000   Number         0  defsig_rtred_inner.o ABSOLUTE
    ../clib/signal.c                         0x00000000   Number         0  defsig_cppl_inner.o ABSOLUTE
    ../clib/signal.c                         0x00000000   Number         0  defsig_pvfn_inner.o ABSOLUTE
    ../clib/signal.c                         0x00000000   Number         0  defsig_stak_inner.o ABSOLUTE
    ../clib/signal.c                         0x00000000   Number         0  defsig_fpe_formal.o ABSOLUTE
    ../clib/signal.c                         0x00000000   Number         0  defsig_fpe_outer.o ABSOLUTE
    ../clib/signal.c                         0x00000000   Number         0  defsig_fpe_inner.o ABSOLUTE
    ../clib/signal.c                         0x00000000   Number         0  defsig_rtmem_formal.o ABSOLUTE
    ../clib/signal.c                         0x00000000   Number         0  defsig_rtmem_inner.o ABSOLUTE
    ../clib/signal.c                         0x00000000   Number         0  defsig_abrt_inner.o ABSOLUTE
    ../clib/signal.c                         0x00000000   Number         0  defsig_general.o ABSOLUTE
    ../clib/signal.c                         0x00000000   Number         0  defsig_exit.o ABSOLUTE
    ../clib/signal.c                         0x00000000   Number         0  defsig_rtmem_outer.o ABSOLUTE
    ../clib/signal.s                         0x00000000   Number         0  defsig.o ABSOLUTE
    ../clib/stdlib.c                         0x00000000   Number         0  exit.o ABSOLUTE
    ../clib/string.c                         0x00000000   Number         0  memcmp.o ABSOLUTE
    ../fplib/cfplib/cmpret.c                 0x00000000   Number         0  cmpret.o ABSOLUTE
    ../fplib/cfplib/dcmpin.c                 0x00000000   Number         0  dcmpin.o ABSOLUTE
    ../fplib/cfplib/f2d.c                    0x00000000   Number         0  f2d.o ABSOLUTE
    ../fplib/cfplib/fcmpin.c                 0x00000000   Number         0  fcmpin.o ABSOLUTE
    ../fplib/cfplib/fdiv.c                   0x00000000   Number         0  fdiv.o ABSOLUTE
    ../fplib/cfplib/ffix.c                   0x00000000   Number         0  ffixi.o ABSOLUTE
    ../fplib/cfplib/ffix.c                   0x00000000   Number         0  ffixui.o ABSOLUTE
    ../fplib/cfplib/fflt.c                   0x00000000   Number         0  fflti.o ABSOLUTE
    ../fplib/cfplib/fpinit.c                 0x00000000   Number         0  fpinit.o ABSOLUTE
    ../fplib/cfplib/nan2.c                   0x00000000   Number         0  dnan2.o ABSOLUTE
    ../fplib/cfplib/nan2.c                   0x00000000   Number         0  fnan2.o ABSOLUTE
    ../fplib/cfplib/retnan.c                 0x00000000   Number         0  retnan.o ABSOLUTE
    ../fplib/drleqf6m.s                      0x00000000   Number         0  drlef.o ABSOLUTE
    ../fplib/faddsub6m.s                     0x00000000   Number         0  faddsub.o ABSOLUTE
    ../fplib/feqf6m.s                        0x00000000   Number         0  feqf.o ABSOLUTE
    ../fplib/fleqf6m.s                       0x00000000   Number         0  flef.o ABSOLUTE
    ../fplib/fmul6m.s                        0x00000000   Number         0  fmul.o ABSOLUTE
    ../fplib/frleqf6m.s                      0x00000000   Number         0  frlef.o ABSOLUTE
    ../fplib/usenofp.s                       0x00000000   Number         0  usenofp.o ABSOLUTE
    LPC11xx Core\\system_LPC11xx.c           0x00000000   Number         0  system_lpc11xx.o ABSOLUTE
    LPC11xx Core\startup_LPC11xx.s           0x00000000   Number         0  startup_lpc11xx.o ABSOLUTE
    LPC11xx Core\system_LPC11xx.c            0x00000000   Number         0  system_lpc11xx.o ABSOLUTE
    MPU6050 Core\\i2c.c                      0x00000000   Number         0  i2c.o ABSOLUTE
    MPU6050 Core\\m0_mpu_6050.c              0x00000000   Number         0  m0_mpu_6050.o ABSOLUTE
    MPU6050 Core\\timer32.c                  0x00000000   Number         0  timer32.o ABSOLUTE
    MPU6050 Core\i2c.c                       0x00000000   Number         0  i2c.o ABSOLUTE
    MPU6050 Core\inv_mpu.c                   0x00000000   Number         0  inv_mpu.o ABSOLUTE
    MPU6050 Core\inv_mpu_dmp_motion_driver.c 0x00000000   Number         0  inv_mpu_dmp_motion_driver.o ABSOLUTE
    MPU6050 Core\m0_mpu_6050.c               0x00000000   Number         0  m0_mpu_6050.o ABSOLUTE
    MPU6050 Core\timer32.c                   0x00000000   Number         0  timer32.o ABSOLUTE
    Serial Core\\serial.c                    0x00000000   Number         0  serial.o ABSOLUTE
    Serial Core\retarget.c                   0x00000000   Number         0  retarget.o ABSOLUTE
    Serial Core\serial.c                     0x00000000   Number         0  serial.o ABSOLUTE
    dc.s                                     0x00000000   Number         0  dc.o ABSOLUTE
    main.c                                   0x00000000   Number         0  main.o ABSOLUTE
    main.c                                   0x00000000   Number         0  main.o ABSOLUTE
    !!!main                                  0x000000c0   Section        8  __main.o(!!!main)
    !!!scatter                               0x000000c8   Section       60  __scatter.o(!!!scatter)
    !!handler_copy                           0x00000104   Section       26  __scatter_copy.o(!!handler_copy)
    !!handler_zi                             0x00000120   Section       28  __scatter_zi.o(!!handler_zi)
    .ARM.Collect$$_printf_percent$$00000000  0x0000013c   Section        2  _printf_percent.o(.ARM.Collect$$_printf_percent$$00000000)
    .ARM.Collect$$_printf_percent$$00000009  0x0000013e   Section       10  _printf_d.o(.ARM.Collect$$_printf_percent$$00000009)
    .ARM.Collect$$_printf_percent$$0000000C  0x00000148   Section       10  _printf_x.o(.ARM.Collect$$_printf_percent$$0000000C)
    .ARM.Collect$$_printf_percent$$00000017  0x00000152   Section        4  _printf_percent_end.o(.ARM.Collect$$_printf_percent$$00000017)
    .ARM.Collect$$libinit$$00000000          0x00000156   Section        2  libinit.o(.ARM.Collect$$libinit$$00000000)
    .ARM.Collect$$libinit$$00000002          0x00000158   Section        0  libinit2.o(.ARM.Collect$$libinit$$00000002)
    .ARM.Collect$$libinit$$00000004          0x00000158   Section        0  libinit2.o(.ARM.Collect$$libinit$$00000004)
    .ARM.Collect$$libinit$$0000000A          0x00000158   Section        0  libinit2.o(.ARM.Collect$$libinit$$0000000A)
    .ARM.Collect$$libinit$$0000000C          0x00000158   Section        0  libinit2.o(.ARM.Collect$$libinit$$0000000C)
    .ARM.Collect$$libinit$$0000000E          0x00000158   Section        0  libinit2.o(.ARM.Collect$$libinit$$0000000E)
    .ARM.Collect$$libinit$$00000011          0x00000158   Section        0  libinit2.o(.ARM.Collect$$libinit$$00000011)
    .ARM.Collect$$libinit$$00000013          0x00000158   Section        0  libinit2.o(.ARM.Collect$$libinit$$00000013)
    .ARM.Collect$$libinit$$00000015          0x00000158   Section        0  libinit2.o(.ARM.Collect$$libinit$$00000015)
    .ARM.Collect$$libinit$$00000017          0x00000158   Section        0  libinit2.o(.ARM.Collect$$libinit$$00000017)
    .ARM.Collect$$libinit$$00000019          0x00000158   Section        0  libinit2.o(.ARM.Collect$$libinit$$00000019)
    .ARM.Collect$$libinit$$0000001B          0x00000158   Section        0  libinit2.o(.ARM.Collect$$libinit$$0000001B)
    .ARM.Collect$$libinit$$0000001D          0x00000158   Section        0  libinit2.o(.ARM.Collect$$libinit$$0000001D)
    .ARM.Collect$$libinit$$0000001F          0x00000158   Section        0  libinit2.o(.ARM.Collect$$libinit$$0000001F)
    .ARM.Collect$$libinit$$00000021          0x00000158   Section        0  libinit2.o(.ARM.Collect$$libinit$$00000021)
    .ARM.Collect$$libinit$$00000023          0x00000158   Section        0  libinit2.o(.ARM.Collect$$libinit$$00000023)
    .ARM.Collect$$libinit$$00000025          0x00000158   Section        0  libinit2.o(.ARM.Collect$$libinit$$00000025)
    .ARM.Collect$$libinit$$0000002C          0x00000158   Section        0  libinit2.o(.ARM.Collect$$libinit$$0000002C)
    .ARM.Collect$$libinit$$0000002E          0x00000158   Section        0  libinit2.o(.ARM.Collect$$libinit$$0000002E)
    .ARM.Collect$$libinit$$00000030          0x00000158   Section        0  libinit2.o(.ARM.Collect$$libinit$$00000030)
    .ARM.Collect$$libinit$$00000032          0x00000158   Section        0  libinit2.o(.ARM.Collect$$libinit$$00000032)
    .ARM.Collect$$libinit$$00000033          0x00000158   Section        2  libinit2.o(.ARM.Collect$$libinit$$00000033)
    .ARM.Collect$$libshutdown$$00000000      0x0000015a   Section        2  libshutdown.o(.ARM.Collect$$libshutdown$$00000000)
    .ARM.Collect$$libshutdown$$00000002      0x0000015c   Section        0  libshutdown2.o(.ARM.Collect$$libshutdown$$00000002)
    .ARM.Collect$$libshutdown$$00000004      0x0000015c   Section        0  libshutdown2.o(.ARM.Collect$$libshutdown$$00000004)
    .ARM.Collect$$libshutdown$$00000007      0x0000015c   Section        0  libshutdown2.o(.ARM.Collect$$libshutdown$$00000007)
    .ARM.Collect$$libshutdown$$0000000A      0x0000015c   Section        0  libshutdown2.o(.ARM.Collect$$libshutdown$$0000000A)
    .ARM.Collect$$libshutdown$$0000000C      0x0000015c   Section        0  libshutdown2.o(.ARM.Collect$$libshutdown$$0000000C)
    .ARM.Collect$$libshutdown$$0000000F      0x0000015c   Section        0  libshutdown2.o(.ARM.Collect$$libshutdown$$0000000F)
    .ARM.Collect$$libshutdown$$00000010      0x0000015c   Section        2  libshutdown2.o(.ARM.Collect$$libshutdown$$00000010)
    .ARM.Collect$$rtentry$$00000000          0x0000015e   Section        0  __rtentry.o(.ARM.Collect$$rtentry$$00000000)
    .ARM.Collect$$rtentry$$00000002          0x0000015e   Section        0  __rtentry2.o(.ARM.Collect$$rtentry$$00000002)
    .ARM.Collect$$rtentry$$00000004          0x0000015e   Section        6  __rtentry4.o(.ARM.Collect$$rtentry$$00000004)
    .ARM.Collect$$rtentry$$00000009          0x00000164   Section        0  __rtentry2.o(.ARM.Collect$$rtentry$$00000009)
    .ARM.Collect$$rtentry$$0000000A          0x00000164   Section        4  __rtentry2.o(.ARM.Collect$$rtentry$$0000000A)
    .ARM.Collect$$rtentry$$0000000C          0x00000168   Section        0  __rtentry2.o(.ARM.Collect$$rtentry$$0000000C)
    .ARM.Collect$$rtentry$$0000000D          0x00000168   Section        8  __rtentry2.o(.ARM.Collect$$rtentry$$0000000D)
    .ARM.Collect$$rtexit$$00000000           0x00000170   Section        2  rtexit.o(.ARM.Collect$$rtexit$$00000000)
    .ARM.Collect$$rtexit$$00000002           0x00000172   Section        0  rtexit2.o(.ARM.Collect$$rtexit$$00000002)
    .ARM.Collect$$rtexit$$00000003           0x00000172   Section        4  rtexit2.o(.ARM.Collect$$rtexit$$00000003)
    .ARM.Collect$$rtexit$$00000004           0x00000176   Section        6  rtexit2.o(.ARM.Collect$$rtexit$$00000004)
    .text                                    0x0000017c   Section       52  startup_lpc11xx.o(.text)
    .text                                    0x000001b0   Section        2  use_no_semi.o(.text)
    .text                                    0x000001b4   Section        0  noretval__2printf.o(.text)
    .text                                    0x000001d0   Section        0  _printf_pad.o(.text)
    .text                                    0x00000220   Section        0  _printf_dec.o(.text)
    .text                                    0x0000028c   Section        0  _printf_hex_int.o(.text)
    .text                                    0x000002e4   Section        0  heapauxi.o(.text)
    .text                                    0x000002ea   Section        0  exit.o(.text)
    i.reg_int_cb                             0x000002fa   Section        0  m0_mpu_6050.o(i.reg_int_cb)
    .ARM.__at_0x02FC                         0x000002fc   Section        4  startup_lpc11xx.o(.ARM.__at_0x02FC)
    .text                                    0x00000300   Section        0  __printf_flags_wp.o(.text)
    .text                                    0x00000438   Section        0  rt_memclr.o(.text)
    .text                                    0x00000478   Section      346  aeabi_sdiv.o(.text)
    .text                                    0x000005d2   Section        0  _printf_intcommon.o(.text)
    .text                                    0x00000684   Section        0  _printf_char_file.o(.text)
    .text                                    0x000006ac   Section        0  rtudiv10.o(.text)
    .text                                    0x000006d4   Section        0  _printf_char_common.o(.text)
    _printf_input_char                       0x000006d5   Thumb Code    10  _printf_char_common.o(.text)
    .text                                    0x00000704   Section       62  sys_stackheap_outer.o(.text)
    .text                                    0x00000744   Section        8  libspace.o(.text)
    i.I2CEngine                              0x0000074c   Section        0  i2c.o(i.I2CEngine)
    i.I2CInit                                0x000007ac   Section        0  i2c.o(i.I2CInit)
    i.I2C_IRQHandler                         0x00000830   Section        0  i2c.o(i.I2C_IRQHandler)
    i.SER_init                               0x000009fc   Section        0  serial.o(i.SER_init)
    i.SystemInit                             0x00000a4c   Section        0  system_lpc11xx.o(i.SystemInit)
    i.TIMER32_0_IRQHandler                   0x00000ac0   Section        0  timer32.o(i.TIMER32_0_IRQHandler)
    i.TIMER32_1_IRQHandler                   0x00000b08   Section        0  timer32.o(i.TIMER32_1_IRQHandler)
    i.__ARM_common_switch8                   0x00000b50   Section        0  system_lpc11xx.o(i.__ARM_common_switch8)
    i._is_digit                              0x00000b6c   Section        0  __printf_wp.o(i._is_digit)
    i._sys_exit                              0x00000b7a   Section        0  retarget.o(i._sys_exit)
    i.configureGPIO                          0x00000b80   Section        0  main.o(i.configureGPIO)
    i.delay32Ms                              0x00000bb0   Section        0  timer32.o(i.delay32Ms)
    i.delay_ms                               0x00000c08   Section        0  m0_mpu_6050.o(i.delay_ms)
    i.enable_timer32                         0x00000c18   Section        0  timer32.o(i.enable_timer32)
    i.ferror                                 0x00000c38   Section        0  retarget.o(i.ferror)
    i.fputc                                  0x00000c40   Section        0  retarget.o(i.fputc)
    i.i2c_read                               0x00000c50   Section        0  m0_mpu_6050.o(i.i2c_read)
    i.i2c_write                              0x00000cfc   Section        0  m0_mpu_6050.o(i.i2c_write)
    i.init_timer32                           0x00000e20   Section        0  timer32.o(i.init_timer32)
    i.interrupt                              0x00000e6c   Section        0  main.o(i.interrupt)
    i.main                                   0x00000e78   Section        0  main.o(i.main)
    i.mpu_configure_fifo                     0x00000eb8   Section        0  inv_mpu.o(i.mpu_configure_fifo)
    i.mpu_init                               0x00000f38   Section        0  inv_mpu.o(i.mpu_init)
    i.mpu_lp_accel_mode                      0x00001060   Section        0  inv_mpu.o(i.mpu_lp_accel_mode)
    i.mpu_reset_fifo                         0x0000113c   Section        0  inv_mpu.o(i.mpu_reset_fifo)
    i.mpu_set_accel_fsr                      0x00001320   Section        0  inv_mpu.o(i.mpu_set_accel_fsr)
    i.mpu_set_bypass                         0x000013a4   Section        0  inv_mpu.o(i.mpu_set_bypass)
    i.mpu_set_gyro_fsr                       0x00001530   Section        0  inv_mpu.o(i.mpu_set_gyro_fsr)
    i.mpu_set_int_latched                    0x000015c4   Section        0  inv_mpu.o(i.mpu_set_int_latched)
    i.mpu_set_lpf                            0x00001638   Section        0  inv_mpu.o(i.mpu_set_lpf)
    i.mpu_set_sample_rate                    0x000016bc   Section        0  inv_mpu.o(i.mpu_set_sample_rate)
    i.mpu_set_sensors                        0x00001764   Section        0  inv_mpu.o(i.mpu_set_sensors)
    i.reset_timer32                          0x00001844   Section        0  timer32.o(i.reset_timer32)
    i.sendchar                               0x00001874   Section        0  serial.o(i.sendchar)
    i.set_int_enable                         0x0000188c   Section        0  inv_mpu.o(i.set_int_enable)
    set_int_enable                           0x0000188d   Thumb Code   166  inv_mpu.o(i.set_int_enable)
    i.setup_MPU_6050                         0x00001938   Section        0  main.o(i.setup_MPU_6050)
    .constdata                               0x0000197c   Section        8  main.o(.constdata)
    .constdata                               0x00001984   Section       84  inv_mpu.o(.constdata)
    .constdata                               0x000019d8   Section       40  _printf_hex_int.o(.constdata)
    uc_hextab                                0x000019d8   Data          20  _printf_hex_int.o(.constdata)
    lc_hextab                                0x000019ec   Data          20  _printf_hex_int.o(.constdata)
    .constdata                               0x00001a00   Section       17  __printf_flags_wp.o(.constdata)
    maptable                                 0x00001a00   Data          17  __printf_flags_wp.o(.constdata)
    .data                                    0x10000000   Section        4  system_lpc11xx.o(.data)
    .data                                    0x10000004   Section       14  main.o(.data)
    .data                                    0x10000014   Section       36  i2c.o(.data)
    .data                                    0x10000038   Section       44  inv_mpu.o(.data)
    st                                       0x10000038   Data          44  inv_mpu.o(.data)
    .data                                    0x10000064   Section       24  timer32.o(.data)
    .data                                    0x1000007c   Section        8  retarget.o(.data)
    .bss                                     0x10000084   Section      128  i2c.o(.bss)
    .bss                                     0x10000104   Section       96  libspace.o(.bss)
    HEAP                                     0x10000168   Section        0  startup_lpc11xx.o(HEAP)
    STACK                                    0x10000168   Section      512  startup_lpc11xx.o(STACK)
    Heap_Mem                                 0x10000168   Data           0  startup_lpc11xx.o(HEAP)
    Stack_Mem                                0x10000168   Data         512  startup_lpc11xx.o(STACK)
    __initial_sp                             0x10000368   Data           0  startup_lpc11xx.o(STACK)

    Global Symbols

    Symbol Name                              Value     Ov Type        Size  Object(Section)

    BuildAttributes$$THM_ISAv3M$S$PE$A:L22$X:L11$S22$IEEE1$IW$USESV6$~STKCKD$USESV7$~SHL$OSPACE$ROPI$EBA8$UX$STANDARDLIB$REQ8$PRES8$EABIv2 0x00000000   Number         0  anon$$obj.o ABSOLUTE
    __ARM_use_no_argv                        0x00000000   Number         0  main.o ABSOLUTE
    __Vectors                                0x00000000   Data           4  startup_lpc11xx.o(RESET)
    _printf_flags                            0x00000000   Number         0  printf_stubs.o ABSOLUTE
    _printf_return_value                     0x00000000   Number         0  printf_stubs.o ABSOLUTE
    _printf_sizespec                         0x00000000   Number         0  printf_stubs.o ABSOLUTE
    _printf_widthprec                        0x00000000   Number         0  printf_stubs.o ABSOLUTE
    __ARM_exceptions_init                     - Undefined Weak Reference
    __alloca_initialize                       - Undefined Weak Reference
    __arm_preinit_                            - Undefined Weak Reference
    __cpp_initialize__aeabi_                  - Undefined Weak Reference
    __cxa_finalize                            - Undefined Weak Reference
    __rt_locale                               - Undefined Weak Reference
    __sigvec_lookup                           - Undefined Weak Reference
    _atexit_init                              - Undefined Weak Reference
    _call_atexit_fns                          - Undefined Weak Reference
    _clock_init                               - Undefined Weak Reference
    _fp_trap_init                             - Undefined Weak Reference
    _fp_trap_shutdown                         - Undefined Weak Reference
    _get_lc_collate                           - Undefined Weak Reference
    _get_lc_ctype                             - Undefined Weak Reference
    _get_lc_monetary                          - Undefined Weak Reference
    _get_lc_numeric                           - Undefined Weak Reference
    _get_lc_time                              - Undefined Weak Reference
    _getenv_init                              - Undefined Weak Reference
    _handle_redirection                       - Undefined Weak Reference
    _init_alloc                               - Undefined Weak Reference
    _init_user_alloc                          - Undefined Weak Reference
    _initio                                   - Undefined Weak Reference
    _printf_truncate_signed                   - Undefined Weak Reference
    _printf_truncate_unsigned                 - Undefined Weak Reference
    _rand_init                                - Undefined Weak Reference
    _signal_finish                            - Undefined Weak Reference
    _signal_init                              - Undefined Weak Reference
    _terminate_alloc                          - Undefined Weak Reference
    _terminate_user_alloc                     - Undefined Weak Reference
    _terminateio                              - Undefined Weak Reference
    __main                                   0x000000c1   Thumb Code     8  __main.o(!!!main)
    __scatterload                            0x000000c9   Thumb Code     0  __scatter.o(!!!scatter)
    __scatterload_rt2                        0x000000c9   Thumb Code    52  __scatter.o(!!!scatter)
    __scatterload_rt2_thumb_only             0x000000c9   Thumb Code     0  __scatter.o(!!!scatter)
    __scatterload_null                       0x000000d9   Thumb Code     0  __scatter.o(!!!scatter)
    __scatterload_copy                       0x00000105   Thumb Code    26  __scatter_copy.o(!!handler_copy)
    __scatterload_zeroinit                   0x00000121   Thumb Code    28  __scatter_zi.o(!!handler_zi)
    _printf_percent                          0x0000013d   Thumb Code     0  _printf_percent.o(.ARM.Collect$$_printf_percent$$00000000)
    _printf_d                                0x0000013f   Thumb Code     0  _printf_d.o(.ARM.Collect$$_printf_percent$$00000009)
    _printf_x                                0x00000149   Thumb Code     0  _printf_x.o(.ARM.Collect$$_printf_percent$$0000000C)
    _printf_percent_end                      0x00000153   Thumb Code     0  _printf_percent_end.o(.ARM.Collect$$_printf_percent$$00000017)
    __rt_lib_init                            0x00000157   Thumb Code     0  libinit.o(.ARM.Collect$$libinit$$00000000)
    __rt_lib_init_alloca_1                   0x00000159   Thumb Code     0  libinit2.o(.ARM.Collect$$libinit$$0000002E)
    __rt_lib_init_argv_1                     0x00000159   Thumb Code     0  libinit2.o(.ARM.Collect$$libinit$$0000002C)
    __rt_lib_init_atexit_1                   0x00000159   Thumb Code     0  libinit2.o(.ARM.Collect$$libinit$$0000001B)
    __rt_lib_init_clock_1                    0x00000159   Thumb Code     0  libinit2.o(.ARM.Collect$$libinit$$00000021)
    __rt_lib_init_cpp_1                      0x00000159   Thumb Code     0  libinit2.o(.ARM.Collect$$libinit$$00000032)
    __rt_lib_init_exceptions_1               0x00000159   Thumb Code     0  libinit2.o(.ARM.Collect$$libinit$$00000030)
    __rt_lib_init_fp_1                       0x00000159   Thumb Code     0  libinit2.o(.ARM.Collect$$libinit$$00000002)
    __rt_lib_init_fp_trap_1                  0x00000159   Thumb Code     0  libinit2.o(.ARM.Collect$$libinit$$0000001F)
    __rt_lib_init_getenv_1                   0x00000159   Thumb Code     0  libinit2.o(.ARM.Collect$$libinit$$00000023)
    __rt_lib_init_heap_1                     0x00000159   Thumb Code     0  libinit2.o(.ARM.Collect$$libinit$$0000000A)
    __rt_lib_init_lc_collate_1               0x00000159   Thumb Code     0  libinit2.o(.ARM.Collect$$libinit$$00000011)
    __rt_lib_init_lc_ctype_1                 0x00000159   Thumb Code     0  libinit2.o(.ARM.Collect$$libinit$$00000013)
    __rt_lib_init_lc_monetary_1              0x00000159   Thumb Code     0  libinit2.o(.ARM.Collect$$libinit$$00000015)
    __rt_lib_init_lc_numeric_1               0x00000159   Thumb Code     0  libinit2.o(.ARM.Collect$$libinit$$00000017)
    __rt_lib_init_lc_time_1                  0x00000159   Thumb Code     0  libinit2.o(.ARM.Collect$$libinit$$00000019)
    __rt_lib_init_preinit_1                  0x00000159   Thumb Code     0  libinit2.o(.ARM.Collect$$libinit$$00000004)
    __rt_lib_init_rand_1                     0x00000159   Thumb Code     0  libinit2.o(.ARM.Collect$$libinit$$0000000E)
    __rt_lib_init_return                     0x00000159   Thumb Code     0  libinit2.o(.ARM.Collect$$libinit$$00000033)
    __rt_lib_init_signal_1                   0x00000159   Thumb Code     0  libinit2.o(.ARM.Collect$$libinit$$0000001D)
    __rt_lib_init_stdio_1                    0x00000159   Thumb Code     0  libinit2.o(.ARM.Collect$$libinit$$00000025)
    __rt_lib_init_user_alloc_1               0x00000159   Thumb Code     0  libinit2.o(.ARM.Collect$$libinit$$0000000C)
    __rt_lib_shutdown                        0x0000015b   Thumb Code     0  libshutdown.o(.ARM.Collect$$libshutdown$$00000000)
    __rt_lib_shutdown_cpp_1                  0x0000015d   Thumb Code     0  libshutdown2.o(.ARM.Collect$$libshutdown$$00000002)
    __rt_lib_shutdown_fp_trap_1              0x0000015d   Thumb Code     0  libshutdown2.o(.ARM.Collect$$libshutdown$$00000007)
    __rt_lib_shutdown_heap_1                 0x0000015d   Thumb Code     0  libshutdown2.o(.ARM.Collect$$libshutdown$$0000000F)
    __rt_lib_shutdown_return                 0x0000015d   Thumb Code     0  libshutdown2.o(.ARM.Collect$$libshutdown$$00000010)
    __rt_lib_shutdown_signal_1               0x0000015d   Thumb Code     0  libshutdown2.o(.ARM.Collect$$libshutdown$$0000000A)
    __rt_lib_shutdown_stdio_1                0x0000015d   Thumb Code     0  libshutdown2.o(.ARM.Collect$$libshutdown$$00000004)
    __rt_lib_shutdown_user_alloc_1           0x0000015d   Thumb Code     0  libshutdown2.o(.ARM.Collect$$libshutdown$$0000000C)
    __rt_entry                               0x0000015f   Thumb Code     0  __rtentry.o(.ARM.Collect$$rtentry$$00000000)
    __rt_entry_presh_1                       0x0000015f   Thumb Code     0  __rtentry2.o(.ARM.Collect$$rtentry$$00000002)
    __rt_entry_sh                            0x0000015f   Thumb Code     0  __rtentry4.o(.ARM.Collect$$rtentry$$00000004)
    __rt_entry_li                            0x00000165   Thumb Code     0  __rtentry2.o(.ARM.Collect$$rtentry$$0000000A)
    __rt_entry_postsh_1                      0x00000165   Thumb Code     0  __rtentry2.o(.ARM.Collect$$rtentry$$00000009)
    __rt_entry_main                          0x00000169   Thumb Code     0  __rtentry2.o(.ARM.Collect$$rtentry$$0000000D)
    __rt_entry_postli_1                      0x00000169   Thumb Code     0  __rtentry2.o(.ARM.Collect$$rtentry$$0000000C)
    __rt_exit                                0x00000171   Thumb Code     0  rtexit.o(.ARM.Collect$$rtexit$$00000000)
    __rt_exit_ls                             0x00000173   Thumb Code     0  rtexit2.o(.ARM.Collect$$rtexit$$00000003)
    __rt_exit_prels_1                        0x00000173   Thumb Code     0  rtexit2.o(.ARM.Collect$$rtexit$$00000002)
    __rt_exit_exit                           0x00000177   Thumb Code     0  rtexit2.o(.ARM.Collect$$rtexit$$00000004)
    Reset_Handler                            0x0000017d   Thumb Code     8  startup_lpc11xx.o(.text)
    NMI_Handler                              0x00000185   Thumb Code     2  startup_lpc11xx.o(.text)
    HardFault_Handler                        0x00000187   Thumb Code     2  startup_lpc11xx.o(.text)
    SVC_Handler                              0x00000189   Thumb Code     2  startup_lpc11xx.o(.text)
    PendSV_Handler                           0x0000018b   Thumb Code     2  startup_lpc11xx.o(.text)
    SysTick_Handler                          0x0000018d   Thumb Code     2  startup_lpc11xx.o(.text)
    ADC_IRQHandler                           0x0000018f   Thumb Code     0  startup_lpc11xx.o(.text)
    BOD_IRQHandler                           0x0000018f   Thumb Code     0  startup_lpc11xx.o(.text)
    CAN_IRQHandler                           0x0000018f   Thumb Code     0  startup_lpc11xx.o(.text)
    FMC_IRQHandler                           0x0000018f   Thumb Code     0  startup_lpc11xx.o(.text)
    PIOINT0_IRQHandler                       0x0000018f   Thumb Code     0  startup_lpc11xx.o(.text)
    PIOINT1_IRQHandler                       0x0000018f   Thumb Code     0  startup_lpc11xx.o(.text)
    PIOINT2_IRQHandler                       0x0000018f   Thumb Code     0  startup_lpc11xx.o(.text)
    PIOINT3_IRQHandler                       0x0000018f   Thumb Code     0  startup_lpc11xx.o(.text)
    SSP0_IRQHandler                          0x0000018f   Thumb Code     0  startup_lpc11xx.o(.text)
    SSP1_IRQHandler                          0x0000018f   Thumb Code     0  startup_lpc11xx.o(.text)
    TIMER16_0_IRQHandler                     0x0000018f   Thumb Code     0  startup_lpc11xx.o(.text)
    TIMER16_1_IRQHandler                     0x0000018f   Thumb Code     0  startup_lpc11xx.o(.text)
    UART_IRQHandler                          0x0000018f   Thumb Code     0  startup_lpc11xx.o(.text)
    USB_FIQHandler                           0x0000018f   Thumb Code     0  startup_lpc11xx.o(.text)
    USB_IRQHandler                           0x0000018f   Thumb Code     0  startup_lpc11xx.o(.text)
    WAKEUP_IRQHandler                        0x0000018f   Thumb Code     0  startup_lpc11xx.o(.text)
    WDT_IRQHandler                           0x0000018f   Thumb Code     0  startup_lpc11xx.o(.text)
    __user_initial_stackheap                 0x00000191   Thumb Code     0  startup_lpc11xx.o(.text)
    __I$use$semihosting                      0x000001b1   Thumb Code     0  use_no_semi.o(.text)
    __use_no_semihosting_swi                 0x000001b1   Thumb Code     2  use_no_semi.o(.text)
    __2printf                                0x000001b5   Thumb Code    22  noretval__2printf.o(.text)
    _printf_pre_padding                      0x000001d1   Thumb Code    44  _printf_pad.o(.text)
    _printf_post_padding                     0x000001fd   Thumb Code    34  _printf_pad.o(.text)
    _printf_int_dec                          0x00000221   Thumb Code    90  _printf_dec.o(.text)
    _printf_int_hex                          0x0000028d   Thumb Code    84  _printf_hex_int.o(.text)
    _printf_longlong_hex                     0x0000028d   Thumb Code     0  _printf_hex_int.o(.text)
    __use_two_region_memory                  0x000002e5   Thumb Code     2  heapauxi.o(.text)
    __rt_heap_escrow$2region                 0x000002e7   Thumb Code     2  heapauxi.o(.text)
    __rt_heap_expand$2region                 0x000002e9   Thumb Code     2  heapauxi.o(.text)
    exit                                     0x000002eb   Thumb Code    16  exit.o(.text)
    reg_int_cb                               0x000002fb   Thumb Code     2  m0_mpu_6050.o(i.reg_int_cb)
    __printf                                 0x00000301   Thumb Code   306  __printf_flags_wp.o(.text)
    _memset_w                                0x00000439   Thumb Code    26  rt_memclr.o(.text)
    _memset                                  0x00000453   Thumb Code    30  rt_memclr.o(.text)
    __aeabi_memclr                           0x00000471   Thumb Code     4  rt_memclr.o(.text)
    __rt_memclr                              0x00000471   Thumb Code     0  rt_memclr.o(.text)
    __aeabi_memclr4                          0x00000475   Thumb Code     0  rt_memclr.o(.text)
    __aeabi_memclr8                          0x00000475   Thumb Code     0  rt_memclr.o(.text)
    __rt_memclr_w                            0x00000475   Thumb Code     4  rt_memclr.o(.text)
    __aeabi_uidiv                            0x00000479   Thumb Code     0  aeabi_sdiv.o(.text)
    __aeabi_uidivmod                         0x00000479   Thumb Code    20  aeabi_sdiv.o(.text)
    __aeabi_idiv                             0x0000048d   Thumb Code     0  aeabi_sdiv.o(.text)
    __aeabi_idivmod                          0x0000048d   Thumb Code   326  aeabi_sdiv.o(.text)
    _printf_int_common                       0x000005d3   Thumb Code   176  _printf_intcommon.o(.text)
    _printf_char_file                        0x00000685   Thumb Code    34  _printf_char_file.o(.text)
    __rt_udiv10                              0x000006ad   Thumb Code    40  rtudiv10.o(.text)
    _printf_char_common                      0x000006df   Thumb Code    32  _printf_char_common.o(.text)
    __user_setup_stackheap                   0x00000705   Thumb Code    62  sys_stackheap_outer.o(.text)
    __user_libspace                          0x00000745   Thumb Code     8  libspace.o(.text)
    __user_perproc_libspace                  0x00000745   Thumb Code     0  libspace.o(.text)
    __user_perthread_libspace                0x00000745   Thumb Code     0  libspace.o(.text)
    I2CEngine                                0x0000074d   Thumb Code    74  i2c.o(i.I2CEngine)
    I2CInit                                  0x000007ad   Thumb Code   118  i2c.o(i.I2CInit)
    I2C_IRQHandler                           0x00000831   Thumb Code   428  i2c.o(i.I2C_IRQHandler)
    SER_init                                 0x000009fd   Thumb Code    62  serial.o(i.SER_init)
    SystemInit                               0x00000a4d   Thumb Code   108  system_lpc11xx.o(i.SystemInit)
    TIMER32_0_IRQHandler                     0x00000ac1   Thumb Code    58  timer32.o(i.TIMER32_0_IRQHandler)
    TIMER32_1_IRQHandler                     0x00000b09   Thumb Code    58  timer32.o(i.TIMER32_1_IRQHandler)
    __ARM_common_switch8                     0x00000b51   Thumb Code    28  system_lpc11xx.o(i.__ARM_common_switch8)
    _is_digit                                0x00000b6d   Thumb Code    14  __printf_wp.o(i._is_digit)
    _sys_exit                                0x00000b7b   Thumb Code     4  retarget.o(i._sys_exit)
    configureGPIO                            0x00000b81   Thumb Code    40  main.o(i.configureGPIO)
    delay32Ms                                0x00000bb1   Thumb Code    76  timer32.o(i.delay32Ms)
    delay_ms                                 0x00000c09   Thumb Code    14  m0_mpu_6050.o(i.delay_ms)
    enable_timer32                           0x00000c19   Thumb Code    24  timer32.o(i.enable_timer32)
    ferror                                   0x00000c39   Thumb Code     8  retarget.o(i.ferror)
    fputc                                    0x00000c41   Thumb Code    14  retarget.o(i.fputc)
    i2c_read                                 0x00000c51   Thumb Code   102  m0_mpu_6050.o(i.i2c_read)
    i2c_write                                0x00000cfd   Thumb Code   154  m0_mpu_6050.o(i.i2c_write)
    init_timer32                             0x00000e21   Thumb Code    64  timer32.o(i.init_timer32)
    interrupt                                0x00000e6d   Thumb Code     8  main.o(i.interrupt)
    main                                     0x00000e79   Thumb Code    58  main.o(i.main)
    mpu_configure_fifo                       0x00000eb9   Thumb Code   124  inv_mpu.o(i.mpu_configure_fifo)
    mpu_init                                 0x00000f39   Thumb Code   282  inv_mpu.o(i.mpu_init)
    mpu_lp_accel_mode                        0x00001061   Thumb Code   216  inv_mpu.o(i.mpu_lp_accel_mode)
    mpu_reset_fifo                           0x0000113d   Thumb Code   480  inv_mpu.o(i.mpu_reset_fifo)
    mpu_set_accel_fsr                        0x00001321   Thumb Code   128  inv_mpu.o(i.mpu_set_accel_fsr)
    mpu_set_bypass                           0x000013a5   Thumb Code   374  inv_mpu.o(i.mpu_set_bypass)
    mpu_set_gyro_fsr                         0x00001531   Thumb Code   142  inv_mpu.o(i.mpu_set_gyro_fsr)
    mpu_set_int_latched                      0x000015c5   Thumb Code   110  inv_mpu.o(i.mpu_set_int_latched)
    mpu_set_lpf                              0x00001639   Thumb Code   128  inv_mpu.o(i.mpu_set_lpf)
    mpu_set_sample_rate                      0x000016bd   Thumb Code   162  inv_mpu.o(i.mpu_set_sample_rate)
    mpu_set_sensors                          0x00001765   Thumb Code   220  inv_mpu.o(i.mpu_set_sensors)
    reset_timer32                            0x00001845   Thumb Code    38  timer32.o(i.reset_timer32)
    sendchar                                 0x00001875   Thumb Code    20  serial.o(i.sendchar)
    setup_MPU_6050                           0x00001939   Thumb Code    38  main.o(i.setup_MPU_6050)
    reg                                      0x00001984   Data          30  inv_mpu.o(.constdata)
    hw                                       0x000019a2   Data          12  inv_mpu.o(.constdata)
    test                                     0x000019b0   Data          40  inv_mpu.o(.constdata)
    Region$$Table$$Base                      0x00001a14   Number         0  anon$$obj.o(Region$$Table)
    Region$$Table$$Limit                     0x00001a34   Number         0  anon$$obj.o(Region$$Table)
    SystemCoreClock                          0x10000000   Data           4  system_lpc11xx.o(.data)
    new_int                                  0x10000004   Data           1  main.o(.data)
    gyro_rate                                0x10000006   Data           2  main.o(.data)
    gyro_fsr                                 0x10000008   Data           2  main.o(.data)
    accel_fsr                                0x1000000a   Data           1  main.o(.data)
    gyro_sens                                0x1000000c   Data           4  main.o(.data)
    accel_sens                               0x10000010   Data           2  main.o(.data)
    I2CMasterState                           0x10000014   Data           4  i2c.o(.data)
    I2CSlaveState                            0x10000018   Data           4  i2c.o(.data)
    timeout                                  0x1000001c   Data           4  i2c.o(.data)
    I2CMode                                  0x10000020   Data           4  i2c.o(.data)
    I2CCount                                 0x10000024   Data           4  i2c.o(.data)
    I2CReadLength                            0x10000028   Data           4  i2c.o(.data)
    I2CWriteLength                           0x1000002c   Data           4  i2c.o(.data)
    RdIndex                                  0x10000030   Data           4  i2c.o(.data)
    WrIndex                                  0x10000034   Data           4  i2c.o(.data)
    timer32_0_period                         0x10000064   Data           4  timer32.o(.data)
    timer32_0_counter                        0x10000068   Data           4  timer32.o(.data)
    timer32_0_capture                        0x1000006c   Data           4  timer32.o(.data)
    timer32_1_period                         0x10000070   Data           4  timer32.o(.data)
    timer32_1_counter                        0x10000074   Data           4  timer32.o(.data)
    timer32_1_capture                        0x10000078   Data           4  timer32.o(.data)
    __stdout                                 0x1000007c   Data           4  retarget.o(.data)
    __stdin                                  0x10000080   Data           4  retarget.o(.data)
    I2CMasterBuffer                          0x10000084   Data          64  i2c.o(.bss)
    I2CSlaveBuffer                           0x100000c4   Data          64  i2c.o(.bss)
    __libspace_start                         0x10000104   Data          96  libspace.o(.bss)
    __temporary_stack_top$libspace           0x10000164   Data           0  libspace.o(.bss)



==============================================================================

Memory Map of the image

  Image Entry point : 0x000000c1

  Load Region LR_IROM1 (Base: 0x00000000, Size: 0x00001ab8, Max: 0x00008000, ABSOLUTE)

    Execution Region ER_IROM1 (Base: 0x00000000, Size: 0x00001a34, Max: 0x00008000, ABSOLUTE)

    Base Addr    Size         Type   Attr      Idx    E Section Name        Object

    0x00000000   0x000000c0   Data   RO           55    RESET               startup_lpc11xx.o
    0x000000c0   0x00000008   Code   RO         1003  * !!!main             c_p.l(__main.o)
    0x000000c8   0x0000003c   Code   RO         1223    !!!scatter          c_p.l(__scatter.o)
    0x00000104   0x0000001a   Code   RO         1225    !!handler_copy      c_p.l(__scatter_copy.o)
    0x0000011e   0x00000002   PAD
    0x00000120   0x0000001c   Code   RO         1227    !!handler_zi        c_p.l(__scatter_zi.o)
    0x0000013c   0x00000002   Code   RO          990    .ARM.Collect$$_printf_percent$$00000000  c_p.l(_printf_percent.o)
    0x0000013e   0x0000000a   Code   RO          989    .ARM.Collect$$_printf_percent$$00000009  c_p.l(_printf_d.o)
    0x00000148   0x0000000a   Code   RO          988    .ARM.Collect$$_printf_percent$$0000000C  c_p.l(_printf_x.o)
    0x00000152   0x00000004   Code   RO         1043    .ARM.Collect$$_printf_percent$$00000017  c_p.l(_printf_percent_end.o)
    0x00000156   0x00000002   Code   RO         1096    .ARM.Collect$$libinit$$00000000  c_p.l(libinit.o)
    0x00000158   0x00000000   Code   RO         1112    .ARM.Collect$$libinit$$00000002  c_p.l(libinit2.o)
    0x00000158   0x00000000   Code   RO         1114    .ARM.Collect$$libinit$$00000004  c_p.l(libinit2.o)
    0x00000158   0x00000000   Code   RO         1117    .ARM.Collect$$libinit$$0000000A  c_p.l(libinit2.o)
    0x00000158   0x00000000   Code   RO         1119    .ARM.Collect$$libinit$$0000000C  c_p.l(libinit2.o)
    0x00000158   0x00000000   Code   RO         1121    .ARM.Collect$$libinit$$0000000E  c_p.l(libinit2.o)
    0x00000158   0x00000000   Code   RO         1124    .ARM.Collect$$libinit$$00000011  c_p.l(libinit2.o)
    0x00000158   0x00000000   Code   RO         1126    .ARM.Collect$$libinit$$00000013  c_p.l(libinit2.o)
    0x00000158   0x00000000   Code   RO         1128    .ARM.Collect$$libinit$$00000015  c_p.l(libinit2.o)
    0x00000158   0x00000000   Code   RO         1130    .ARM.Collect$$libinit$$00000017  c_p.l(libinit2.o)
    0x00000158   0x00000000   Code   RO         1132    .ARM.Collect$$libinit$$00000019  c_p.l(libinit2.o)
    0x00000158   0x00000000   Code   RO         1134    .ARM.Collect$$libinit$$0000001B  c_p.l(libinit2.o)
    0x00000158   0x00000000   Code   RO         1136    .ARM.Collect$$libinit$$0000001D  c_p.l(libinit2.o)
    0x00000158   0x00000000   Code   RO         1138    .ARM.Collect$$libinit$$0000001F  c_p.l(libinit2.o)
    0x00000158   0x00000000   Code   RO         1140    .ARM.Collect$$libinit$$00000021  c_p.l(libinit2.o)
    0x00000158   0x00000000   Code   RO         1142    .ARM.Collect$$libinit$$00000023  c_p.l(libinit2.o)
    0x00000158   0x00000000   Code   RO         1144    .ARM.Collect$$libinit$$00000025  c_p.l(libinit2.o)
    0x00000158   0x00000000   Code   RO         1148    .ARM.Collect$$libinit$$0000002C  c_p.l(libinit2.o)
    0x00000158   0x00000000   Code   RO         1150    .ARM.Collect$$libinit$$0000002E  c_p.l(libinit2.o)
    0x00000158   0x00000000   Code   RO         1152    .ARM.Collect$$libinit$$00000030  c_p.l(libinit2.o)
    0x00000158   0x00000000   Code   RO         1154    .ARM.Collect$$libinit$$00000032  c_p.l(libinit2.o)
    0x00000158   0x00000002   Code   RO         1155    .ARM.Collect$$libinit$$00000033  c_p.l(libinit2.o)
    0x0000015a   0x00000002   Code   RO         1179    .ARM.Collect$$libshutdown$$00000000  c_p.l(libshutdown.o)
    0x0000015c   0x00000000   Code   RO         1205    .ARM.Collect$$libshutdown$$00000002  c_p.l(libshutdown2.o)
    0x0000015c   0x00000000   Code   RO         1207    .ARM.Collect$$libshutdown$$00000004  c_p.l(libshutdown2.o)
    0x0000015c   0x00000000   Code   RO         1210    .ARM.Collect$$libshutdown$$00000007  c_p.l(libshutdown2.o)
    0x0000015c   0x00000000   Code   RO         1213    .ARM.Collect$$libshutdown$$0000000A  c_p.l(libshutdown2.o)
    0x0000015c   0x00000000   Code   RO         1215    .ARM.Collect$$libshutdown$$0000000C  c_p.l(libshutdown2.o)
    0x0000015c   0x00000000   Code   RO         1218    .ARM.Collect$$libshutdown$$0000000F  c_p.l(libshutdown2.o)
    0x0000015c   0x00000002   Code   RO         1219    .ARM.Collect$$libshutdown$$00000010  c_p.l(libshutdown2.o)
    0x0000015e   0x00000000   Code   RO         1032    .ARM.Collect$$rtentry$$00000000  c_p.l(__rtentry.o)
    0x0000015e   0x00000000   Code   RO         1052    .ARM.Collect$$rtentry$$00000002  c_p.l(__rtentry2.o)
    0x0000015e   0x00000006   Code   RO         1064    .ARM.Collect$$rtentry$$00000004  c_p.l(__rtentry4.o)
    0x00000164   0x00000000   Code   RO         1054    .ARM.Collect$$rtentry$$00000009  c_p.l(__rtentry2.o)
    0x00000164   0x00000004   Code   RO         1055    .ARM.Collect$$rtentry$$0000000A  c_p.l(__rtentry2.o)
    0x00000168   0x00000000   Code   RO         1057    .ARM.Collect$$rtentry$$0000000C  c_p.l(__rtentry2.o)
    0x00000168   0x00000008   Code   RO         1058    .ARM.Collect$$rtentry$$0000000D  c_p.l(__rtentry2.o)
    0x00000170   0x00000002   Code   RO         1103    .ARM.Collect$$rtexit$$00000000  c_p.l(rtexit.o)
    0x00000172   0x00000000   Code   RO         1157    .ARM.Collect$$rtexit$$00000002  c_p.l(rtexit2.o)
    0x00000172   0x00000004   Code   RO         1158    .ARM.Collect$$rtexit$$00000003  c_p.l(rtexit2.o)
    0x00000176   0x00000006   Code   RO         1159    .ARM.Collect$$rtexit$$00000004  c_p.l(rtexit2.o)
    0x0000017c   0x00000034   Code   RO           57    .text               startup_lpc11xx.o
    0x000001b0   0x00000002   Code   RO          931    .text               c_p.l(use_no_semi.o)
    0x000001b2   0x00000002   PAD
    0x000001b4   0x0000001c   Code   RO          939    .text               c_p.l(noretval__2printf.o)
    0x000001d0   0x0000004e   Code   RO          943    .text               c_p.l(_printf_pad.o)
    0x0000021e   0x00000002   PAD
    0x00000220   0x0000006c   Code   RO          945    .text               c_p.l(_printf_dec.o)
    0x0000028c   0x00000058   Code   RO          950    .text               c_p.l(_printf_hex_int.o)
    0x000002e4   0x00000006   Code   RO         1001    .text               c_p.l(heapauxi.o)
    0x000002ea   0x00000010   Code   RO         1085    .text               c_p.l(exit.o)
    0x000002fa   0x00000002   Code   RO          722    i.reg_int_cb        m0_mpu_6050.o
    0x000002fc   0x00000004   Code   RO           56    .ARM.__at_0x02FC    startup_lpc11xx.o
    0x00000300   0x00000138   Code   RO          980    .text               c_p.l(__printf_flags_wp.o)
    0x00000438   0x00000040   Code   RO          995    .text               c_p.l(rt_memclr.o)
    0x00000478   0x0000015a   Code   RO          997    .text               c_p.l(aeabi_sdiv.o)
    0x000005d2   0x000000b0   Code   RO         1039    .text               c_p.l(_printf_intcommon.o)
    0x00000682   0x00000002   PAD
    0x00000684   0x00000028   Code   RO         1041    .text               c_p.l(_printf_char_file.o)
    0x000006ac   0x00000028   Code   RO         1044    .text               c_p.l(rtudiv10.o)
    0x000006d4   0x00000030   Code   RO         1072    .text               c_p.l(_printf_char_common.o)
    0x00000704   0x0000003e   Code   RO         1080    .text               c_p.l(sys_stackheap_outer.o)
    0x00000742   0x00000002   PAD
    0x00000744   0x00000008   Code   RO         1099    .text               c_p.l(libspace.o)
    0x0000074c   0x00000060   Code   RO          157    i.I2CEngine         i2c.o
    0x000007ac   0x00000084   Code   RO          158    i.I2CInit           i2c.o
    0x00000830   0x000001cc   Code   RO          161    i.I2C_IRQHandler    i2c.o
    0x000009fc   0x00000050   Code   RO          899    i.SER_init          serial.o
    0x00000a4c   0x00000074   Code   RO            4    i.SystemInit        system_lpc11xx.o
    0x00000ac0   0x00000048   Code   RO          767    i.TIMER32_0_IRQHandler  timer32.o
    0x00000b08   0x00000048   Code   RO          768    i.TIMER32_1_IRQHandler  timer32.o
    0x00000b50   0x0000001c   Code   RO           28    i.__ARM_common_switch8  system_lpc11xx.o
    0x00000b6c   0x0000000e   Code   RO          978    i._is_digit         c_p.l(__printf_wp.o)
    0x00000b7a   0x00000004   Code   RO          851    i._sys_exit         retarget.o
    0x00000b7e   0x00000002   PAD
    0x00000b80   0x00000030   Code   RO           65    i.configureGPIO     main.o
    0x00000bb0   0x00000058   Code   RO          769    i.delay32Ms         timer32.o
    0x00000c08   0x0000000e   Code   RO          718    i.delay_ms          m0_mpu_6050.o
    0x00000c16   0x00000002   PAD
    0x00000c18   0x00000020   Code   RO          772    i.enable_timer32    timer32.o
    0x00000c38   0x00000008   Code   RO          853    i.ferror            retarget.o
    0x00000c40   0x0000000e   Code   RO          855    i.fputc             retarget.o
    0x00000c4e   0x00000002   PAD
    0x00000c50   0x000000ac   Code   RO          720    i.i2c_read          m0_mpu_6050.o
    0x00000cfc   0x00000124   Code   RO          721    i.i2c_write         m0_mpu_6050.o
    0x00000e20   0x0000004c   Code   RO          773    i.init_timer32      timer32.o
    0x00000e6c   0x0000000c   Code   RO           67    i.interrupt         main.o
    0x00000e78   0x00000040   Code   RO           70    i.main              main.o
    0x00000eb8   0x00000080   Code   RO          216    i.mpu_configure_fifo  inv_mpu.o
    0x00000f38   0x00000128   Code   RO          233    i.mpu_init          inv_mpu.o
    0x00001060   0x000000dc   Code   RO          235    i.mpu_lp_accel_mode  inv_mpu.o
    0x0000113c   0x000001e4   Code   RO          245    i.mpu_reset_fifo    inv_mpu.o
    0x00001320   0x00000084   Code   RO          249    i.mpu_set_accel_fsr  inv_mpu.o
    0x000013a4   0x0000018c   Code   RO          250    i.mpu_set_bypass    inv_mpu.o
    0x00001530   0x00000094   Code   RO          254    i.mpu_set_gyro_fsr  inv_mpu.o
    0x000015c4   0x00000074   Code   RO          255    i.mpu_set_int_latched  inv_mpu.o
    0x00001638   0x00000084   Code   RO          257    i.mpu_set_lpf       inv_mpu.o
    0x000016bc   0x000000a8   Code   RO          258    i.mpu_set_sample_rate  inv_mpu.o
    0x00001764   0x000000e0   Code   RO          259    i.mpu_set_sensors   inv_mpu.o
    0x00001844   0x00000030   Code   RO          776    i.reset_timer32     timer32.o
    0x00001874   0x00000018   Code   RO          901    i.sendchar          serial.o
    0x0000188c   0x000000ac   Code   RO          261    i.set_int_enable    inv_mpu.o
    0x00001938   0x00000044   Code   RO           71    i.setup_MPU_6050    main.o
    0x0000197c   0x00000008   Data   RO           72    .constdata          main.o
    0x00001984   0x00000054   Data   RO          262    .constdata          inv_mpu.o
    0x000019d8   0x00000028   Data   RO          951    .constdata          c_p.l(_printf_hex_int.o)
    0x00001a00   0x00000011   Data   RO          981    .constdata          c_p.l(__printf_flags_wp.o)
    0x00001a11   0x00000003   PAD
    0x00001a14   0x00000020   Data   RO         1221    Region$$Table       anon$$obj.o


    Execution Region RW_IRAM1 (Base: 0x10000000, Size: 0x00000368, Max: 0x00001000, ABSOLUTE)

    Base Addr    Size         Type   Attr      Idx    E Section Name        Object

    0x10000000   0x00000004   Data   RW            5    .data               system_lpc11xx.o
    0x10000004   0x0000000e   Data   RW           73    .data               main.o
    0x10000012   0x00000002   PAD
    0x10000014   0x00000024   Data   RW          163    .data               i2c.o
    0x10000038   0x0000002c   Data   RW          263    .data               inv_mpu.o
    0x10000064   0x00000018   Data   RW          778    .data               timer32.o
    0x1000007c   0x00000008   Data   RW          856    .data               retarget.o
    0x10000084   0x00000080   Zero   RW          162    .bss                i2c.o
    0x10000104   0x00000060   Zero   RW         1100    .bss                c_p.l(libspace.o)
    0x10000164   0x00000004   PAD
    0x10000168   0x00000000   Zero   RW           54    HEAP                startup_lpc11xx.o
    0x10000168   0x00000200   Zero   RW           53    STACK               startup_lpc11xx.o


==============================================================================

Image component sizes


      Code (inc. data)   RO Data    RW Data    ZI Data      Debug   Object Name

       688         82          0         36        128       8155   i2c.o
      2616         84         84         44          0      12783   inv_mpu.o
       480        208          0          0          0       3257   m0_mpu_6050.o
       192         48          8         14          0       3502   main.o
        26          0          0          8          0       3011   retarget.o
       104         22          0          0          0        822   serial.o
        56         26        192          0        512        764   startup_lpc11xx.o
       144          8          0          4          0      13947   system_lpc11xx.o
       388         70          0         24          0       3602   timer32.o

    ----------------------------------------------------------------------
      4700        548        316        132        640      49843   Object Totals
         0          0         32          0          0          0   (incl. Generated)
         6          0          0          2          0          0   (incl. Padding)

    ----------------------------------------------------------------------

      Code (inc. data)   RO Data    RW Data    ZI Data      Debug   Library Member Name

         8          0          0          0          0         68   __main.o
       312          6         17          0          0         76   __printf_flags_wp.o
        14          0          0          0          0         60   __printf_wp.o
         0          0          0          0          0          0   __rtentry.o
        12          0          0          0          0          0   __rtentry2.o
         6          0          0          0          0          0   __rtentry4.o
        60          8          0          0          0          0   __scatter.o
        26          0          0          0          0          0   __scatter_copy.o
        28          0          0          0          0          0   __scatter_zi.o
        48          6          0          0          0         88   _printf_char_common.o
        40          6          0          0          0         72   _printf_char_file.o
        10          0          0          0          0          0   _printf_d.o
       108         18          0          0          0         76   _printf_dec.o
        88          4         40          0          0         72   _printf_hex_int.o
       176          0          0          0          0         84   _printf_intcommon.o
        78          0          0          0          0        100   _printf_pad.o
         2          0          0          0          0          0   _printf_percent.o
         4          0          0          0          0          0   _printf_percent_end.o
        10          0          0          0          0          0   _printf_x.o
       346          0          0          0          0         92   aeabi_sdiv.o
        16          0          0          0          0         68   exit.o
         6          0          0          0          0        136   heapauxi.o
         2          0          0          0          0          0   libinit.o
         2          0          0          0          0          0   libinit2.o
         2          0          0          0          0          0   libshutdown.o
         2          0          0          0          0          0   libshutdown2.o
         8          4          0          0         96         68   libspace.o
        28          6          0          0          0         84   noretval__2printf.o
        64          0          0          0          0        108   rt_memclr.o
         2          0          0          0          0          0   rtexit.o
        10          0          0          0          0          0   rtexit2.o
        40          0          0          0          0         60   rtudiv10.o
        62          0          0          0          0         80   sys_stackheap_outer.o
         2          0          0          0          0         68   use_no_semi.o

    ----------------------------------------------------------------------
      1632         58         60          0        100       1460   Library Totals
        10          0          3          0          4          0   (incl. Padding)

    ----------------------------------------------------------------------

      Code (inc. data)   RO Data    RW Data    ZI Data      Debug   Library Name

      1622         58         57          0         96       1460   c_p.l

    ----------------------------------------------------------------------
      1632         58         60          0        100       1460   Library Totals

    ----------------------------------------------------------------------

==============================================================================


      Code (inc. data)   RO Data    RW Data    ZI Data      Debug   

      6332        606        376        132        740      49267   Grand Totals
      6332        606        376        132        740      49267   ELF Image Totals
      6332        606        376        132          0          0   ROM Totals

==============================================================================

    Total RO  Size (Code + RO Data)                 6708 (   6.55kB)
    Total RW  Size (RW Data + ZI Data)               872 (   0.85kB)
    Total ROM Size (Code + RO Data + RW Data)       6840 (   6.68kB)

==============================================================================

